Lint & Type Check	Set up job	´╗┐2026-01-12T01:51:38.7416589Z Current runner version: '2.330.0'
Lint & Type Check	Set up job	2026-01-12T01:51:38.7441441Z ##[group]Runner Image Provisioner
Lint & Type Check	Set up job	2026-01-12T01:51:38.7442279Z Hosted Compute Agent
Lint & Type Check	Set up job	2026-01-12T01:51:38.7442836Z Version: 20251211.462
Lint & Type Check	Set up job	2026-01-12T01:51:38.7443485Z Commit: 6cbad8c2bb55d58165063d031ccabf57e2d2db61
Lint & Type Check	Set up job	2026-01-12T01:51:38.7444167Z Build Date: 2025-12-11T16:28:49Z
Lint & Type Check	Set up job	2026-01-12T01:51:38.7444812Z Worker ID: {470d2d7e-3363-4f41-81f4-8c8952cd9d54}
Lint & Type Check	Set up job	2026-01-12T01:51:38.7445416Z ##[endgroup]
Lint & Type Check	Set up job	2026-01-12T01:51:38.7446055Z ##[group]Operating System
Lint & Type Check	Set up job	2026-01-12T01:51:38.7446599Z Ubuntu
Lint & Type Check	Set up job	2026-01-12T01:51:38.7447054Z 24.04.3
Lint & Type Check	Set up job	2026-01-12T01:51:38.7447532Z LTS
Lint & Type Check	Set up job	2026-01-12T01:51:38.7447984Z ##[endgroup]
Lint & Type Check	Set up job	2026-01-12T01:51:38.7448778Z ##[group]Runner Image
Lint & Type Check	Set up job	2026-01-12T01:51:38.7449388Z Image: ubuntu-24.04
Lint & Type Check	Set up job	2026-01-12T01:51:38.7449886Z Version: 20260105.202.1
Lint & Type Check	Set up job	2026-01-12T01:51:38.7450836Z Included Software: https://github.com/actions/runner-images/blob/ubuntu24/20260105.202/images/ubuntu/Ubuntu2404-Readme.md
Lint & Type Check	Set up job	2026-01-12T01:51:38.7452223Z Image Release: https://github.com/actions/runner-images/releases/tag/ubuntu24%2F20260105.202
Lint & Type Check	Set up job	2026-01-12T01:51:38.7453351Z ##[endgroup]
Lint & Type Check	Set up job	2026-01-12T01:51:38.7454467Z ##[group]GITHUB_TOKEN Permissions
Lint & Type Check	Set up job	2026-01-12T01:51:38.7456527Z Contents: read
Lint & Type Check	Set up job	2026-01-12T01:51:38.7457220Z Metadata: read
Lint & Type Check	Set up job	2026-01-12T01:51:38.7457736Z Packages: read
Lint & Type Check	Set up job	2026-01-12T01:51:38.7458188Z ##[endgroup]
Lint & Type Check	Set up job	2026-01-12T01:51:38.7460455Z Secret source: Actions
Lint & Type Check	Set up job	2026-01-12T01:51:38.7461130Z Prepare workflow directory
Lint & Type Check	Set up job	2026-01-12T01:51:38.7776658Z Prepare all required actions
Lint & Type Check	Set up job	2026-01-12T01:51:38.7833606Z Getting action download info
Lint & Type Check	Set up job	2026-01-12T01:51:39.2340510Z Download action repository 'actions/checkout@v4' (SHA:34e114876b0b11c390a56381ad16ebd13914f8d5)
Lint & Type Check	Set up job	2026-01-12T01:51:39.3306925Z Download action repository 'pnpm/action-setup@v3' (SHA:a3252b78c470c02df07e9d59298aecedc3ccdd6d)
Lint & Type Check	Set up job	2026-01-12T01:51:39.9215610Z Download action repository 'actions/setup-node@v4' (SHA:49933ea5288caeca8642d1e84afbd3f7d6820020)
Lint & Type Check	Set up job	2026-01-12T01:51:40.1724429Z Complete job name: Lint & Type Check
Lint & Type Check	Checkout	´╗┐2026-01-12T01:51:40.2456827Z ##[group]Run actions/checkout@v4
Lint & Type Check	Checkout	2026-01-12T01:51:40.2457738Z with:
Lint & Type Check	Checkout	2026-01-12T01:51:40.2458178Z   repository: aissantos/finansix-web
Lint & Type Check	Checkout	2026-01-12T01:51:40.2459135Z   token: ***
Lint & Type Check	Checkout	2026-01-12T01:51:40.2459546Z   ssh-strict: true
Lint & Type Check	Checkout	2026-01-12T01:51:40.2459976Z   ssh-user: git
Lint & Type Check	Checkout	2026-01-12T01:51:40.2460398Z   persist-credentials: true
Lint & Type Check	Checkout	2026-01-12T01:51:40.2460898Z   clean: true
Lint & Type Check	Checkout	2026-01-12T01:51:40.2461321Z   sparse-checkout-cone-mode: true
Lint & Type Check	Checkout	2026-01-12T01:51:40.2461874Z   fetch-depth: 1
Lint & Type Check	Checkout	2026-01-12T01:51:40.2462279Z   fetch-tags: false
Lint & Type Check	Checkout	2026-01-12T01:51:40.2462718Z   show-progress: true
Lint & Type Check	Checkout	2026-01-12T01:51:40.2463145Z   lfs: false
Lint & Type Check	Checkout	2026-01-12T01:51:40.2463541Z   submodules: false
Lint & Type Check	Checkout	2026-01-12T01:51:40.2463992Z   set-safe-directory: true
Lint & Type Check	Checkout	2026-01-12T01:51:40.2464723Z ##[endgroup]
Lint & Type Check	Checkout	2026-01-12T01:51:40.3553015Z Syncing repository: aissantos/finansix-web
Lint & Type Check	Checkout	2026-01-12T01:51:40.3555958Z ##[group]Getting Git version info
Lint & Type Check	Checkout	2026-01-12T01:51:40.3557507Z Working directory is '/home/runner/work/finansix-web/finansix-web'
Lint & Type Check	Checkout	2026-01-12T01:51:40.3560027Z [command]/usr/bin/git version
Lint & Type Check	Checkout	2026-01-12T01:51:40.3631092Z git version 2.52.0
Lint & Type Check	Checkout	2026-01-12T01:51:40.3657144Z ##[endgroup]
Lint & Type Check	Checkout	2026-01-12T01:51:40.3672799Z Temporarily overriding HOME='/home/runner/work/_temp/e3c24be1-88fd-4c9f-abc6-0d9db9c0fe38' before making global git config changes
Lint & Type Check	Checkout	2026-01-12T01:51:40.3676163Z Adding repository directory to the temporary git global config as a safe directory
Lint & Type Check	Checkout	2026-01-12T01:51:40.3686175Z [command]/usr/bin/git config --global --add safe.directory /home/runner/work/finansix-web/finansix-web
Lint & Type Check	Checkout	2026-01-12T01:51:40.3725443Z Deleting the contents of '/home/runner/work/finansix-web/finansix-web'
Lint & Type Check	Checkout	2026-01-12T01:51:40.3728868Z ##[group]Initializing the repository
Lint & Type Check	Checkout	2026-01-12T01:51:40.3733881Z [command]/usr/bin/git init /home/runner/work/finansix-web/finansix-web
Lint & Type Check	Checkout	2026-01-12T01:51:40.3859995Z hint: Using 'master' as the name for the initial branch. This default branch name
Lint & Type Check	Checkout	2026-01-12T01:51:40.3861571Z hint: will change to "main" in Git 3.0. To configure the initial branch name
Lint & Type Check	Checkout	2026-01-12T01:51:40.3863739Z hint: to use in all of your new repositories, which will suppress this warning,
Lint & Type Check	Checkout	2026-01-12T01:51:40.3864794Z hint: call:
Lint & Type Check	Checkout	2026-01-12T01:51:40.3865490Z hint:
Lint & Type Check	Checkout	2026-01-12T01:51:40.3866457Z hint: 	git config --global init.defaultBranch <name>
Lint & Type Check	Checkout	2026-01-12T01:51:40.3867750Z hint:
Lint & Type Check	Checkout	2026-01-12T01:51:40.3869215Z hint: Names commonly chosen instead of 'master' are 'main', 'trunk' and
Lint & Type Check	Checkout	2026-01-12T01:51:40.3871376Z hint: 'development'. The just-created branch can be renamed via this command:
Lint & Type Check	Checkout	2026-01-12T01:51:40.3873370Z hint:
Lint & Type Check	Checkout	2026-01-12T01:51:40.3874097Z hint: 	git branch -m <name>
Lint & Type Check	Checkout	2026-01-12T01:51:40.3875241Z hint:
Lint & Type Check	Checkout	2026-01-12T01:51:40.3876550Z hint: Disable this message with "git config set advice.defaultBranchName false"
Lint & Type Check	Checkout	2026-01-12T01:51:40.3879289Z Initialized empty Git repository in /home/runner/work/finansix-web/finansix-web/.git/
Lint & Type Check	Checkout	2026-01-12T01:51:40.3882700Z [command]/usr/bin/git remote add origin https://github.com/aissantos/finansix-web
Lint & Type Check	Checkout	2026-01-12T01:51:40.3913729Z ##[endgroup]
Lint & Type Check	Checkout	2026-01-12T01:51:40.3915091Z ##[group]Disabling automatic garbage collection
Lint & Type Check	Checkout	2026-01-12T01:51:40.3918647Z [command]/usr/bin/git config --local gc.auto 0
Lint & Type Check	Checkout	2026-01-12T01:51:40.3946874Z ##[endgroup]
Lint & Type Check	Checkout	2026-01-12T01:51:40.3948205Z ##[group]Setting up auth
Lint & Type Check	Checkout	2026-01-12T01:51:40.3954614Z [command]/usr/bin/git config --local --name-only --get-regexp core\.sshCommand
Lint & Type Check	Checkout	2026-01-12T01:51:40.3985912Z [command]/usr/bin/git submodule foreach --recursive sh -c "git config --local --name-only --get-regexp 'core\.sshCommand' && git config --local --unset-all 'core.sshCommand' || :"
Lint & Type Check	Checkout	2026-01-12T01:51:40.4325951Z [command]/usr/bin/git config --local --name-only --get-regexp http\.https\:\/\/github\.com\/\.extraheader
Lint & Type Check	Checkout	2026-01-12T01:51:40.4357445Z [command]/usr/bin/git submodule foreach --recursive sh -c "git config --local --name-only --get-regexp 'http\.https\:\/\/github\.com\/\.extraheader' && git config --local --unset-all 'http.https://github.com/.extraheader' || :"
Lint & Type Check	Checkout	2026-01-12T01:51:40.4572024Z [command]/usr/bin/git config --local --name-only --get-regexp ^includeIf\.gitdir:
Lint & Type Check	Checkout	2026-01-12T01:51:40.4600656Z [command]/usr/bin/git submodule foreach --recursive git config --local --show-origin --name-only --get-regexp remote.origin.url
Lint & Type Check	Checkout	2026-01-12T01:51:40.4832338Z [command]/usr/bin/git config --local http.https://github.com/.extraheader AUTHORIZATION: basic ***
Lint & Type Check	Checkout	2026-01-12T01:51:40.4866941Z ##[endgroup]
Lint & Type Check	Checkout	2026-01-12T01:51:40.4867783Z ##[group]Fetching the repository
Lint & Type Check	Checkout	2026-01-12T01:51:40.4875816Z [command]/usr/bin/git -c protocol.version=2 fetch --no-tags --prune --no-recurse-submodules --depth=1 origin +9ea9636f1c567a73cc11ef49c117ed53b8265616:refs/remotes/origin/main
Lint & Type Check	Checkout	2026-01-12T01:51:40.9776699Z From https://github.com/aissantos/finansix-web
Lint & Type Check	Checkout	2026-01-12T01:51:40.9779846Z  * [new ref]         9ea9636f1c567a73cc11ef49c117ed53b8265616 -> origin/main
Lint & Type Check	Checkout	2026-01-12T01:51:40.9865212Z ##[endgroup]
Lint & Type Check	Checkout	2026-01-12T01:51:40.9867017Z ##[group]Determining the checkout info
Lint & Type Check	Checkout	2026-01-12T01:51:40.9868698Z ##[endgroup]
Lint & Type Check	Checkout	2026-01-12T01:51:40.9872151Z [command]/usr/bin/git sparse-checkout disable
Lint & Type Check	Checkout	2026-01-12T01:51:40.9910486Z [command]/usr/bin/git config --local --unset-all extensions.worktreeConfig
Lint & Type Check	Checkout	2026-01-12T01:51:40.9935854Z ##[group]Checking out the ref
Lint & Type Check	Checkout	2026-01-12T01:51:40.9939989Z [command]/usr/bin/git checkout --progress --force -B main refs/remotes/origin/main
Lint & Type Check	Checkout	2026-01-12T01:51:41.0115146Z Switched to a new branch 'main'
Lint & Type Check	Checkout	2026-01-12T01:51:41.0117581Z branch 'main' set up to track 'origin/main'.
Lint & Type Check	Checkout	2026-01-12T01:51:41.0126429Z ##[endgroup]
Lint & Type Check	Checkout	2026-01-12T01:51:41.0159839Z [command]/usr/bin/git log -1 --format=%H
Lint & Type Check	Checkout	2026-01-12T01:51:41.0181310Z 9ea9636f1c567a73cc11ef49c117ed53b8265616
Lint & Type Check	Debug repository	´╗┐2026-01-12T01:51:41.0392635Z ##[group]Run echo "PWD: $(pwd)"
Lint & Type Check	Debug repository	2026-01-12T01:51:41.0394176Z [36;1mecho "PWD: $(pwd)"[0m
Lint & Type Check	Debug repository	2026-01-12T01:51:41.0395688Z [36;1mecho "Listing repo root"[0m
Lint & Type Check	Debug repository	2026-01-12T01:51:41.0397273Z [36;1mls -la[0m
Lint & Type Check	Debug repository	2026-01-12T01:51:41.0398773Z [36;1mecho "Listing parent dir"[0m
Lint & Type Check	Debug repository	2026-01-12T01:51:41.0400385Z [36;1mls -la ..[0m
Lint & Type Check	Debug repository	2026-01-12T01:51:41.0401691Z [36;1mecho "Show workflow files"[0m
Lint & Type Check	Debug repository	2026-01-12T01:51:41.0403663Z [36;1mls -la .github/workflows || true[0m
Lint & Type Check	Debug repository	2026-01-12T01:51:41.0454488Z shell: /usr/bin/bash -e {0}
Lint & Type Check	Debug repository	2026-01-12T01:51:41.0456050Z ##[endgroup]
Lint & Type Check	Debug repository	2026-01-12T01:51:41.0548720Z PWD: /home/runner/work/finansix-web/finansix-web
Lint & Type Check	Debug repository	2026-01-12T01:51:41.0550028Z Listing repo root
Lint & Type Check	Debug repository	2026-01-12T01:51:41.0563188Z total 460
Lint & Type Check	Debug repository	2026-01-12T01:51:41.0564100Z drwxr-xr-x  8 runner runner   4096 Jan 12 01:51 .
Lint & Type Check	Debug repository	2026-01-12T01:51:41.0565559Z drwxr-xr-x  3 runner runner   4096 Jan 12 01:51 ..
Lint & Type Check	Debug repository	2026-01-12T01:51:41.0567526Z -rw-r--r--  1 runner runner   2247 Jan 12 01:51 .env.example
Lint & Type Check	Debug repository	2026-01-12T01:51:41.0569211Z drwxr-xr-x  7 runner runner   4096 Jan 12 01:51 .git
Lint & Type Check	Debug repository	2026-01-12T01:51:41.0570619Z drwxr-xr-x  3 runner runner   4096 Jan 12 01:51 .github
Lint & Type Check	Debug repository	2026-01-12T01:51:41.0571989Z -rw-r--r--  1 runner runner    387 Jan 12 01:51 .gitignore
Lint & Type Check	Debug repository	2026-01-12T01:51:41.0573377Z -rw-r--r--  1 runner runner   9901 Jan 12 01:51 README.md
Lint & Type Check	Debug repository	2026-01-12T01:51:41.0574725Z drwxr-xr-x  2 runner runner   4096 Jan 12 01:51 docs
Lint & Type Check	Debug repository	2026-01-12T01:51:41.0576140Z -rw-r--r--  1 runner runner   1214 Jan 12 01:51 eslint.config.js
Lint & Type Check	Debug repository	2026-01-12T01:51:41.0577822Z -rw-r--r--  1 runner runner   4245 Jan 12 01:51 index.html
Lint & Type Check	Debug repository	2026-01-12T01:51:41.0579696Z -rw-r--r--  1 runner runner   1440 Jan 12 01:51 lint_compact.txt
Lint & Type Check	Debug repository	2026-01-12T01:51:41.0581812Z -rw-r--r--  1 runner runner   5100 Jan 12 01:51 lint_current.txt
Lint & Type Check	Debug repository	2026-01-12T01:51:41.0583352Z -rw-r--r--  1 runner runner   4586 Jan 12 01:51 lint_final.txt
Lint & Type Check	Debug repository	2026-01-12T01:51:41.0584819Z -rw-r--r--  1 runner runner   6252 Jan 12 01:51 lint_full.txt
Lint & Type Check	Debug repository	2026-01-12T01:51:41.0586328Z -rw-r--r--  1 runner runner   7048 Jan 12 01:51 lint_output.txt
Lint & Type Check	Debug repository	2026-01-12T01:51:41.0587854Z -rw-r--r--  1 runner runner   2665 Jan 12 01:51 package.json
Lint & Type Check	Debug repository	2026-01-12T01:51:41.0589516Z -rw-r--r--  1 runner runner 325452 Jan 12 01:51 pnpm-lock.yaml
Lint & Type Check	Debug repository	2026-01-12T01:51:41.0591333Z -rw-r--r--  1 runner runner     18 Jan 12 01:51 pnpm-workspace.yaml
Lint & Type Check	Debug repository	2026-01-12T01:51:41.0593019Z -rw-r--r--  1 runner runner     81 Jan 12 01:51 postcss.config.js
Lint & Type Check	Debug repository	2026-01-12T01:51:41.0594576Z drwxr-xr-x  3 runner runner   4096 Jan 12 01:51 public
Lint & Type Check	Debug repository	2026-01-12T01:51:41.0596810Z drwxr-xr-x 11 runner runner   4096 Jan 12 01:51 src
Lint & Type Check	Debug repository	2026-01-12T01:51:41.0598399Z drwxr-xr-x  4 runner runner   4096 Jan 12 01:51 supabase
Lint & Type Check	Debug repository	2026-01-12T01:51:41.0599951Z -rw-r--r--  1 runner runner   3607 Jan 12 01:51 tailwind.config.ts
Lint & Type Check	Debug repository	2026-01-12T01:51:41.0601539Z -rw-r--r--  1 runner runner    629 Jan 12 01:51 tsconfig.json
Lint & Type Check	Debug repository	2026-01-12T01:51:41.0603082Z -rw-r--r--  1 runner runner    233 Jan 12 01:51 tsconfig.node.json
Lint & Type Check	Debug repository	2026-01-12T01:51:41.0604604Z -rw-r--r--  1 runner runner     95 Jan 12 01:51 vercel.json
Lint & Type Check	Debug repository	2026-01-12T01:51:41.0606098Z -rw-r--r--  1 runner runner   4277 Jan 12 01:51 vite.config.ts
Lint & Type Check	Debug repository	2026-01-12T01:51:41.0607609Z -rw-r--r--  1 runner runner    661 Jan 12 01:51 vitest.config.ts
Lint & Type Check	Debug repository	2026-01-12T01:51:41.0608960Z Listing parent dir
Lint & Type Check	Debug repository	2026-01-12T01:51:41.0609681Z total 12
Lint & Type Check	Debug repository	2026-01-12T01:51:41.0610426Z drwxr-xr-x 3 runner runner 4096 Jan 12 01:51 .
Lint & Type Check	Debug repository	2026-01-12T01:51:41.0611597Z drwxr-xr-x 6 runner runner 4096 Jan 12 01:51 ..
Lint & Type Check	Debug repository	2026-01-12T01:51:41.0612895Z drwxr-xr-x 8 runner runner 4096 Jan 12 01:51 finansix-web
Lint & Type Check	Debug repository	2026-01-12T01:51:41.0614116Z Show workflow files
Lint & Type Check	Debug repository	2026-01-12T01:51:41.0614843Z total 16
Lint & Type Check	Debug repository	2026-01-12T01:51:41.0615599Z drwxr-xr-x 2 runner runner 4096 Jan 12 01:51 .
Lint & Type Check	Debug repository	2026-01-12T01:51:41.0616790Z drwxr-xr-x 3 runner runner 4096 Jan 12 01:51 ..
Lint & Type Check	Debug repository	2026-01-12T01:51:41.0617984Z -rw-r--r-- 1 runner runner 6741 Jan 12 01:51 ci.yml
Lint & Type Check	Setup pnpm	´╗┐2026-01-12T01:51:41.0725256Z ##[group]Run pnpm/action-setup@v3
Lint & Type Check	Setup pnpm	2026-01-12T01:51:41.0726203Z with:
Lint & Type Check	Setup pnpm	2026-01-12T01:51:41.0726813Z   version: 9
Lint & Type Check	Setup pnpm	2026-01-12T01:51:41.0727471Z   dest: ~/setup-pnpm
Lint & Type Check	Setup pnpm	2026-01-12T01:51:41.0728201Z   run_install: null
Lint & Type Check	Setup pnpm	2026-01-12T01:51:41.0729096Z   package_json_file: package.json
Lint & Type Check	Setup pnpm	2026-01-12T01:51:41.0730002Z   standalone: false
Lint & Type Check	Setup pnpm	2026-01-12T01:51:41.0730712Z ##[endgroup]
Lint & Type Check	Setup pnpm	2026-01-12T01:51:41.1593501Z ##[group]Running self-installer...
Lint & Type Check	Setup pnpm	2026-01-12T01:51:41.6705444Z Progress: resolved 1, reused 0, downloaded 0, added 0
Lint & Type Check	Setup pnpm	2026-01-12T01:51:41.6790160Z Packages: +1
Lint & Type Check	Setup pnpm	2026-01-12T01:51:41.6791539Z +
Lint & Type Check	Setup pnpm	2026-01-12T01:51:42.0834799Z Progress: resolved 1, reused 0, downloaded 1, added 1, done
Lint & Type Check	Setup pnpm	2026-01-12T01:51:42.1079647Z 
Lint & Type Check	Setup pnpm	2026-01-12T01:51:42.1080381Z dependencies:
Lint & Type Check	Setup pnpm	2026-01-12T01:51:42.1081299Z + pnpm 9.15.9 (10.28.0 is available)
Lint & Type Check	Setup pnpm	2026-01-12T01:51:42.1082036Z 
Lint & Type Check	Setup pnpm	2026-01-12T01:51:42.1114329Z Done in 788ms
Lint & Type Check	Setup pnpm	2026-01-12T01:51:42.1284092Z ##[endgroup]
Lint & Type Check	Setup pnpm	2026-01-12T01:51:42.1287189Z Installation Completed!
Lint & Type Check	Setup Node.js	´╗┐2026-01-12T01:51:42.1576260Z ##[group]Run actions/setup-node@v4
Lint & Type Check	Setup Node.js	2026-01-12T01:51:42.1577292Z with:
Lint & Type Check	Setup Node.js	2026-01-12T01:51:42.1577992Z   node-version: 20
Lint & Type Check	Setup Node.js	2026-01-12T01:51:42.1578956Z   cache: pnpm
Lint & Type Check	Setup Node.js	2026-01-12T01:51:42.1579711Z   always-auth: false
Lint & Type Check	Setup Node.js	2026-01-12T01:51:42.1580516Z   check-latest: false
Lint & Type Check	Setup Node.js	2026-01-12T01:51:42.1581597Z   token: ***
Lint & Type Check	Setup Node.js	2026-01-12T01:51:42.1582307Z env:
Lint & Type Check	Setup Node.js	2026-01-12T01:51:42.1583182Z   PNPM_HOME: /home/runner/setup-pnpm/node_modules/.bin
Lint & Type Check	Setup Node.js	2026-01-12T01:51:42.1584356Z ##[endgroup]
Lint & Type Check	Setup Node.js	2026-01-12T01:51:42.3798861Z Found in cache @ /opt/hostedtoolcache/node/20.19.6/x64
Lint & Type Check	Setup Node.js	2026-01-12T01:51:42.3803688Z ##[group]Environment details
Lint & Type Check	Setup Node.js	2026-01-12T01:51:45.6640995Z node: v20.19.6
Lint & Type Check	Setup Node.js	2026-01-12T01:51:45.6641474Z npm: 10.8.2
Lint & Type Check	Setup Node.js	2026-01-12T01:51:45.6641766Z yarn: 1.22.22
Lint & Type Check	Setup Node.js	2026-01-12T01:51:45.6643899Z ##[endgroup]
Lint & Type Check	Setup Node.js	2026-01-12T01:51:45.6668040Z [command]/home/runner/setup-pnpm/node_modules/.bin/pnpm store path --silent
Lint & Type Check	Setup Node.js	2026-01-12T01:51:46.2245005Z /home/runner/setup-pnpm/node_modules/.bin/store/v3
Lint & Type Check	Setup Node.js	2026-01-12T01:51:46.5400474Z Cache hit for: node-cache-Linux-x64-pnpm-7301bbbaaf00f964542bd8e294dc6b2a959aacd4a12931592a972d10f3ff6d4d
Lint & Type Check	Setup Node.js	2026-01-12T01:51:47.8332343Z Received 0 of 93219167 (0.0%), 0.0 MBs/sec
Lint & Type Check	Setup Node.js	2026-01-12T01:51:48.5988589Z Received 93219167 of 93219167 (100.0%), 50.3 MBs/sec
Lint & Type Check	Setup Node.js	2026-01-12T01:51:48.5990297Z Cache Size: ~89 MB (93219167 B)
Lint & Type Check	Setup Node.js	2026-01-12T01:51:48.6113526Z [command]/usr/bin/tar -xf /home/runner/work/_temp/db6b2848-b2af-48db-96d3-5b895ea1f1f5/cache.tzst -P -C /home/runner/work/finansix-web/finansix-web --use-compress-program unzstd
Lint & Type Check	Setup Node.js	2026-01-12T01:51:50.3166467Z Cache restored successfully
Lint & Type Check	Setup Node.js	2026-01-12T01:51:50.3351342Z Cache restored from key: node-cache-Linux-x64-pnpm-7301bbbaaf00f964542bd8e294dc6b2a959aacd4a12931592a972d10f3ff6d4d
Lint & Type Check	Install dependencies	´╗┐2026-01-12T01:51:50.3475750Z ##[group]Run pnpm install --frozen-lockfile
Lint & Type Check	Install dependencies	2026-01-12T01:51:50.3476142Z [36;1mpnpm install --frozen-lockfile[0m
Lint & Type Check	Install dependencies	2026-01-12T01:51:50.3517998Z shell: /usr/bin/bash -e {0}
Lint & Type Check	Install dependencies	2026-01-12T01:51:50.3518438Z env:
Lint & Type Check	Install dependencies	2026-01-12T01:51:50.3518693Z   PNPM_HOME: /home/runner/setup-pnpm/node_modules/.bin
Lint & Type Check	Install dependencies	2026-01-12T01:51:50.3519001Z ##[endgroup]
Lint & Type Check	Install dependencies	2026-01-12T01:51:50.8318792Z Lockfile is up to date, resolution step is skipped
Lint & Type Check	Install dependencies	2026-01-12T01:51:50.9232664Z Progress: resolved 1, reused 0, downloaded 0, added 0
Lint & Type Check	Install dependencies	2026-01-12T01:51:51.0961267Z Packages: +921
Lint & Type Check	Install dependencies	2026-01-12T01:51:51.0963102Z ++++++++++++++++++++++++++++++++++++++++++++++++++++++++++++++++++++++++++++++++
Lint & Type Check	Install dependencies	2026-01-12T01:51:51.9236972Z Progress: resolved 921, reused 921, downloaded 0, added 148
Lint & Type Check	Install dependencies	2026-01-12T01:51:52.4387917Z Progress: resolved 921, reused 921, downloaded 0, added 921, done
Lint & Type Check	Install dependencies	2026-01-12T01:51:53.4252511Z 
Lint & Type Check	Install dependencies	2026-01-12T01:51:53.4253113Z dependencies:
Lint & Type Check	Install dependencies	2026-01-12T01:51:53.4253601Z + @hookform/resolvers 3.10.0
Lint & Type Check	Install dependencies	2026-01-12T01:51:53.4254201Z + @radix-ui/react-alert-dialog 1.1.15
Lint & Type Check	Install dependencies	2026-01-12T01:51:53.4254947Z + @radix-ui/react-dialog 1.1.15
Lint & Type Check	Install dependencies	2026-01-12T01:51:53.4255619Z + @radix-ui/react-dropdown-menu 2.1.16
Lint & Type Check	Install dependencies	2026-01-12T01:51:53.4256317Z + @radix-ui/react-select 2.2.6
Lint & Type Check	Install dependencies	2026-01-12T01:51:53.4256897Z + @radix-ui/react-slot 1.2.4
Lint & Type Check	Install dependencies	2026-01-12T01:51:53.4257465Z + @radix-ui/react-switch 1.2.6
Lint & Type Check	Install dependencies	2026-01-12T01:51:53.4258016Z + @radix-ui/react-tabs 1.1.13
Lint & Type Check	Install dependencies	2026-01-12T01:51:53.4258898Z + @radix-ui/react-toast 1.2.15
Lint & Type Check	Install dependencies	2026-01-12T01:51:53.4259458Z + @sentry/react 7.120.4
Lint & Type Check	Install dependencies	2026-01-12T01:51:53.4259955Z + @sentry/tracing 7.120.4
Lint & Type Check	Install dependencies	2026-01-12T01:51:53.4260498Z + @supabase/supabase-js 2.89.0
Lint & Type Check	Install dependencies	2026-01-12T01:51:53.4261234Z + @tanstack/query-sync-storage-persister 5.90.18
Lint & Type Check	Install dependencies	2026-01-12T01:51:53.4262030Z + @tanstack/react-query 5.90.16
Lint & Type Check	Install dependencies	2026-01-12T01:51:53.4262778Z + @tanstack/react-query-persist-client 5.90.18
Lint & Type Check	Install dependencies	2026-01-12T01:51:53.4263621Z + @tanstack/react-virtual 3.13.18
Lint & Type Check	Install dependencies	2026-01-12T01:51:53.4264682Z + class-variance-authority 0.7.1
Lint & Type Check	Install dependencies	2026-01-12T01:51:53.4265132Z + clsx 2.1.1
Lint & Type Check	Install dependencies	2026-01-12T01:51:53.4265483Z + date-fns 3.6.0
Lint & Type Check	Install dependencies	2026-01-12T01:51:53.4265918Z + framer-motion 11.18.2
Lint & Type Check	Install dependencies	2026-01-12T01:51:53.4266338Z + lucide-react 0.441.0
Lint & Type Check	Install dependencies	2026-01-12T01:51:53.4266710Z + react 18.3.1
Lint & Type Check	Install dependencies	2026-01-12T01:51:53.4267063Z + react-dom 18.3.1
Lint & Type Check	Install dependencies	2026-01-12T01:51:53.4267442Z + react-hook-form 7.70.0
Lint & Type Check	Install dependencies	2026-01-12T01:51:53.4267929Z + react-joyride 2.9.3
Lint & Type Check	Install dependencies	2026-01-12T01:51:53.4268585Z + react-router-dom 6.30.2
Lint & Type Check	Install dependencies	2026-01-12T01:51:53.4269037Z + recharts 2.15.4
Lint & Type Check	Install dependencies	2026-01-12T01:51:53.4269440Z + tailwind-merge 2.6.0
Lint & Type Check	Install dependencies	2026-01-12T01:51:53.4269887Z + tailwindcss-animate 1.0.7
Lint & Type Check	Install dependencies	2026-01-12T01:51:53.4270359Z + workbox-window 7.4.0
Lint & Type Check	Install dependencies	2026-01-12T01:51:53.4270733Z + zod 3.25.76
Lint & Type Check	Install dependencies	2026-01-12T01:51:53.4271086Z + zustand 4.5.7
Lint & Type Check	Install dependencies	2026-01-12T01:51:53.4271325Z 
Lint & Type Check	Install dependencies	2026-01-12T01:51:53.4271486Z devDependencies:
Lint & Type Check	Install dependencies	2026-01-12T01:51:53.4271885Z + @eslint/js 9.39.2
Lint & Type Check	Install dependencies	2026-01-12T01:51:53.4272382Z + @tanstack/react-query-devtools 5.91.2
Lint & Type Check	Install dependencies	2026-01-12T01:51:53.4272939Z + @testing-library/jest-dom 6.9.1
Lint & Type Check	Install dependencies	2026-01-12T01:51:53.4273492Z + @testing-library/react 16.3.1
Lint & Type Check	Install dependencies	2026-01-12T01:51:53.4273950Z + @types/node 22.19.3
Lint & Type Check	Install dependencies	2026-01-12T01:51:53.4274376Z + @types/react 18.3.27
Lint & Type Check	Install dependencies	2026-01-12T01:51:53.4274768Z + @types/react-dom 18.3.7
Lint & Type Check	Install dependencies	2026-01-12T01:51:53.4275209Z + @vitejs/plugin-react 4.7.0
Lint & Type Check	Install dependencies	2026-01-12T01:51:53.4275656Z + @vitest/coverage-v8 2.1.9
Lint & Type Check	Install dependencies	2026-01-12T01:51:53.4276069Z + autoprefixer 10.4.23
Lint & Type Check	Install dependencies	2026-01-12T01:51:53.4276418Z + eslint 9.39.2
Lint & Type Check	Install dependencies	2026-01-12T01:51:53.4276923Z + eslint-plugin-react-hooks 5.2.0
Lint & Type Check	Install dependencies	2026-01-12T01:51:53.4277497Z + eslint-plugin-react-refresh 0.4.26
Lint & Type Check	Install dependencies	2026-01-12T01:51:53.4277979Z + globals 15.15.0
Lint & Type Check	Install dependencies	2026-01-12T01:51:53.4278488Z + jsdom 25.0.1
Lint & Type Check	Install dependencies	2026-01-12T01:51:53.4278845Z + postcss 8.5.6
Lint & Type Check	Install dependencies	2026-01-12T01:51:53.4279298Z + rollup-plugin-visualizer 5.14.0
Lint & Type Check	Install dependencies	2026-01-12T01:51:53.4279739Z + supabase 2.71.0
Lint & Type Check	Install dependencies	2026-01-12T01:51:53.4280086Z + tailwindcss 3.4.19
Lint & Type Check	Install dependencies	2026-01-12T01:51:53.4280459Z + typescript 5.9.3
Lint & Type Check	Install dependencies	2026-01-12T01:51:53.4280843Z + typescript-eslint 8.52.0
Lint & Type Check	Install dependencies	2026-01-12T01:51:53.4281215Z + vite 5.4.21
Lint & Type Check	Install dependencies	2026-01-12T01:51:53.4281574Z + vite-plugin-pwa 0.19.8
Lint & Type Check	Install dependencies	2026-01-12T01:51:53.4281942Z + vitest 2.1.9
Lint & Type Check	Install dependencies	2026-01-12T01:51:53.4282284Z + workbox-cli 7.4.0
Lint & Type Check	Install dependencies	2026-01-12T01:51:53.4282844Z 
Lint & Type Check	Install dependencies	2026-01-12T01:51:53.4283378Z The following dependencies have build scripts that were ignored: esbuild
Lint & Type Check	Install dependencies	2026-01-12T01:51:53.4285029Z To allow the execution of build scripts for these packages, add their names to "pnpm.onlyBuiltDependencies" in your "package.json", then run "pnpm rebuild"
Lint & Type Check	Install dependencies	2026-01-12T01:51:53.4286007Z 
Lint & Type Check	Install dependencies	2026-01-12T01:51:54.0658668Z Done in 3.6s using pnpm v9.15.9
Lint & Type Check	Run ESLint	´╗┐2026-01-12T01:51:54.0834889Z ##[group]Run pnpm lint
Lint & Type Check	Run ESLint	2026-01-12T01:51:54.0835157Z [36;1mpnpm lint[0m
Lint & Type Check	Run ESLint	2026-01-12T01:51:54.0868043Z shell: /usr/bin/bash -e {0}
Lint & Type Check	Run ESLint	2026-01-12T01:51:54.0868491Z env:
Lint & Type Check	Run ESLint	2026-01-12T01:51:54.0868767Z   PNPM_HOME: /home/runner/setup-pnpm/node_modules/.bin
Lint & Type Check	Run ESLint	2026-01-12T01:51:54.0869060Z ##[endgroup]
Lint & Type Check	Run ESLint	2026-01-12T01:51:54.4804631Z 
Lint & Type Check	Run ESLint	2026-01-12T01:51:54.4805588Z > finansix-web@2.0.0 lint /home/runner/work/finansix-web/finansix-web
Lint & Type Check	Run ESLint	2026-01-12T01:51:54.4806565Z > eslint . --ext .ts,.tsx --report-unused-disable-directives --max-warnings 0
Lint & Type Check	Run ESLint	2026-01-12T01:51:54.4806980Z 
Lint & Type Check	Run TypeScript type check	´╗┐2026-01-12T01:51:57.4903479Z ##[group]Run pnpm typecheck
Lint & Type Check	Run TypeScript type check	2026-01-12T01:51:57.4903776Z [36;1mpnpm typecheck[0m
Lint & Type Check	Run TypeScript type check	2026-01-12T01:51:57.4936061Z shell: /usr/bin/bash -e {0}
Lint & Type Check	Run TypeScript type check	2026-01-12T01:51:57.4936296Z env:
Lint & Type Check	Run TypeScript type check	2026-01-12T01:51:57.4936533Z   PNPM_HOME: /home/runner/setup-pnpm/node_modules/.bin
Lint & Type Check	Run TypeScript type check	2026-01-12T01:51:57.4936852Z ##[endgroup]
Lint & Type Check	Run TypeScript type check	2026-01-12T01:51:57.8750520Z 
Lint & Type Check	Run TypeScript type check	2026-01-12T01:51:57.8751375Z > finansix-web@2.0.0 typecheck /home/runner/work/finansix-web/finansix-web
Lint & Type Check	Run TypeScript type check	2026-01-12T01:51:57.8751950Z > tsc --noEmit
Lint & Type Check	Run TypeScript type check	2026-01-12T01:51:57.8752117Z 
Lint & Type Check	Post Setup Node.js	´╗┐2026-01-12T01:52:07.4381413Z Post job cleanup.
Lint & Type Check	Post Setup Node.js	2026-01-12T01:52:07.5992861Z Cache hit occurred on the primary key node-cache-Linux-x64-pnpm-7301bbbaaf00f964542bd8e294dc6b2a959aacd4a12931592a972d10f3ff6d4d, not saving cache.
Lint & Type Check	Post Setup pnpm	´╗┐2026-01-12T01:52:07.6083505Z Post job cleanup.
Lint & Type Check	Post Setup pnpm	2026-01-12T01:52:07.6934127Z Pruning is unnecessary.
Lint & Type Check	Post Checkout	´╗┐2026-01-12T01:52:07.7045219Z Post job cleanup.
Lint & Type Check	Post Checkout	2026-01-12T01:52:07.8058738Z [command]/usr/bin/git version
Lint & Type Check	Post Checkout	2026-01-12T01:52:07.8094413Z git version 2.52.0
Lint & Type Check	Post Checkout	2026-01-12T01:52:07.8137999Z Temporarily overriding HOME='/home/runner/work/_temp/cca7df28-f5cb-42cb-b120-eebcb6959e8e' before making global git config changes
Lint & Type Check	Post Checkout	2026-01-12T01:52:07.8139724Z Adding repository directory to the temporary git global config as a safe directory
Lint & Type Check	Post Checkout	2026-01-12T01:52:07.8151629Z [command]/usr/bin/git config --global --add safe.directory /home/runner/work/finansix-web/finansix-web
Lint & Type Check	Post Checkout	2026-01-12T01:52:07.8185957Z [command]/usr/bin/git config --local --name-only --get-regexp core\.sshCommand
Lint & Type Check	Post Checkout	2026-01-12T01:52:07.8217122Z [command]/usr/bin/git submodule foreach --recursive sh -c "git config --local --name-only --get-regexp 'core\.sshCommand' && git config --local --unset-all 'core.sshCommand' || :"
Lint & Type Check	Post Checkout	2026-01-12T01:52:07.8441034Z [command]/usr/bin/git config --local --name-only --get-regexp http\.https\:\/\/github\.com\/\.extraheader
Lint & Type Check	Post Checkout	2026-01-12T01:52:07.8461433Z http.https://github.com/.extraheader
Lint & Type Check	Post Checkout	2026-01-12T01:52:07.8473142Z [command]/usr/bin/git config --local --unset-all http.https://github.com/.extraheader
Lint & Type Check	Post Checkout	2026-01-12T01:52:07.8502418Z [command]/usr/bin/git submodule foreach --recursive sh -c "git config --local --name-only --get-regexp 'http\.https\:\/\/github\.com\/\.extraheader' && git config --local --unset-all 'http.https://github.com/.extraheader' || :"
Lint & Type Check	Post Checkout	2026-01-12T01:52:07.8716559Z [command]/usr/bin/git config --local --name-only --get-regexp ^includeIf\.gitdir:
Lint & Type Check	Post Checkout	2026-01-12T01:52:07.8747453Z [command]/usr/bin/git submodule foreach --recursive git config --local --show-origin --name-only --get-regexp remote.origin.url
Lint & Type Check	Complete job	´╗┐2026-01-12T01:52:07.9067417Z Cleaning up orphan processes
Unit Tests	Set up job	´╗┐2026-01-12T01:51:38.5329187Z Current runner version: '2.330.0'
Unit Tests	Set up job	2026-01-12T01:51:38.5355392Z ##[group]Runner Image Provisioner
Unit Tests	Set up job	2026-01-12T01:51:38.5356194Z Hosted Compute Agent
Unit Tests	Set up job	2026-01-12T01:51:38.5356862Z Version: 20251211.462
Unit Tests	Set up job	2026-01-12T01:51:38.5357519Z Commit: 6cbad8c2bb55d58165063d031ccabf57e2d2db61
Unit Tests	Set up job	2026-01-12T01:51:38.5358186Z Build Date: 2025-12-11T16:28:49Z
Unit Tests	Set up job	2026-01-12T01:51:38.5358900Z Worker ID: {ed3514de-61a1-4200-8106-dc37a4fd0e08}
Unit Tests	Set up job	2026-01-12T01:51:38.5359548Z ##[endgroup]
Unit Tests	Set up job	2026-01-12T01:51:38.5360079Z ##[group]Operating System
Unit Tests	Set up job	2026-01-12T01:51:38.5360642Z Ubuntu
Unit Tests	Set up job	2026-01-12T01:51:38.5361136Z 24.04.3
Unit Tests	Set up job	2026-01-12T01:51:38.5361624Z LTS
Unit Tests	Set up job	2026-01-12T01:51:38.5362093Z ##[endgroup]
Unit Tests	Set up job	2026-01-12T01:51:38.5362596Z ##[group]Runner Image
Unit Tests	Set up job	2026-01-12T01:51:38.5363101Z Image: ubuntu-24.04
Unit Tests	Set up job	2026-01-12T01:51:38.5363650Z Version: 20260105.202.1
Unit Tests	Set up job	2026-01-12T01:51:38.5364938Z Included Software: https://github.com/actions/runner-images/blob/ubuntu24/20260105.202/images/ubuntu/Ubuntu2404-Readme.md
Unit Tests	Set up job	2026-01-12T01:51:38.5366432Z Image Release: https://github.com/actions/runner-images/releases/tag/ubuntu24%2F20260105.202
Unit Tests	Set up job	2026-01-12T01:51:38.5367672Z ##[endgroup]
Unit Tests	Set up job	2026-01-12T01:51:38.5368737Z ##[group]GITHUB_TOKEN Permissions
Unit Tests	Set up job	2026-01-12T01:51:38.5370933Z Contents: read
Unit Tests	Set up job	2026-01-12T01:51:38.5371471Z Metadata: read
Unit Tests	Set up job	2026-01-12T01:51:38.5371968Z Packages: read
Unit Tests	Set up job	2026-01-12T01:51:38.5372625Z ##[endgroup]
Unit Tests	Set up job	2026-01-12T01:51:38.5374896Z Secret source: Actions
Unit Tests	Set up job	2026-01-12T01:51:38.5375860Z Prepare workflow directory
Unit Tests	Set up job	2026-01-12T01:51:38.5709510Z Prepare all required actions
Unit Tests	Set up job	2026-01-12T01:51:38.5749663Z Getting action download info
Unit Tests	Set up job	2026-01-12T01:51:38.9508661Z Download action repository 'actions/checkout@v4' (SHA:34e114876b0b11c390a56381ad16ebd13914f8d5)
Unit Tests	Set up job	2026-01-12T01:51:39.0602041Z Download action repository 'pnpm/action-setup@v3' (SHA:a3252b78c470c02df07e9d59298aecedc3ccdd6d)
Unit Tests	Set up job	2026-01-12T01:51:39.6417075Z Download action repository 'actions/setup-node@v4' (SHA:49933ea5288caeca8642d1e84afbd3f7d6820020)
Unit Tests	Set up job	2026-01-12T01:51:39.7351261Z Download action repository 'codecov/codecov-action@v4' (SHA:b9fd7d16f6d7d1b5d2bec1a2887e65ceed900238)
Unit Tests	Set up job	2026-01-12T01:51:40.3888497Z Complete job name: Unit Tests
Unit Tests	Checkout	´╗┐2026-01-12T01:51:40.4734764Z ##[group]Run actions/checkout@v4
Unit Tests	Checkout	2026-01-12T01:51:40.4736266Z with:
Unit Tests	Checkout	2026-01-12T01:51:40.4737042Z   repository: aissantos/finansix-web
Unit Tests	Checkout	2026-01-12T01:51:40.4738356Z   token: ***
Unit Tests	Checkout	2026-01-12T01:51:40.4739087Z   ssh-strict: true
Unit Tests	Checkout	2026-01-12T01:51:40.4739856Z   ssh-user: git
Unit Tests	Checkout	2026-01-12T01:51:40.4740628Z   persist-credentials: true
Unit Tests	Checkout	2026-01-12T01:51:40.4741510Z   clean: true
Unit Tests	Checkout	2026-01-12T01:51:40.4742288Z   sparse-checkout-cone-mode: true
Unit Tests	Checkout	2026-01-12T01:51:40.4743242Z   fetch-depth: 1
Unit Tests	Checkout	2026-01-12T01:51:40.4744016Z   fetch-tags: false
Unit Tests	Checkout	2026-01-12T01:51:40.4744960Z   show-progress: true
Unit Tests	Checkout	2026-01-12T01:51:40.4745753Z   lfs: false
Unit Tests	Checkout	2026-01-12T01:51:40.4746484Z   submodules: false
Unit Tests	Checkout	2026-01-12T01:51:40.4747282Z   set-safe-directory: true
Unit Tests	Checkout	2026-01-12T01:51:40.4748412Z ##[endgroup]
Unit Tests	Checkout	2026-01-12T01:51:40.5891545Z Syncing repository: aissantos/finansix-web
Unit Tests	Checkout	2026-01-12T01:51:40.5895874Z ##[group]Getting Git version info
Unit Tests	Checkout	2026-01-12T01:51:40.5898245Z Working directory is '/home/runner/work/finansix-web/finansix-web'
Unit Tests	Checkout	2026-01-12T01:51:40.5901691Z [command]/usr/bin/git version
Unit Tests	Checkout	2026-01-12T01:51:40.5990149Z git version 2.52.0
Unit Tests	Checkout	2026-01-12T01:51:40.6020425Z ##[endgroup]
Unit Tests	Checkout	2026-01-12T01:51:40.6034675Z Temporarily overriding HOME='/home/runner/work/_temp/ce0c0117-6eed-47ee-990c-bc0ad88e9f89' before making global git config changes
Unit Tests	Checkout	2026-01-12T01:51:40.6039621Z Adding repository directory to the temporary git global config as a safe directory
Unit Tests	Checkout	2026-01-12T01:51:40.6050148Z [command]/usr/bin/git config --global --add safe.directory /home/runner/work/finansix-web/finansix-web
Unit Tests	Checkout	2026-01-12T01:51:40.6095116Z Deleting the contents of '/home/runner/work/finansix-web/finansix-web'
Unit Tests	Checkout	2026-01-12T01:51:40.6098915Z ##[group]Initializing the repository
Unit Tests	Checkout	2026-01-12T01:51:40.6103995Z [command]/usr/bin/git init /home/runner/work/finansix-web/finansix-web
Unit Tests	Checkout	2026-01-12T01:51:40.6224875Z hint: Using 'master' as the name for the initial branch. This default branch name
Unit Tests	Checkout	2026-01-12T01:51:40.6227761Z hint: will change to "main" in Git 3.0. To configure the initial branch name
Unit Tests	Checkout	2026-01-12T01:51:40.6230307Z hint: to use in all of your new repositories, which will suppress this warning,
Unit Tests	Checkout	2026-01-12T01:51:40.6232730Z hint: call:
Unit Tests	Checkout	2026-01-12T01:51:40.6233906Z hint:
Unit Tests	Checkout	2026-01-12T01:51:40.6235608Z hint: 	git config --global init.defaultBranch <name>
Unit Tests	Checkout	2026-01-12T01:51:40.6237515Z hint:
Unit Tests	Checkout	2026-01-12T01:51:40.6239240Z hint: Names commonly chosen instead of 'master' are 'main', 'trunk' and
Unit Tests	Checkout	2026-01-12T01:51:40.6242318Z hint: 'development'. The just-created branch can be renamed via this command:
Unit Tests	Checkout	2026-01-12T01:51:40.6244947Z hint:
Unit Tests	Checkout	2026-01-12T01:51:40.6246167Z hint: 	git branch -m <name>
Unit Tests	Checkout	2026-01-12T01:51:40.6247504Z hint:
Unit Tests	Checkout	2026-01-12T01:51:40.6249345Z hint: Disable this message with "git config set advice.defaultBranchName false"
Unit Tests	Checkout	2026-01-12T01:51:40.6251426Z Initialized empty Git repository in /home/runner/work/finansix-web/finansix-web/.git/
Unit Tests	Checkout	2026-01-12T01:51:40.6255357Z [command]/usr/bin/git remote add origin https://github.com/aissantos/finansix-web
Unit Tests	Checkout	2026-01-12T01:51:40.6281570Z ##[endgroup]
Unit Tests	Checkout	2026-01-12T01:51:40.6287196Z ##[group]Disabling automatic garbage collection
Unit Tests	Checkout	2026-01-12T01:51:40.6288519Z [command]/usr/bin/git config --local gc.auto 0
Unit Tests	Checkout	2026-01-12T01:51:40.6317867Z ##[endgroup]
Unit Tests	Checkout	2026-01-12T01:51:40.6320044Z ##[group]Setting up auth
Unit Tests	Checkout	2026-01-12T01:51:40.6325844Z [command]/usr/bin/git config --local --name-only --get-regexp core\.sshCommand
Unit Tests	Checkout	2026-01-12T01:51:40.6359251Z [command]/usr/bin/git submodule foreach --recursive sh -c "git config --local --name-only --get-regexp 'core\.sshCommand' && git config --local --unset-all 'core.sshCommand' || :"
Unit Tests	Checkout	2026-01-12T01:51:40.6715532Z [command]/usr/bin/git config --local --name-only --get-regexp http\.https\:\/\/github\.com\/\.extraheader
Unit Tests	Checkout	2026-01-12T01:51:40.6749793Z [command]/usr/bin/git submodule foreach --recursive sh -c "git config --local --name-only --get-regexp 'http\.https\:\/\/github\.com\/\.extraheader' && git config --local --unset-all 'http.https://github.com/.extraheader' || :"
Unit Tests	Checkout	2026-01-12T01:51:40.6967818Z [command]/usr/bin/git config --local --name-only --get-regexp ^includeIf\.gitdir:
Unit Tests	Checkout	2026-01-12T01:51:40.6999404Z [command]/usr/bin/git submodule foreach --recursive git config --local --show-origin --name-only --get-regexp remote.origin.url
Unit Tests	Checkout	2026-01-12T01:51:40.7239994Z [command]/usr/bin/git config --local http.https://github.com/.extraheader AUTHORIZATION: basic ***
Unit Tests	Checkout	2026-01-12T01:51:40.7275655Z ##[endgroup]
Unit Tests	Checkout	2026-01-12T01:51:40.7277995Z ##[group]Fetching the repository
Unit Tests	Checkout	2026-01-12T01:51:40.7287053Z [command]/usr/bin/git -c protocol.version=2 fetch --no-tags --prune --no-recurse-submodules --depth=1 origin +9ea9636f1c567a73cc11ef49c117ed53b8265616:refs/remotes/origin/main
Unit Tests	Checkout	2026-01-12T01:51:41.1413721Z From https://github.com/aissantos/finansix-web
Unit Tests	Checkout	2026-01-12T01:51:41.1416500Z  * [new ref]         9ea9636f1c567a73cc11ef49c117ed53b8265616 -> origin/main
Unit Tests	Checkout	2026-01-12T01:51:41.1447215Z ##[endgroup]
Unit Tests	Checkout	2026-01-12T01:51:41.1448110Z ##[group]Determining the checkout info
Unit Tests	Checkout	2026-01-12T01:51:41.1449711Z ##[endgroup]
Unit Tests	Checkout	2026-01-12T01:51:41.1455312Z [command]/usr/bin/git sparse-checkout disable
Unit Tests	Checkout	2026-01-12T01:51:41.1496228Z [command]/usr/bin/git config --local --unset-all extensions.worktreeConfig
Unit Tests	Checkout	2026-01-12T01:51:41.1521463Z ##[group]Checking out the ref
Unit Tests	Checkout	2026-01-12T01:51:41.1525878Z [command]/usr/bin/git checkout --progress --force -B main refs/remotes/origin/main
Unit Tests	Checkout	2026-01-12T01:51:41.1704126Z Switched to a new branch 'main'
Unit Tests	Checkout	2026-01-12T01:51:41.1706947Z branch 'main' set up to track 'origin/main'.
Unit Tests	Checkout	2026-01-12T01:51:41.1714077Z ##[endgroup]
Unit Tests	Checkout	2026-01-12T01:51:41.1750783Z [command]/usr/bin/git log -1 --format=%H
Unit Tests	Checkout	2026-01-12T01:51:41.1772467Z 9ea9636f1c567a73cc11ef49c117ed53b8265616
Unit Tests	Debug repository	´╗┐2026-01-12T01:51:41.1958030Z ##[group]Run echo "PWD: $(pwd)"
Unit Tests	Debug repository	2026-01-12T01:51:41.1958506Z [36;1mecho "PWD: $(pwd)"[0m
Unit Tests	Debug repository	2026-01-12T01:51:41.1958869Z [36;1mecho "Listing repo root"[0m
Unit Tests	Debug repository	2026-01-12T01:51:41.1959208Z [36;1mls -la[0m
Unit Tests	Debug repository	2026-01-12T01:51:41.1959509Z [36;1mecho "Listing parent dir"[0m
Unit Tests	Debug repository	2026-01-12T01:51:41.1960042Z [36;1mls -la ..[0m
Unit Tests	Debug repository	2026-01-12T01:51:41.1960352Z [36;1mecho "Show workflow files"[0m
Unit Tests	Debug repository	2026-01-12T01:51:41.1960709Z [36;1mls -la .github/workflows || true[0m
Unit Tests	Debug repository	2026-01-12T01:51:41.1998039Z shell: /usr/bin/bash -e {0}
Unit Tests	Debug repository	2026-01-12T01:51:41.1998421Z ##[endgroup]
Unit Tests	Debug repository	2026-01-12T01:51:41.2075072Z PWD: /home/runner/work/finansix-web/finansix-web
Unit Tests	Debug repository	2026-01-12T01:51:41.2075814Z Listing repo root
Unit Tests	Debug repository	2026-01-12T01:51:41.2089570Z total 460
Unit Tests	Debug repository	2026-01-12T01:51:41.2090107Z drwxr-xr-x  8 runner runner   4096 Jan 12 01:51 .
Unit Tests	Debug repository	2026-01-12T01:51:41.2090813Z drwxr-xr-x  3 runner runner   4096 Jan 12 01:51 ..
Unit Tests	Debug repository	2026-01-12T01:51:41.2091346Z -rw-r--r--  1 runner runner   2247 Jan 12 01:51 .env.example
Unit Tests	Debug repository	2026-01-12T01:51:41.2092017Z drwxr-xr-x  7 runner runner   4096 Jan 12 01:51 .git
Unit Tests	Debug repository	2026-01-12T01:51:41.2092574Z drwxr-xr-x  3 runner runner   4096 Jan 12 01:51 .github
Unit Tests	Debug repository	2026-01-12T01:51:41.2093390Z -rw-r--r--  1 runner runner    387 Jan 12 01:51 .gitignore
Unit Tests	Debug repository	2026-01-12T01:51:41.2094138Z -rw-r--r--  1 runner runner   9901 Jan 12 01:51 README.md
Unit Tests	Debug repository	2026-01-12T01:51:41.2094843Z drwxr-xr-x  2 runner runner   4096 Jan 12 01:51 docs
Unit Tests	Debug repository	2026-01-12T01:51:41.2095303Z -rw-r--r--  1 runner runner   1214 Jan 12 01:51 eslint.config.js
Unit Tests	Debug repository	2026-01-12T01:51:41.2095768Z -rw-r--r--  1 runner runner   4245 Jan 12 01:51 index.html
Unit Tests	Debug repository	2026-01-12T01:51:41.2096245Z -rw-r--r--  1 runner runner   1440 Jan 12 01:51 lint_compact.txt
Unit Tests	Debug repository	2026-01-12T01:51:41.2096722Z -rw-r--r--  1 runner runner   5100 Jan 12 01:51 lint_current.txt
Unit Tests	Debug repository	2026-01-12T01:51:41.2097202Z -rw-r--r--  1 runner runner   4586 Jan 12 01:51 lint_final.txt
Unit Tests	Debug repository	2026-01-12T01:51:41.2097656Z -rw-r--r--  1 runner runner   6252 Jan 12 01:51 lint_full.txt
Unit Tests	Debug repository	2026-01-12T01:51:41.2098111Z -rw-r--r--  1 runner runner   7048 Jan 12 01:51 lint_output.txt
Unit Tests	Debug repository	2026-01-12T01:51:41.2098586Z -rw-r--r--  1 runner runner   2665 Jan 12 01:51 package.json
Unit Tests	Debug repository	2026-01-12T01:51:41.2099088Z -rw-r--r--  1 runner runner 325452 Jan 12 01:51 pnpm-lock.yaml
Unit Tests	Debug repository	2026-01-12T01:51:41.2099589Z -rw-r--r--  1 runner runner     18 Jan 12 01:51 pnpm-workspace.yaml
Unit Tests	Debug repository	2026-01-12T01:51:41.2100088Z -rw-r--r--  1 runner runner     81 Jan 12 01:51 postcss.config.js
Unit Tests	Debug repository	2026-01-12T01:51:41.2100555Z drwxr-xr-x  3 runner runner   4096 Jan 12 01:51 public
Unit Tests	Debug repository	2026-01-12T01:51:41.2101000Z drwxr-xr-x 11 runner runner   4096 Jan 12 01:51 src
Unit Tests	Debug repository	2026-01-12T01:51:41.2101448Z drwxr-xr-x  4 runner runner   4096 Jan 12 01:51 supabase
Unit Tests	Debug repository	2026-01-12T01:51:41.2101926Z -rw-r--r--  1 runner runner   3607 Jan 12 01:51 tailwind.config.ts
Unit Tests	Debug repository	2026-01-12T01:51:41.2102419Z -rw-r--r--  1 runner runner    629 Jan 12 01:51 tsconfig.json
Unit Tests	Debug repository	2026-01-12T01:51:41.2102906Z -rw-r--r--  1 runner runner    233 Jan 12 01:51 tsconfig.node.json
Unit Tests	Debug repository	2026-01-12T01:51:41.2103378Z -rw-r--r--  1 runner runner     95 Jan 12 01:51 vercel.json
Unit Tests	Debug repository	2026-01-12T01:51:41.2103965Z -rw-r--r--  1 runner runner   4277 Jan 12 01:51 vite.config.ts
Unit Tests	Debug repository	2026-01-12T01:51:41.2104933Z -rw-r--r--  1 runner runner    661 Jan 12 01:51 vitest.config.ts
Unit Tests	Debug repository	2026-01-12T01:51:41.2105567Z Listing parent dir
Unit Tests	Debug repository	2026-01-12T01:51:41.2106036Z total 12
Unit Tests	Debug repository	2026-01-12T01:51:41.2106561Z drwxr-xr-x 3 runner runner 4096 Jan 12 01:51 .
Unit Tests	Debug repository	2026-01-12T01:51:41.2107252Z drwxr-xr-x 6 runner runner 4096 Jan 12 01:51 ..
Unit Tests	Debug repository	2026-01-12T01:51:41.2107969Z drwxr-xr-x 8 runner runner 4096 Jan 12 01:51 finansix-web
Unit Tests	Debug repository	2026-01-12T01:51:41.2108396Z Show workflow files
Unit Tests	Debug repository	2026-01-12T01:51:41.2118986Z total 16
Unit Tests	Debug repository	2026-01-12T01:51:41.2119501Z drwxr-xr-x 2 runner runner 4096 Jan 12 01:51 .
Unit Tests	Debug repository	2026-01-12T01:51:41.2120167Z drwxr-xr-x 3 runner runner 4096 Jan 12 01:51 ..
Unit Tests	Debug repository	2026-01-12T01:51:41.2120883Z -rw-r--r-- 1 runner runner 6741 Jan 12 01:51 ci.yml
Unit Tests	Setup pnpm	´╗┐2026-01-12T01:51:41.2180549Z ##[group]Run pnpm/action-setup@v3
Unit Tests	Setup pnpm	2026-01-12T01:51:41.2180938Z with:
Unit Tests	Setup pnpm	2026-01-12T01:51:41.2181187Z   version: 9
Unit Tests	Setup pnpm	2026-01-12T01:51:41.2181453Z   dest: ~/setup-pnpm
Unit Tests	Setup pnpm	2026-01-12T01:51:41.2181729Z   run_install: null
Unit Tests	Setup pnpm	2026-01-12T01:51:41.2182027Z   package_json_file: package.json
Unit Tests	Setup pnpm	2026-01-12T01:51:41.2182343Z   standalone: false
Unit Tests	Setup pnpm	2026-01-12T01:51:41.2182612Z ##[endgroup]
Unit Tests	Setup pnpm	2026-01-12T01:51:41.3032535Z ##[group]Running self-installer...
Unit Tests	Setup pnpm	2026-01-12T01:51:41.9265949Z Progress: resolved 1, reused 0, downloaded 0, added 0
Unit Tests	Setup pnpm	2026-01-12T01:51:41.9389501Z Packages: +1
Unit Tests	Setup pnpm	2026-01-12T01:51:41.9389878Z +
Unit Tests	Setup pnpm	2026-01-12T01:51:42.3991480Z Progress: resolved 1, reused 0, downloaded 1, added 1, done
Unit Tests	Setup pnpm	2026-01-12T01:51:42.4315646Z 
Unit Tests	Setup pnpm	2026-01-12T01:51:42.4316471Z dependencies:
Unit Tests	Setup pnpm	2026-01-12T01:51:42.4316939Z + pnpm 9.15.9 (10.28.0 is available)
Unit Tests	Setup pnpm	2026-01-12T01:51:42.4317274Z 
Unit Tests	Setup pnpm	2026-01-12T01:51:42.4344895Z Done in 967ms
Unit Tests	Setup pnpm	2026-01-12T01:51:42.4533312Z ##[endgroup]
Unit Tests	Setup pnpm	2026-01-12T01:51:42.4537556Z Installation Completed!
Unit Tests	Setup Node.js	´╗┐2026-01-12T01:51:42.4686302Z ##[group]Run actions/setup-node@v4
Unit Tests	Setup Node.js	2026-01-12T01:51:42.4686597Z with:
Unit Tests	Setup Node.js	2026-01-12T01:51:42.4686774Z   node-version: 20
Unit Tests	Setup Node.js	2026-01-12T01:51:42.4686960Z   cache: pnpm
Unit Tests	Setup Node.js	2026-01-12T01:51:42.4687143Z   always-auth: false
Unit Tests	Setup Node.js	2026-01-12T01:51:42.4687343Z   check-latest: false
Unit Tests	Setup Node.js	2026-01-12T01:51:42.4687672Z   token: ***
Unit Tests	Setup Node.js	2026-01-12T01:51:42.4687883Z env:
Unit Tests	Setup Node.js	2026-01-12T01:51:42.4688123Z   PNPM_HOME: /home/runner/setup-pnpm/node_modules/.bin
Unit Tests	Setup Node.js	2026-01-12T01:51:42.4688426Z ##[endgroup]
Unit Tests	Setup Node.js	2026-01-12T01:51:42.6482381Z Found in cache @ /opt/hostedtoolcache/node/20.19.6/x64
Unit Tests	Setup Node.js	2026-01-12T01:51:42.6488836Z ##[group]Environment details
Unit Tests	Setup Node.js	2026-01-12T01:51:44.7073284Z node: v20.19.6
Unit Tests	Setup Node.js	2026-01-12T01:51:44.7074062Z npm: 10.8.2
Unit Tests	Setup Node.js	2026-01-12T01:51:44.7074640Z yarn: 1.22.22
Unit Tests	Setup Node.js	2026-01-12T01:51:44.7075902Z ##[endgroup]
Unit Tests	Setup Node.js	2026-01-12T01:51:44.7101153Z [command]/home/runner/setup-pnpm/node_modules/.bin/pnpm store path --silent
Unit Tests	Setup Node.js	2026-01-12T01:51:45.2129599Z /home/runner/setup-pnpm/node_modules/.bin/store/v3
Unit Tests	Setup Node.js	2026-01-12T01:51:45.3749874Z Cache hit for: node-cache-Linux-x64-pnpm-7301bbbaaf00f964542bd8e294dc6b2a959aacd4a12931592a972d10f3ff6d4d
Unit Tests	Setup Node.js	2026-01-12T01:51:46.4524138Z Received 93219167 of 93219167 (100.0%), 95.1 MBs/sec
Unit Tests	Setup Node.js	2026-01-12T01:51:46.4525547Z Cache Size: ~89 MB (93219167 B)
Unit Tests	Setup Node.js	2026-01-12T01:51:46.4564750Z [command]/usr/bin/tar -xf /home/runner/work/_temp/fa93211e-b2b7-4829-8a9c-9111e2b8c6ae/cache.tzst -P -C /home/runner/work/finansix-web/finansix-web --use-compress-program unzstd
Unit Tests	Setup Node.js	2026-01-12T01:51:48.0645760Z Cache restored successfully
Unit Tests	Setup Node.js	2026-01-12T01:51:48.0863035Z Cache restored from key: node-cache-Linux-x64-pnpm-7301bbbaaf00f964542bd8e294dc6b2a959aacd4a12931592a972d10f3ff6d4d
Unit Tests	Install dependencies	´╗┐2026-01-12T01:51:48.0996526Z ##[group]Run pnpm install --frozen-lockfile
Unit Tests	Install dependencies	2026-01-12T01:51:48.0996906Z [36;1mpnpm install --frozen-lockfile[0m
Unit Tests	Install dependencies	2026-01-12T01:51:48.1034961Z shell: /usr/bin/bash -e {0}
Unit Tests	Install dependencies	2026-01-12T01:51:48.1035208Z env:
Unit Tests	Install dependencies	2026-01-12T01:51:48.1035459Z   PNPM_HOME: /home/runner/setup-pnpm/node_modules/.bin
Unit Tests	Install dependencies	2026-01-12T01:51:48.1035752Z ##[endgroup]
Unit Tests	Install dependencies	2026-01-12T01:51:48.5894818Z Lockfile is up to date, resolution step is skipped
Unit Tests	Install dependencies	2026-01-12T01:51:48.6683782Z Progress: resolved 1, reused 0, downloaded 0, added 0
Unit Tests	Install dependencies	2026-01-12T01:51:48.8203944Z Packages: +921
Unit Tests	Install dependencies	2026-01-12T01:51:48.8204895Z ++++++++++++++++++++++++++++++++++++++++++++++++++++++++++++++++++++++++++++++++
Unit Tests	Install dependencies	2026-01-12T01:51:49.6701452Z Progress: resolved 921, reused 921, downloaded 0, added 201
Unit Tests	Install dependencies	2026-01-12T01:51:50.1077681Z Progress: resolved 921, reused 921, downloaded 0, added 921, done
Unit Tests	Install dependencies	2026-01-12T01:51:51.0892782Z 
Unit Tests	Install dependencies	2026-01-12T01:51:51.0893341Z dependencies:
Unit Tests	Install dependencies	2026-01-12T01:51:51.0893784Z + @hookform/resolvers 3.10.0
Unit Tests	Install dependencies	2026-01-12T01:51:51.0894525Z + @radix-ui/react-alert-dialog 1.1.15
Unit Tests	Install dependencies	2026-01-12T01:51:51.0895129Z + @radix-ui/react-dialog 1.1.15
Unit Tests	Install dependencies	2026-01-12T01:51:51.0895675Z + @radix-ui/react-dropdown-menu 2.1.16
Unit Tests	Install dependencies	2026-01-12T01:51:51.0896201Z + @radix-ui/react-select 2.2.6
Unit Tests	Install dependencies	2026-01-12T01:51:51.0896707Z + @radix-ui/react-slot 1.2.4
Unit Tests	Install dependencies	2026-01-12T01:51:51.0897150Z + @radix-ui/react-switch 1.2.6
Unit Tests	Install dependencies	2026-01-12T01:51:51.0897593Z + @radix-ui/react-tabs 1.1.13
Unit Tests	Install dependencies	2026-01-12T01:51:51.0898062Z + @radix-ui/react-toast 1.2.15
Unit Tests	Install dependencies	2026-01-12T01:51:51.0898468Z + @sentry/react 7.120.4
Unit Tests	Install dependencies	2026-01-12T01:51:51.0898879Z + @sentry/tracing 7.120.4
Unit Tests	Install dependencies	2026-01-12T01:51:51.0899336Z + @supabase/supabase-js 2.89.0
Unit Tests	Install dependencies	2026-01-12T01:51:51.0899884Z + @tanstack/query-sync-storage-persister 5.90.18
Unit Tests	Install dependencies	2026-01-12T01:51:51.0900482Z + @tanstack/react-query 5.90.16
Unit Tests	Install dependencies	2026-01-12T01:51:51.0901166Z + @tanstack/react-query-persist-client 5.90.18
Unit Tests	Install dependencies	2026-01-12T01:51:51.0901805Z + @tanstack/react-virtual 3.13.18
Unit Tests	Install dependencies	2026-01-12T01:51:51.0902692Z + class-variance-authority 0.7.1
Unit Tests	Install dependencies	2026-01-12T01:51:51.0903143Z + clsx 2.1.1
Unit Tests	Install dependencies	2026-01-12T01:51:51.0903489Z + date-fns 3.6.0
Unit Tests	Install dependencies	2026-01-12T01:51:51.0903931Z + framer-motion 11.18.2
Unit Tests	Install dependencies	2026-01-12T01:51:51.0904525Z + lucide-react 0.441.0
Unit Tests	Install dependencies	2026-01-12T01:51:51.0904918Z + react 18.3.1
Unit Tests	Install dependencies	2026-01-12T01:51:51.0905274Z + react-dom 18.3.1
Unit Tests	Install dependencies	2026-01-12T01:51:51.0905645Z + react-hook-form 7.70.0
Unit Tests	Install dependencies	2026-01-12T01:51:51.0906036Z + react-joyride 2.9.3
Unit Tests	Install dependencies	2026-01-12T01:51:51.0906462Z + react-router-dom 6.30.2
Unit Tests	Install dependencies	2026-01-12T01:51:51.0906948Z + recharts 2.15.4
Unit Tests	Install dependencies	2026-01-12T01:51:51.0907325Z + tailwind-merge 2.6.0
Unit Tests	Install dependencies	2026-01-12T01:51:51.0907746Z + tailwindcss-animate 1.0.7
Unit Tests	Install dependencies	2026-01-12T01:51:51.0908175Z + workbox-window 7.4.0
Unit Tests	Install dependencies	2026-01-12T01:51:51.0908534Z + zod 3.25.76
Unit Tests	Install dependencies	2026-01-12T01:51:51.0908893Z + zustand 4.5.7
Unit Tests	Install dependencies	2026-01-12T01:51:51.0909101Z 
Unit Tests	Install dependencies	2026-01-12T01:51:51.0909272Z devDependencies:
Unit Tests	Install dependencies	2026-01-12T01:51:51.0909645Z + @eslint/js 9.39.2
Unit Tests	Install dependencies	2026-01-12T01:51:51.0910126Z + @tanstack/react-query-devtools 5.91.2
Unit Tests	Install dependencies	2026-01-12T01:51:51.0910720Z + @testing-library/jest-dom 6.9.1
Unit Tests	Install dependencies	2026-01-12T01:51:51.0911275Z + @testing-library/react 16.3.1
Unit Tests	Install dependencies	2026-01-12T01:51:51.0911738Z + @types/node 22.19.3
Unit Tests	Install dependencies	2026-01-12T01:51:51.0912164Z + @types/react 18.3.27
Unit Tests	Install dependencies	2026-01-12T01:51:51.0912583Z + @types/react-dom 18.3.7
Unit Tests	Install dependencies	2026-01-12T01:51:51.0913049Z + @vitejs/plugin-react 4.7.0
Unit Tests	Install dependencies	2026-01-12T01:51:51.0913520Z + @vitest/coverage-v8 2.1.9
Unit Tests	Install dependencies	2026-01-12T01:51:51.0913955Z + autoprefixer 10.4.23
Unit Tests	Install dependencies	2026-01-12T01:51:51.0914529Z + eslint 9.39.2
Unit Tests	Install dependencies	2026-01-12T01:51:51.0914985Z + eslint-plugin-react-hooks 5.2.0
Unit Tests	Install dependencies	2026-01-12T01:51:51.0915553Z + eslint-plugin-react-refresh 0.4.26
Unit Tests	Install dependencies	2026-01-12T01:51:51.0916045Z + globals 15.15.0
Unit Tests	Install dependencies	2026-01-12T01:51:51.0916371Z + jsdom 25.0.1
Unit Tests	Install dependencies	2026-01-12T01:51:51.0916699Z + postcss 8.5.6
Unit Tests	Install dependencies	2026-01-12T01:51:51.0917140Z + rollup-plugin-visualizer 5.14.0
Unit Tests	Install dependencies	2026-01-12T01:51:51.0917599Z + supabase 2.71.0
Unit Tests	Install dependencies	2026-01-12T01:51:51.0917950Z + tailwindcss 3.4.19
Unit Tests	Install dependencies	2026-01-12T01:51:51.0918329Z + typescript 5.9.3
Unit Tests	Install dependencies	2026-01-12T01:51:51.0918724Z + typescript-eslint 8.52.0
Unit Tests	Install dependencies	2026-01-12T01:51:51.0919134Z + vite 5.4.21
Unit Tests	Install dependencies	2026-01-12T01:51:51.0919495Z + vite-plugin-pwa 0.19.8
Unit Tests	Install dependencies	2026-01-12T01:51:51.0919869Z + vitest 2.1.9
Unit Tests	Install dependencies	2026-01-12T01:51:51.0920212Z + workbox-cli 7.4.0
Unit Tests	Install dependencies	2026-01-12T01:51:51.0920736Z 
Unit Tests	Install dependencies	2026-01-12T01:51:51.0921256Z The following dependencies have build scripts that were ignored: esbuild
Unit Tests	Install dependencies	2026-01-12T01:51:51.0922999Z To allow the execution of build scripts for these packages, add their names to "pnpm.onlyBuiltDependencies" in your "package.json", then run "pnpm rebuild"
Unit Tests	Install dependencies	2026-01-12T01:51:51.0924022Z 
Unit Tests	Install dependencies	2026-01-12T01:51:51.7360979Z Done in 3.6s using pnpm v9.15.9
Unit Tests	Run tests with coverage	´╗┐2026-01-12T01:51:51.7546203Z ##[group]Run pnpm test:coverage
Unit Tests	Run tests with coverage	2026-01-12T01:51:51.7546507Z [36;1mpnpm test:coverage[0m
Unit Tests	Run tests with coverage	2026-01-12T01:51:51.7578609Z shell: /usr/bin/bash -e {0}
Unit Tests	Run tests with coverage	2026-01-12T01:51:51.7578837Z env:
Unit Tests	Run tests with coverage	2026-01-12T01:51:51.7579078Z   PNPM_HOME: /home/runner/setup-pnpm/node_modules/.bin
Unit Tests	Run tests with coverage	2026-01-12T01:51:51.7579401Z ##[endgroup]
Unit Tests	Run tests with coverage	2026-01-12T01:51:52.1430354Z 
Unit Tests	Run tests with coverage	2026-01-12T01:51:52.1431316Z > finansix-web@2.0.0 test:coverage /home/runner/work/finansix-web/finansix-web
Unit Tests	Run tests with coverage	2026-01-12T01:51:52.1432195Z > vitest run --coverage
Unit Tests	Run tests with coverage	2026-01-12T01:51:52.1432468Z 
Unit Tests	Run tests with coverage	2026-01-12T01:51:52.8600211Z 
Unit Tests	Run tests with coverage	2026-01-12T01:51:52.8603122Z [1m[7m[36m RUN [39m[27m[22m [36mv2.1.9 [39m[90m/home/runner/work/finansix-web/finansix-web[39m
Unit Tests	Run tests with coverage	2026-01-12T01:51:52.8604098Z       [2mCoverage enabled with [22m[33mv8[39m
Unit Tests	Run tests with coverage	2026-01-12T01:51:52.8604557Z 
Unit Tests	Run tests with coverage	2026-01-12T01:51:54.2242321Z  [32mÔ£ô[39m src/lib/utils/errors.test.ts [2m([22m[2m15 tests[22m[2m)[22m[90m 12[2mms[22m[39m
Unit Tests	Run tests with coverage	2026-01-12T01:51:54.4547654Z  [32mÔ£ô[39m src/lib/utils/calculations.test.ts [2m([22m[2m14 tests[22m[2m)[22m[90m 14[2mms[22m[39m
Unit Tests	Run tests with coverage	2026-01-12T01:51:54.8141518Z  [32mÔ£ô[39m src/lib/utils/format.test.ts [2m([22m[2m11 tests[22m[2m)[22m[90m 227[2mms[22m[39m
Unit Tests	Run tests with coverage	2026-01-12T01:51:56.6990341Z 
Unit Tests	Run tests with coverage	2026-01-12T01:51:56.6998512Z [2m Test Files [22m [1m[32m3 passed[39m[22m[90m (3)[39m
Unit Tests	Run tests with coverage	2026-01-12T01:51:56.6999421Z [2m      Tests [22m [1m[32m40 passed[39m[22m[90m (40)[39m
Unit Tests	Run tests with coverage	2026-01-12T01:51:56.7000474Z [2m   Start at [22m 01:51:52
Unit Tests	Run tests with coverage	2026-01-12T01:51:56.7002167Z [2m   Duration [22m 3.84s[2m (transform 177ms, setup 936ms, collect 783ms, tests 253ms, environment 1.95s, prepare 335ms)[22m
Unit Tests	Run tests with coverage	2026-01-12T01:51:56.7002916Z 
Unit Tests	Run tests with coverage	2026-01-12T01:51:56.7018675Z [34m % [39m[2mCoverage report from [22m[33mv8[39m
Unit Tests	Run tests with coverage	2026-01-12T01:51:56.7163476Z -------------------|---------|----------|---------|---------|-------------------
Unit Tests	Run tests with coverage	2026-01-12T01:51:56.7164556Z File               | % Stmts | % Branch | % Funcs | % Lines | Uncovered Line #s 
Unit Tests	Run tests with coverage	2026-01-12T01:51:56.7165414Z -------------------|---------|----------|---------|---------|-------------------
Unit Tests	Run tests with coverage	2026-01-12T01:51:56.7179650Z All files          |     2.7 |    46.49 |   14.01 |     2.7 |                   
Unit Tests	Run tests with coverage	2026-01-12T01:51:56.7181047Z  public            |       0 |        0 |       0 |       0 |                   
Unit Tests	Run tests with coverage	2026-01-12T01:51:56.7183050Z   sw.js            |       0 |        0 |       0 |       0 | 1-105             
Unit Tests	Run tests with coverage	2026-01-12T01:51:56.7185334Z  src               |       0 |        0 |       0 |       0 |                   
Unit Tests	Run tests with coverage	2026-01-12T01:51:56.7188014Z   App.tsx          |       0 |        0 |       0 |       0 | 1-295             
Unit Tests	Run tests with coverage	2026-01-12T01:51:56.7188798Z   main.tsx         |       0 |        0 |       0 |       0 | 1-14              
Unit Tests	Run tests with coverage	2026-01-12T01:51:56.7189586Z  src/components    |       0 |        0 |       0 |       0 |                   
Unit Tests	Run tests with coverage	2026-01-12T01:51:56.7190391Z   ...rBoundary.tsx |       0 |        0 |       0 |       0 | 1-122             
Unit Tests	Run tests with coverage	2026-01-12T01:51:56.7191180Z   ...rBoundary.tsx |       0 |        0 |       0 |       0 | 1-17              
Unit Tests	Run tests with coverage	2026-01-12T01:51:56.7192591Z  ...nents/features |       0 |        0 |       0 |       0 |                   
Unit Tests	Run tests with coverage	2026-01-12T01:51:56.7193425Z   AccountItem.tsx  |       0 |        0 |       0 |       0 | 1-139             
Unit Tests	Run tests with coverage	2026-01-12T01:51:56.7194397Z   ...rUploader.tsx |       0 |        0 |       0 |       0 | 1-251             
Unit Tests	Run tests with coverage	2026-01-12T01:51:56.7195195Z   ...orecaster.tsx |       0 |        0 |       0 |       0 | 1-225             
Unit Tests	Run tests with coverage	2026-01-12T01:51:56.7196185Z   BalanceHero.tsx  |       0 |        0 |       0 |       0 | 1-121             
Unit Tests	Run tests with coverage	2026-01-12T01:51:56.7196995Z   ...Optimizer.tsx |       0 |        0 |       0 |       0 | 1-132             
Unit Tests	Run tests with coverage	2026-01-12T01:51:56.7197770Z   ...tCardItem.tsx |       0 |        0 |       0 |       0 | 1-176             
Unit Tests	Run tests with coverage	2026-01-12T01:51:56.7198551Z   ...mentBadge.tsx |       0 |        0 |       0 |       0 | 1-58              
Unit Tests	Run tests with coverage	2026-01-12T01:51:56.7199317Z   ...irmDialog.tsx |       0 |        0 |       0 |       0 | 1-238             
Unit Tests	Run tests with coverage	2026-01-12T01:51:56.7203698Z   InvoiceCard.tsx  |       0 |        0 |       0 |       0 | 1-291             
Unit Tests	Run tests with coverage	2026-01-12T01:51:56.7208160Z   ...rendChart.tsx |       0 |        0 |       0 |       0 | 1-295             
Unit Tests	Run tests with coverage	2026-01-12T01:51:56.7208972Z   ...rdingTour.tsx |       0 |        0 |       0 |       0 | 1-131             
Unit Tests	Run tests with coverage	2026-01-12T01:51:56.7209753Z   ...allBanner.tsx |       0 |        0 |       0 |       0 | 1-179             
Unit Tests	Run tests with coverage	2026-01-12T01:51:56.7210551Z   ...entDialog.tsx |       0 |        0 |       0 |       0 | 1-268             
Unit Tests	Run tests with coverage	2026-01-12T01:51:56.7211344Z   ...maryCards.tsx |       0 |        0 |       0 |       0 | 1-138             
Unit Tests	Run tests with coverage	2026-01-12T01:51:56.7212179Z   ...ActionFAB.tsx |       0 |        0 |       0 |       0 | 1-193             
Unit Tests	Run tests with coverage	2026-01-12T01:51:56.7212967Z   ...tionsFeed.tsx |       0 |        0 |       0 |       0 | 1-180             
Unit Tests	Run tests with coverage	2026-01-12T01:51:56.7213758Z   ReliefChart.tsx  |       0 |        0 |       0 |       0 | 1-108             
Unit Tests	Run tests with coverage	2026-01-12T01:51:56.7214760Z   ...tInsights.tsx |       0 |        0 |       0 |       0 | 1-273             
Unit Tests	Run tests with coverage	2026-01-12T01:51:56.7215574Z   ...ptionForm.tsx |       0 |        0 |       0 |       0 | 1-460             
Unit Tests	Run tests with coverage	2026-01-12T01:51:56.7216359Z   ...ptionItem.tsx |       0 |        0 |       0 |       0 | 1-187             
Unit Tests	Run tests with coverage	2026-01-12T01:51:56.7217523Z   ...ctionItem.tsx |       0 |        0 |       0 |       0 | 1-209             
Unit Tests	Run tests with coverage	2026-01-12T01:51:56.7218776Z   ...ctionItem.tsx |       0 |        0 |       0 |       0 | 1-178             
Unit Tests	Run tests with coverage	2026-01-12T01:51:56.7219777Z   ...ctionList.tsx |       0 |        0 |       0 |       0 | 1-169             
Unit Tests	Run tests with coverage	2026-01-12T01:51:56.7220854Z   ...ctionList.tsx |       0 |        0 |       0 |       0 | 1-135             
Unit Tests	Run tests with coverage	2026-01-12T01:51:56.7221804Z   index.ts         |       0 |        0 |       0 |       0 | 1                 
Unit Tests	Run tests with coverage	2026-01-12T01:51:56.7223387Z   skeletons.tsx    |       0 |        0 |       0 |       0 | 1-206             
Unit Tests	Run tests with coverage	2026-01-12T01:51:56.7226639Z  ...ponents/layout |       0 |    16.66 |   16.66 |       0 |                   
Unit Tests	Run tests with coverage	2026-01-12T01:51:56.7227476Z   AppLayout.tsx    |       0 |        0 |       0 |       0 | 1-11              
Unit Tests	Run tests with coverage	2026-01-12T01:51:56.7228261Z   BottomNav.tsx    |       0 |        0 |       0 |       0 | 1-245             
Unit Tests	Run tests with coverage	2026-01-12T01:51:56.7229042Z   ...extualFAB.tsx |       0 |      100 |     100 |       0 | 9-11              
Unit Tests	Run tests with coverage	2026-01-12T01:51:56.7229819Z   Header.tsx       |       0 |        0 |       0 |       0 | 1-121             
Unit Tests	Run tests with coverage	2026-01-12T01:51:56.7230604Z   ...Container.tsx |       0 |        0 |       0 |       0 | 1-21              
Unit Tests	Run tests with coverage	2026-01-12T01:51:56.7231366Z   index.ts         |       0 |        0 |       0 |       0 | 1                 
Unit Tests	Run tests with coverage	2026-01-12T01:51:56.7232121Z  ...ponents/modals |       0 |        0 |       0 |       0 |                   
Unit Tests	Run tests with coverage	2026-01-12T01:51:56.7232914Z   ...tionModal.tsx |       0 |        0 |       0 |       0 | 1-193             
Unit Tests	Run tests with coverage	2026-01-12T01:51:56.7233723Z  src/components/ui |       0 |        0 |       0 |       0 |                   
Unit Tests	Run tests with coverage	2026-01-12T01:51:56.7234729Z   ...ricKeypad.tsx |       0 |        0 |       0 |       0 | 1-174             
Unit Tests	Run tests with coverage	2026-01-12T01:51:56.7235529Z   alert-dialog.tsx |       0 |        0 |       0 |       0 | 1-130             
Unit Tests	Run tests with coverage	2026-01-12T01:51:56.7236286Z   badge.tsx        |       0 |        0 |       0 |       0 | 1-32              
Unit Tests	Run tests with coverage	2026-01-12T01:51:56.7237002Z   button.tsx       |       0 |        0 |       0 |       0 | 1-85              
Unit Tests	Run tests with coverage	2026-01-12T01:51:56.7237729Z   card.tsx         |       0 |        0 |       0 |       0 | 1-73              
Unit Tests	Run tests with coverage	2026-01-12T01:51:56.7238449Z   ...rm-dialog.tsx |       0 |        0 |       0 |       0 | 1-245             
Unit Tests	Run tests with coverage	2026-01-12T01:51:56.7239209Z   ...rm-dialog.tsx |       0 |        0 |       0 |       0 | 1-71              
Unit Tests	Run tests with coverage	2026-01-12T01:51:56.7239951Z   dialog.tsx       |       0 |        0 |       0 |       0 | 1-106             
Unit Tests	Run tests with coverage	2026-01-12T01:51:56.7240735Z   ...down-menu.tsx |       0 |        0 |       0 |       0 | 1-162             
Unit Tests	Run tests with coverage	2026-01-12T01:51:56.7279278Z   empty-state.tsx  |       0 |        0 |       0 |       0 | 1-261             
Unit Tests	Run tests with coverage	2026-01-12T01:51:56.7280322Z   index.ts         |       0 |        0 |       0 |       0 | 1                 
Unit Tests	Run tests with coverage	2026-01-12T01:51:56.7281088Z   input.tsx        |       0 |        0 |       0 |       0 | 1-36              
Unit Tests	Run tests with coverage	2026-01-12T01:51:56.7290796Z   list-card.tsx    |       0 |        0 |       0 |       0 | 1-238             
Unit Tests	Run tests with coverage	2026-01-12T01:51:56.7291662Z   page-header.tsx  |       0 |        0 |       0 |       0 | 1-193             
Unit Tests	Run tests with coverage	2026-01-12T01:51:56.7295805Z   skeleton.tsx     |       0 |        0 |       0 |       0 | 1-17              
Unit Tests	Run tests with coverage	2026-01-12T01:51:56.7297030Z   skeletons.tsx    |       0 |        0 |       0 |       0 | 1-156             
Unit Tests	Run tests with coverage	2026-01-12T01:51:56.7297752Z   toast.tsx        |       0 |        0 |       0 |       0 | 1-110             
Unit Tests	Run tests with coverage	2026-01-12T01:51:56.7298459Z   toaster.tsx      |       0 |        0 |       0 |       0 | 1-33              
Unit Tests	Run tests with coverage	2026-01-12T01:51:56.7299174Z  src/contexts      |       0 |        0 |       0 |       0 |                   
Unit Tests	Run tests with coverage	2026-01-12T01:51:56.7299913Z   AuthContext.tsx  |       0 |        0 |       0 |       0 | 1-159             
Unit Tests	Run tests with coverage	2026-01-12T01:51:56.7300626Z  src/hooks         |       0 |        0 |       0 |       0 |                   
Unit Tests	Run tests with coverage	2026-01-12T01:51:56.7301320Z   index.ts         |       0 |        0 |       0 |       0 | 1                 
Unit Tests	Run tests with coverage	2026-01-12T01:51:56.7302055Z   useAccounts.ts   |       0 |        0 |       0 |       0 | 1-116             
Unit Tests	Run tests with coverage	2026-01-12T01:51:56.7303095Z   useAuth.ts       |       0 |        0 |       0 |       0 | 1                 
Unit Tests	Run tests with coverage	2026-01-12T01:51:56.7303870Z   useCategories.ts |       0 |        0 |       0 |       0 | 1-91              
Unit Tests	Run tests with coverage	2026-01-12T01:51:56.7304884Z   ...reditCards.ts |       0 |        0 |       0 |       0 | 1-128             
Unit Tests	Run tests with coverage	2026-01-12T01:51:56.7305641Z   ...reeBalance.ts |       0 |        0 |       0 |       0 | 1-23              
Unit Tests	Run tests with coverage	2026-01-12T01:51:56.7306429Z   useHousehold.ts  |       0 |        0 |       0 |       0 | 1-127             
Unit Tests	Run tests with coverage	2026-01-12T01:51:56.7307216Z   ...stallments.ts |       0 |        0 |       0 |       0 | 1-42              
Unit Tests	Run tests with coverage	2026-01-12T01:51:56.7308032Z   ...Comparison.ts |       0 |        0 |       0 |       0 | 1-152             
Unit Tests	Run tests with coverage	2026-01-12T01:51:56.7308818Z   ...lineStatus.ts |       0 |        0 |       0 |       0 | 1-35              
Unit Tests	Run tests with coverage	2026-01-12T01:51:56.7309627Z   usePWAInstall.ts |       0 |        0 |       0 |       0 | 1-119             
Unit Tests	Run tests with coverage	2026-01-12T01:51:56.7310427Z   ...entSummary.ts |       0 |        0 |       0 |       0 | 1-110             
Unit Tests	Run tests with coverage	2026-01-12T01:51:56.7311177Z   ...lDirection.ts |       0 |        0 |       0 |       0 | 1-62              
Unit Tests	Run tests with coverage	2026-01-12T01:51:56.7312019Z   ...gorySearch.ts |       0 |        0 |       0 |       0 | 1-217             
Unit Tests	Run tests with coverage	2026-01-12T01:51:56.7312770Z   ...scriptions.ts |       0 |        0 |       0 |       0 | 1-113             
Unit Tests	Run tests with coverage	2026-01-12T01:51:56.7313497Z   useToast.ts      |       0 |        0 |       0 |       0 | 1-183             
Unit Tests	Run tests with coverage	2026-01-12T01:51:56.7314426Z   ...ansactions.ts |       0 |        0 |       0 |       0 | 1-143             
Unit Tests	Run tests with coverage	2026-01-12T01:51:56.7315195Z  src/lib           |       0 |    33.33 |   33.33 |       0 |                   
Unit Tests	Run tests with coverage	2026-01-12T01:51:56.7315916Z   presets.ts       |       0 |      100 |     100 |       0 | 18-297            
Unit Tests	Run tests with coverage	2026-01-12T01:51:56.7316688Z   query-client.ts  |       0 |        0 |       0 |       0 | 1-139             
Unit Tests	Run tests with coverage	2026-01-12T01:51:56.7317461Z   sentry.ts        |       0 |        0 |       0 |       0 | 1-113             
Unit Tests	Run tests with coverage	2026-01-12T01:51:56.7318211Z  src/lib/supabase  |       0 |        0 |       0 |       0 |                   
Unit Tests	Run tests with coverage	2026-01-12T01:51:56.7318967Z   accounts.ts      |       0 |        0 |       0 |       0 | 1-104             
Unit Tests	Run tests with coverage	2026-01-12T01:51:56.7319703Z   categories.ts    |       0 |        0 |       0 |       0 | 1-126             
Unit Tests	Run tests with coverage	2026-01-12T01:51:56.7320421Z   client.ts        |       0 |        0 |       0 |       0 | 1-89              
Unit Tests	Run tests with coverage	2026-01-12T01:51:56.7321168Z   credit-cards.ts  |       0 |        0 |       0 |       0 | 1-127             
Unit Tests	Run tests with coverage	2026-01-12T01:51:56.7322084Z   household.ts     |       0 |        0 |       0 |       0 | 1-273             
Unit Tests	Run tests with coverage	2026-01-12T01:51:56.7322813Z   index.ts         |       0 |        0 |       0 |       0 | 1                 
Unit Tests	Run tests with coverage	2026-01-12T01:51:56.7323541Z   installments.ts  |       0 |        0 |       0 |       0 | 1-147             
Unit Tests	Run tests with coverage	2026-01-12T01:51:56.7324506Z   transactions.ts  |       0 |        0 |       0 |       0 | 1-212             
Unit Tests	Run tests with coverage	2026-01-12T01:51:56.7325297Z  src/lib/utils     |   47.56 |    88.79 |   42.22 |   47.56 |                   
Unit Tests	Run tests with coverage	2026-01-12T01:51:56.7326069Z   ...tions.test.ts |     100 |      100 |     100 |     100 |                   
Unit Tests	Run tests with coverage	2026-01-12T01:51:56.7326858Z   calculations.ts  |   37.38 |     82.6 |   28.57 |   37.38 | ...24-327,333-337 
Unit Tests	Run tests with coverage	2026-01-12T01:51:56.7327597Z   cn.ts            |       0 |        0 |       0 |       0 | 1-6               
Unit Tests	Run tests with coverage	2026-01-12T01:51:56.7328313Z   errors.test.ts   |     100 |      100 |     100 |     100 |                   
Unit Tests	Run tests with coverage	2026-01-12T01:51:56.7329061Z   errors.ts        |   54.07 |    86.36 |   76.92 |   54.07 | ...22-123,133-158 
Unit Tests	Run tests with coverage	2026-01-12T01:51:56.7329812Z   format.test.ts   |     100 |      100 |     100 |     100 |                   
Unit Tests	Run tests with coverage	2026-01-12T01:51:56.7330552Z   format.ts        |   46.06 |    72.72 |   28.57 |   46.06 | ...21-122,126-128 
Unit Tests	Run tests with coverage	2026-01-12T01:51:56.7331254Z   index.ts         |       0 |        0 |       0 |       0 | 1                 
Unit Tests	Run tests with coverage	2026-01-12T01:51:56.7332152Z   ...calculator.ts |       0 |        0 |       0 |       0 | 1-227             
Unit Tests	Run tests with coverage	2026-01-12T01:51:56.7332908Z   ...uggestions.ts |       0 |      100 |     100 |       0 | 13-192            
Unit Tests	Run tests with coverage	2026-01-12T01:51:56.7333630Z  src/pages         |       0 |        0 |       0 |       0 |                   
Unit Tests	Run tests with coverage	2026-01-12T01:51:56.7334599Z   ...tionsPage.tsx |       0 |        0 |       0 |       0 | 1-535             
Unit Tests	Run tests with coverage	2026-01-12T01:51:56.7335378Z   AnalysisPage.tsx |       0 |        0 |       0 |       0 | 1-376             
Unit Tests	Run tests with coverage	2026-01-12T01:51:56.7336159Z   ...oriesPage.tsx |       0 |        0 |       0 |       0 | 1-500             
Unit Tests	Run tests with coverage	2026-01-12T01:51:56.7336921Z   ...ctionPage.tsx |       0 |        0 |       0 |       0 | 1-443             
Unit Tests	Run tests with coverage	2026-01-12T01:51:56.7337671Z   HomePage.tsx     |       0 |        0 |       0 |       0 | 1-148             
Unit Tests	Run tests with coverage	2026-01-12T01:51:56.7338403Z   ...eholdPage.tsx |       0 |        0 |       0 |       0 | 1-571             
Unit Tests	Run tests with coverage	2026-01-12T01:51:56.7339083Z   ...pensePage.tsx |       0 |        0 |       0 |       0 | 1-511             
Unit Tests	Run tests with coverage	2026-01-12T01:51:56.7339766Z   ...ncomePage.tsx |       0 |        0 |       0 |       0 | 1-282             
Unit Tests	Run tests with coverage	2026-01-12T01:51:56.7340342Z   ...ctionPage.tsx |       0 |        0 |       0 |       0 | 1-544             
Unit Tests	Run tests with coverage	2026-01-12T01:51:56.7340926Z   ProfilePage.tsx  |       0 |        0 |       0 |       0 | 1-209             
Unit Tests	Run tests with coverage	2026-01-12T01:51:56.7341519Z   TransferPage.tsx |       0 |        0 |       0 |       0 | 1-474             
Unit Tests	Run tests with coverage	2026-01-12T01:51:56.7342252Z   WalletPage.tsx   |       0 |        0 |       0 |       0 | 1-409             
Unit Tests	Run tests with coverage	2026-01-12T01:51:56.7343065Z   index.ts         |       0 |        0 |       0 |       0 | 1                 
Unit Tests	Run tests with coverage	2026-01-12T01:51:56.7343774Z  src/pages/auth    |       0 |        0 |       0 |       0 |                   
Unit Tests	Run tests with coverage	2026-01-12T01:51:56.7344677Z   LoginPage.tsx    |       0 |        0 |       0 |       0 | 1-142             
Unit Tests	Run tests with coverage	2026-01-12T01:51:56.7345446Z   RegisterPage.tsx |       0 |        0 |       0 |       0 | 1-161             
Unit Tests	Run tests with coverage	2026-01-12T01:51:56.7346215Z  src/pages/wallet  |       0 |        0 |       0 |       0 |                   
Unit Tests	Run tests with coverage	2026-01-12T01:51:56.7346947Z   ...etailPage.tsx |       0 |        0 |       0 |       0 | 1-487             
Unit Tests	Run tests with coverage	2026-01-12T01:51:56.7347680Z   ...etailPage.tsx |       0 |        0 |       0 |       0 | 1-741             
Unit Tests	Run tests with coverage	2026-01-12T01:51:56.7348360Z   ...countPage.tsx |       0 |        0 |       0 |       0 | 1-493             
Unit Tests	Run tests with coverage	2026-01-12T01:51:56.7349097Z   EditCardPage.tsx |       0 |        0 |       0 |       0 | 1-429             
Unit Tests	Run tests with coverage	2026-01-12T01:51:56.7350076Z   ...countPage.tsx |       0 |        0 |       0 |       0 | 1-443             
Unit Tests	Run tests with coverage	2026-01-12T01:51:56.7350829Z   NewCardPage.tsx  |       0 |        0 |       0 |       0 | 1-535             
Unit Tests	Run tests with coverage	2026-01-12T01:51:56.7351577Z   ...tionsPage.tsx |       0 |        0 |       0 |       0 | 1-445             
Unit Tests	Run tests with coverage	2026-01-12T01:51:56.7352285Z   index.ts         |       0 |        0 |       0 |       0 | 1                 
Unit Tests	Run tests with coverage	2026-01-12T01:51:56.7352983Z  src/stores        |       0 |        0 |       0 |       0 |                   
Unit Tests	Run tests with coverage	2026-01-12T01:51:56.7353709Z   app-store.ts     |       0 |        0 |       0 |       0 | 1-78              
Unit Tests	Run tests with coverage	2026-01-12T01:51:56.7354457Z   index.ts         |       0 |        0 |       0 |       0 | 1                 
Unit Tests	Run tests with coverage	2026-01-12T01:51:56.7355155Z  src/styles        |       0 |      100 |     100 |       0 |                   
Unit Tests	Run tests with coverage	2026-01-12T01:51:56.7355756Z   theme.ts         |       0 |      100 |     100 |       0 | 6-266             
Unit Tests	Run tests with coverage	2026-01-12T01:51:56.7356500Z  ...e-installments |       0 |        0 |       0 |       0 |                   
Unit Tests	Run tests with coverage	2026-01-12T01:51:56.7357240Z   index.ts         |       0 |        0 |       0 |       0 | 1-171             
Unit Tests	Run tests with coverage	2026-01-12T01:51:56.7358056Z -------------------|---------|----------|---------|---------|-------------------
Unit Tests	Upload coverage reports	´╗┐2026-01-12T01:51:57.0234586Z ##[group]Run codecov/codecov-action@v4
Unit Tests	Upload coverage reports	2026-01-12T01:51:57.0235087Z with:
Unit Tests	Upload coverage reports	2026-01-12T01:51:57.0235276Z   files: ./coverage/lcov.info
Unit Tests	Upload coverage reports	2026-01-12T01:51:57.0235505Z   fail_ci_if_error: false
Unit Tests	Upload coverage reports	2026-01-12T01:51:57.0235707Z env:
Unit Tests	Upload coverage reports	2026-01-12T01:51:57.0235931Z   PNPM_HOME: /home/runner/setup-pnpm/node_modules/.bin
Unit Tests	Upload coverage reports	2026-01-12T01:51:57.0236214Z ##[endgroup]
Unit Tests	Upload coverage reports	2026-01-12T01:51:57.1081898Z eventName: push
Unit Tests	Upload coverage reports	2026-01-12T01:51:57.1091413Z ==> linux OS detected
Unit Tests	Upload coverage reports	2026-01-12T01:51:57.5370432Z https://cli.codecov.io/latest/linux/codecov.SHA256SUM
Unit Tests	Upload coverage reports	2026-01-12T01:51:57.6990429Z gpg: directory '/home/runner/.gnupg' created
Unit Tests	Upload coverage reports	2026-01-12T01:51:57.7021846Z gpg: keybox '/home/runner/.gnupg/pubring.kbx' created
Unit Tests	Upload coverage reports	2026-01-12T01:51:57.7150577Z gpg: /home/runner/.gnupg/trustdb.gpg: trustdb created
Unit Tests	Upload coverage reports	2026-01-12T01:51:57.7151832Z gpg: key 806BB28AED779869: public key "Codecov Uploader (Codecov Uploader Verification Key) <security@codecov.io>" imported
Unit Tests	Upload coverage reports	2026-01-12T01:51:57.7442291Z gpg: Total number processed: 1
Unit Tests	Upload coverage reports	2026-01-12T01:51:57.7442864Z gpg:               imported: 1
Unit Tests	Upload coverage reports	2026-01-12T01:51:57.7498028Z gpg: Signature made Fri Dec  5 15:31:48 2025 UTC
Unit Tests	Upload coverage reports	2026-01-12T01:51:57.7498860Z gpg:                using RSA key 27034E7FDB850E0BBC2C62FF806BB28AED779869
Unit Tests	Upload coverage reports	2026-01-12T01:51:57.7500614Z gpg: Good signature from "Codecov Uploader (Codecov Uploader Verification Key) <security@codecov.io>" [unknown]
Unit Tests	Upload coverage reports	2026-01-12T01:51:57.7506172Z gpg: WARNING: This key is not certified with a trusted signature!
Unit Tests	Upload coverage reports	2026-01-12T01:51:57.7507088Z gpg:          There is no indication that the signature belongs to the owner.
Unit Tests	Upload coverage reports	2026-01-12T01:51:57.7508066Z Primary key fingerprint: 2703 4E7F DB85 0E0B BC2C  62FF 806B B28A ED77 9869
Unit Tests	Upload coverage reports	2026-01-12T01:51:57.7727075Z ==> Uploader SHASUM verified (fd34214e2b2c738e48e3ac90b2c23ec4e975d0e9aee51f2cebe81b5704af3f6c  codecov)
Unit Tests	Upload coverage reports	2026-01-12T01:51:57.7728041Z ==> Running version latest
Unit Tests	Upload coverage reports	2026-01-12T01:51:57.8574543Z Could not pull latest version information: SyntaxError: Unexpected token '<', "<!DOCTYPE "... is not valid JSON
Unit Tests	Upload coverage reports	2026-01-12T01:51:57.8576205Z ==> Running git config --global --add safe.directory /home/runner/work/finansix-web/finansix-web
Unit Tests	Upload coverage reports	2026-01-12T01:51:57.8672976Z [command]/usr/bin/git config --global --add safe.directory /home/runner/work/finansix-web/finansix-web
Unit Tests	Upload coverage reports	2026-01-12T01:51:57.8723823Z ==> Running command '/home/runner/work/_actions/codecov/codecov-action/v4/dist/codecov create-commit'
Unit Tests	Upload coverage reports	2026-01-12T01:51:57.8726912Z [command]/home/runner/work/_actions/codecov/codecov-action/v4/dist/codecov create-commit --git-service github
Unit Tests	Upload coverage reports	2026-01-12T01:51:58.2351917Z info - 2026-01-12 01:51:58,234 -- ci service found: github-actions
Unit Tests	Upload coverage reports	2026-01-12T01:51:58.2452111Z warning - 2026-01-12 01:51:58,244 -- No config file could be found. Ignoring config.
Unit Tests	Upload coverage reports	2026-01-12T01:51:58.2753435Z warning - 2026-01-12 01:51:58,274 -- Branch `main` is protected but no token was provided
Unit Tests	Upload coverage reports	2026-01-12T01:51:58.2756605Z warning - 2026-01-12 01:51:58,274 -- For information on Codecov upload tokens, see https://docs.codecov.com/docs/codecov-tokens
Unit Tests	Upload coverage reports	2026-01-12T01:51:58.5199422Z info - 2026-01-12 01:51:58,519 -- Process Commit creating complete
Unit Tests	Upload coverage reports	2026-01-12T01:51:58.5200370Z error - 2026-01-12 01:51:58,519 -- Commit creating failed: {"message":"Token required - not valid tokenless upload"}
Unit Tests	Upload coverage reports	2026-01-12T01:51:58.6251200Z Sentry is attempting to send 3 pending events
Unit Tests	Upload coverage reports	2026-01-12T01:51:58.6251751Z Waiting up to 2 seconds
Unit Tests	Upload coverage reports	2026-01-12T01:51:58.6252085Z Press Ctrl-C to quit
Unit Tests	Upload coverage reports	2026-01-12T01:51:58.7352247Z ==> Running command '/home/runner/work/_actions/codecov/codecov-action/v4/dist/codecov create-report'
Unit Tests	Upload coverage reports	2026-01-12T01:51:58.7354052Z [command]/home/runner/work/_actions/codecov/codecov-action/v4/dist/codecov create-report --git-service github
Unit Tests	Upload coverage reports	2026-01-12T01:51:59.0835438Z info - 2026-01-12 01:51:59,083 -- ci service found: github-actions
Unit Tests	Upload coverage reports	2026-01-12T01:51:59.0926981Z warning - 2026-01-12 01:51:59,092 -- No config file could be found. Ignoring config.
Unit Tests	Upload coverage reports	2026-01-12T01:51:59.3356521Z info - 2026-01-12 01:51:59,335 -- Process Report creating complete
Unit Tests	Upload coverage reports	2026-01-12T01:51:59.3363972Z error - 2026-01-12 01:51:59,335 -- Report creating failed: {"message":"Token required - not valid tokenless upload"}
Unit Tests	Upload coverage reports	2026-01-12T01:51:59.4420973Z Sentry is attempting to send 3 pending events
Unit Tests	Upload coverage reports	2026-01-12T01:51:59.4421673Z Waiting up to 2 seconds
Unit Tests	Upload coverage reports	2026-01-12T01:51:59.4421980Z Press Ctrl-C to quit
Unit Tests	Upload coverage reports	2026-01-12T01:51:59.5451122Z ==> Running command '/home/runner/work/_actions/codecov/codecov-action/v4/dist/codecov do-upload'
Unit Tests	Upload coverage reports	2026-01-12T01:51:59.5453032Z [command]/home/runner/work/_actions/codecov/codecov-action/v4/dist/codecov do-upload -f ./coverage/lcov.info --git-service github
Unit Tests	Upload coverage reports	2026-01-12T01:51:59.8916102Z info - 2026-01-12 01:51:59,891 -- ci service found: github-actions
Unit Tests	Upload coverage reports	2026-01-12T01:51:59.9007172Z warning - 2026-01-12 01:51:59,900 -- No config file could be found. Ignoring config.
Unit Tests	Upload coverage reports	2026-01-12T01:51:59.9320574Z warning - 2026-01-12 01:51:59,931 -- xcrun is not installed or can't be found.
Unit Tests	Upload coverage reports	2026-01-12T01:52:00.5419975Z warning - 2026-01-12 01:52:00,541 -- No gcov data found.
Unit Tests	Upload coverage reports	2026-01-12T01:52:00.5423380Z warning - 2026-01-12 01:52:00,542 -- coverage.py is not installed or can't be found.
Unit Tests	Upload coverage reports	2026-01-12T01:52:01.1469242Z info - 2026-01-12 01:52:01,146 -- Found 2 coverage files to report
Unit Tests	Upload coverage reports	2026-01-12T01:52:01.1470756Z info - 2026-01-12 01:52:01,146 -- > /home/runner/work/finansix-web/finansix-web/coverage/coverage-final.json
Unit Tests	Upload coverage reports	2026-01-12T01:52:01.1472271Z info - 2026-01-12 01:52:01,146 -- > /home/runner/work/finansix-web/finansix-web/coverage/lcov.info
Unit Tests	Upload coverage reports	2026-01-12T01:52:01.3800548Z info - 2026-01-12 01:52:01,379 -- Process Upload complete
Unit Tests	Upload coverage reports	2026-01-12T01:52:01.3801658Z error - 2026-01-12 01:52:01,379 -- Upload failed: {"message":"Token required - not valid tokenless upload"}
Unit Tests	Upload coverage reports	2026-01-12T01:52:01.4871377Z Sentry is attempting to send 2 pending events
Unit Tests	Upload coverage reports	2026-01-12T01:52:01.4872149Z Waiting up to 2 seconds
Unit Tests	Upload coverage reports	2026-01-12T01:52:01.4872559Z Press Ctrl-C to quit
Unit Tests	Post Setup Node.js	´╗┐2026-01-12T01:52:01.5800500Z Post job cleanup.
Unit Tests	Post Setup Node.js	2026-01-12T01:52:01.7313986Z Cache hit occurred on the primary key node-cache-Linux-x64-pnpm-7301bbbaaf00f964542bd8e294dc6b2a959aacd4a12931592a972d10f3ff6d4d, not saving cache.
Unit Tests	Post Setup pnpm	´╗┐2026-01-12T01:52:01.7401231Z Post job cleanup.
Unit Tests	Post Setup pnpm	2026-01-12T01:52:01.8244556Z Pruning is unnecessary.
Unit Tests	Post Checkout	´╗┐2026-01-12T01:52:01.8355393Z Post job cleanup.
Unit Tests	Post Checkout	2026-01-12T01:52:01.9293915Z [command]/usr/bin/git version
Unit Tests	Post Checkout	2026-01-12T01:52:01.9330455Z git version 2.52.0
Unit Tests	Post Checkout	2026-01-12T01:52:01.9369503Z Copying '/home/runner/.gitconfig' to '/home/runner/work/_temp/9315ad65-e128-4285-88e2-f6870dc63724/.gitconfig'
Unit Tests	Post Checkout	2026-01-12T01:52:01.9379857Z Temporarily overriding HOME='/home/runner/work/_temp/9315ad65-e128-4285-88e2-f6870dc63724' before making global git config changes
Unit Tests	Post Checkout	2026-01-12T01:52:01.9381396Z Adding repository directory to the temporary git global config as a safe directory
Unit Tests	Post Checkout	2026-01-12T01:52:01.9393885Z [command]/usr/bin/git config --global --add safe.directory /home/runner/work/finansix-web/finansix-web
Unit Tests	Post Checkout	2026-01-12T01:52:01.9427218Z [command]/usr/bin/git config --local --name-only --get-regexp core\.sshCommand
Unit Tests	Post Checkout	2026-01-12T01:52:01.9458894Z [command]/usr/bin/git submodule foreach --recursive sh -c "git config --local --name-only --get-regexp 'core\.sshCommand' && git config --local --unset-all 'core.sshCommand' || :"
Unit Tests	Post Checkout	2026-01-12T01:52:01.9684985Z [command]/usr/bin/git config --local --name-only --get-regexp http\.https\:\/\/github\.com\/\.extraheader
Unit Tests	Post Checkout	2026-01-12T01:52:01.9705147Z http.https://github.com/.extraheader
Unit Tests	Post Checkout	2026-01-12T01:52:01.9718824Z [command]/usr/bin/git config --local --unset-all http.https://github.com/.extraheader
Unit Tests	Post Checkout	2026-01-12T01:52:01.9750059Z [command]/usr/bin/git submodule foreach --recursive sh -c "git config --local --name-only --get-regexp 'http\.https\:\/\/github\.com\/\.extraheader' && git config --local --unset-all 'http.https://github.com/.extraheader' || :"
Unit Tests	Post Checkout	2026-01-12T01:52:01.9992638Z [command]/usr/bin/git config --local --name-only --get-regexp ^includeIf\.gitdir:
Unit Tests	Post Checkout	2026-01-12T01:52:02.0027377Z [command]/usr/bin/git submodule foreach --recursive git config --local --show-origin --name-only --get-regexp remote.origin.url
Unit Tests	Complete job	´╗┐2026-01-12T01:52:02.0352262Z Cleaning up orphan processes
Integration Tests	Set up job	´╗┐2026-01-12T01:52:07.5123804Z Current runner version: '2.330.0'
Integration Tests	Set up job	2026-01-12T01:52:07.5150691Z ##[group]Runner Image Provisioner
Integration Tests	Set up job	2026-01-12T01:52:07.5151633Z Hosted Compute Agent
Integration Tests	Set up job	2026-01-12T01:52:07.5152175Z Version: 20251211.462
Integration Tests	Set up job	2026-01-12T01:52:07.5152796Z Commit: 6cbad8c2bb55d58165063d031ccabf57e2d2db61
Integration Tests	Set up job	2026-01-12T01:52:07.5153540Z Build Date: 2025-12-11T16:28:49Z
Integration Tests	Set up job	2026-01-12T01:52:07.5154179Z Worker ID: {c4bbb4fa-fba6-4041-891d-1af8a5023832}
Integration Tests	Set up job	2026-01-12T01:52:07.5154910Z ##[endgroup]
Integration Tests	Set up job	2026-01-12T01:52:07.5155389Z ##[group]Operating System
Integration Tests	Set up job	2026-01-12T01:52:07.5156276Z Ubuntu
Integration Tests	Set up job	2026-01-12T01:52:07.5156732Z 24.04.3
Integration Tests	Set up job	2026-01-12T01:52:07.5157178Z LTS
Integration Tests	Set up job	2026-01-12T01:52:07.5157675Z ##[endgroup]
Integration Tests	Set up job	2026-01-12T01:52:07.5158217Z ##[group]Runner Image
Integration Tests	Set up job	2026-01-12T01:52:07.5158750Z Image: ubuntu-24.04
Integration Tests	Set up job	2026-01-12T01:52:07.5159293Z Version: 20260105.202.1
Integration Tests	Set up job	2026-01-12T01:52:07.5160298Z Included Software: https://github.com/actions/runner-images/blob/ubuntu24/20260105.202/images/ubuntu/Ubuntu2404-Readme.md
Integration Tests	Set up job	2026-01-12T01:52:07.5161620Z Image Release: https://github.com/actions/runner-images/releases/tag/ubuntu24%2F20260105.202
Integration Tests	Set up job	2026-01-12T01:52:07.5162877Z ##[endgroup]
Integration Tests	Set up job	2026-01-12T01:52:07.5163978Z ##[group]GITHUB_TOKEN Permissions
Integration Tests	Set up job	2026-01-12T01:52:07.5166279Z Contents: read
Integration Tests	Set up job	2026-01-12T01:52:07.5166855Z Metadata: read
Integration Tests	Set up job	2026-01-12T01:52:07.5167396Z Packages: read
Integration Tests	Set up job	2026-01-12T01:52:07.5167903Z ##[endgroup]
Integration Tests	Set up job	2026-01-12T01:52:07.5169967Z Secret source: Actions
Integration Tests	Set up job	2026-01-12T01:52:07.5170749Z Prepare workflow directory
Integration Tests	Set up job	2026-01-12T01:52:07.5496909Z Prepare all required actions
Integration Tests	Set up job	2026-01-12T01:52:07.5538104Z Getting action download info
Integration Tests	Set up job	2026-01-12T01:52:08.0586179Z Download action repository 'actions/checkout@v4' (SHA:34e114876b0b11c390a56381ad16ebd13914f8d5)
Integration Tests	Set up job	2026-01-12T01:52:08.1787215Z Download action repository 'pnpm/action-setup@v3' (SHA:a3252b78c470c02df07e9d59298aecedc3ccdd6d)
Integration Tests	Set up job	2026-01-12T01:52:08.7847028Z Download action repository 'actions/setup-node@v4' (SHA:49933ea5288caeca8642d1e84afbd3f7d6820020)
Integration Tests	Set up job	2026-01-12T01:52:09.0400112Z Complete job name: Integration Tests
Integration Tests	Checkout	´╗┐2026-01-12T01:52:09.1123735Z ##[group]Run actions/checkout@v4
Integration Tests	Checkout	2026-01-12T01:52:09.1124764Z with:
Integration Tests	Checkout	2026-01-12T01:52:09.1125189Z   repository: aissantos/finansix-web
Integration Tests	Checkout	2026-01-12T01:52:09.1126108Z   token: ***
Integration Tests	Checkout	2026-01-12T01:52:09.1126521Z   ssh-strict: true
Integration Tests	Checkout	2026-01-12T01:52:09.1126921Z   ssh-user: git
Integration Tests	Checkout	2026-01-12T01:52:09.1127335Z   persist-credentials: true
Integration Tests	Checkout	2026-01-12T01:52:09.1127782Z   clean: true
Integration Tests	Checkout	2026-01-12T01:52:09.1128188Z   sparse-checkout-cone-mode: true
Integration Tests	Checkout	2026-01-12T01:52:09.1128678Z   fetch-depth: 1
Integration Tests	Checkout	2026-01-12T01:52:09.1129076Z   fetch-tags: false
Integration Tests	Checkout	2026-01-12T01:52:09.1129478Z   show-progress: true
Integration Tests	Checkout	2026-01-12T01:52:09.1129895Z   lfs: false
Integration Tests	Checkout	2026-01-12T01:52:09.1130284Z   submodules: false
Integration Tests	Checkout	2026-01-12T01:52:09.1130714Z   set-safe-directory: true
Integration Tests	Checkout	2026-01-12T01:52:09.1131452Z ##[endgroup]
Integration Tests	Checkout	2026-01-12T01:52:09.2205722Z Syncing repository: aissantos/finansix-web
Integration Tests	Checkout	2026-01-12T01:52:09.2208168Z ##[group]Getting Git version info
Integration Tests	Checkout	2026-01-12T01:52:09.2208979Z Working directory is '/home/runner/work/finansix-web/finansix-web'
Integration Tests	Checkout	2026-01-12T01:52:09.2210232Z [command]/usr/bin/git version
Integration Tests	Checkout	2026-01-12T01:52:09.2264092Z git version 2.52.0
Integration Tests	Checkout	2026-01-12T01:52:09.2291252Z ##[endgroup]
Integration Tests	Checkout	2026-01-12T01:52:09.2311608Z Temporarily overriding HOME='/home/runner/work/_temp/19a40502-2f1c-4584-a70d-2e92b776c50a' before making global git config changes
Integration Tests	Checkout	2026-01-12T01:52:09.2313016Z Adding repository directory to the temporary git global config as a safe directory
Integration Tests	Checkout	2026-01-12T01:52:09.2317955Z [command]/usr/bin/git config --global --add safe.directory /home/runner/work/finansix-web/finansix-web
Integration Tests	Checkout	2026-01-12T01:52:09.2354760Z Deleting the contents of '/home/runner/work/finansix-web/finansix-web'
Integration Tests	Checkout	2026-01-12T01:52:09.2359119Z ##[group]Initializing the repository
Integration Tests	Checkout	2026-01-12T01:52:09.2363828Z [command]/usr/bin/git init /home/runner/work/finansix-web/finansix-web
Integration Tests	Checkout	2026-01-12T01:52:09.2449816Z hint: Using 'master' as the name for the initial branch. This default branch name
Integration Tests	Checkout	2026-01-12T01:52:09.2451261Z hint: will change to "main" in Git 3.0. To configure the initial branch name
Integration Tests	Checkout	2026-01-12T01:52:09.2453532Z hint: to use in all of your new repositories, which will suppress this warning,
Integration Tests	Checkout	2026-01-12T01:52:09.2454919Z hint: call:
Integration Tests	Checkout	2026-01-12T01:52:09.2455576Z hint:
Integration Tests	Checkout	2026-01-12T01:52:09.2456769Z hint: 	git config --global init.defaultBranch <name>
Integration Tests	Checkout	2026-01-12T01:52:09.2457407Z hint:
Integration Tests	Checkout	2026-01-12T01:52:09.2457963Z hint: Names commonly chosen instead of 'master' are 'main', 'trunk' and
Integration Tests	Checkout	2026-01-12T01:52:09.2459110Z hint: 'development'. The just-created branch can be renamed via this command:
Integration Tests	Checkout	2026-01-12T01:52:09.2460183Z hint:
Integration Tests	Checkout	2026-01-12T01:52:09.2460570Z hint: 	git branch -m <name>
Integration Tests	Checkout	2026-01-12T01:52:09.2461020Z hint:
Integration Tests	Checkout	2026-01-12T01:52:09.2461604Z hint: Disable this message with "git config set advice.defaultBranchName false"
Integration Tests	Checkout	2026-01-12T01:52:09.2462637Z Initialized empty Git repository in /home/runner/work/finansix-web/finansix-web/.git/
Integration Tests	Checkout	2026-01-12T01:52:09.2465203Z [command]/usr/bin/git remote add origin https://github.com/aissantos/finansix-web
Integration Tests	Checkout	2026-01-12T01:52:09.2496852Z ##[endgroup]
Integration Tests	Checkout	2026-01-12T01:52:09.2497652Z ##[group]Disabling automatic garbage collection
Integration Tests	Checkout	2026-01-12T01:52:09.2502106Z [command]/usr/bin/git config --local gc.auto 0
Integration Tests	Checkout	2026-01-12T01:52:09.2530947Z ##[endgroup]
Integration Tests	Checkout	2026-01-12T01:52:09.2532216Z ##[group]Setting up auth
Integration Tests	Checkout	2026-01-12T01:52:09.2538708Z [command]/usr/bin/git config --local --name-only --get-regexp core\.sshCommand
Integration Tests	Checkout	2026-01-12T01:52:09.2569617Z [command]/usr/bin/git submodule foreach --recursive sh -c "git config --local --name-only --get-regexp 'core\.sshCommand' && git config --local --unset-all 'core.sshCommand' || :"
Integration Tests	Checkout	2026-01-12T01:52:09.2872049Z [command]/usr/bin/git config --local --name-only --get-regexp http\.https\:\/\/github\.com\/\.extraheader
Integration Tests	Checkout	2026-01-12T01:52:09.2903797Z [command]/usr/bin/git submodule foreach --recursive sh -c "git config --local --name-only --get-regexp 'http\.https\:\/\/github\.com\/\.extraheader' && git config --local --unset-all 'http.https://github.com/.extraheader' || :"
Integration Tests	Checkout	2026-01-12T01:52:09.3123835Z [command]/usr/bin/git config --local --name-only --get-regexp ^includeIf\.gitdir:
Integration Tests	Checkout	2026-01-12T01:52:09.3162467Z [command]/usr/bin/git submodule foreach --recursive git config --local --show-origin --name-only --get-regexp remote.origin.url
Integration Tests	Checkout	2026-01-12T01:52:09.3384626Z [command]/usr/bin/git config --local http.https://github.com/.extraheader AUTHORIZATION: basic ***
Integration Tests	Checkout	2026-01-12T01:52:09.3417299Z ##[endgroup]
Integration Tests	Checkout	2026-01-12T01:52:09.3418099Z ##[group]Fetching the repository
Integration Tests	Checkout	2026-01-12T01:52:09.3426007Z [command]/usr/bin/git -c protocol.version=2 fetch --no-tags --prune --no-recurse-submodules --depth=1 origin +9ea9636f1c567a73cc11ef49c117ed53b8265616:refs/remotes/origin/main
Integration Tests	Checkout	2026-01-12T01:52:09.8352271Z From https://github.com/aissantos/finansix-web
Integration Tests	Checkout	2026-01-12T01:52:09.8353622Z  * [new ref]         9ea9636f1c567a73cc11ef49c117ed53b8265616 -> origin/main
Integration Tests	Checkout	2026-01-12T01:52:09.8458991Z ##[endgroup]
Integration Tests	Checkout	2026-01-12T01:52:09.8459964Z ##[group]Determining the checkout info
Integration Tests	Checkout	2026-01-12T01:52:09.8461309Z ##[endgroup]
Integration Tests	Checkout	2026-01-12T01:52:09.8466217Z [command]/usr/bin/git sparse-checkout disable
Integration Tests	Checkout	2026-01-12T01:52:09.8593783Z [command]/usr/bin/git config --local --unset-all extensions.worktreeConfig
Integration Tests	Checkout	2026-01-12T01:52:09.8618977Z ##[group]Checking out the ref
Integration Tests	Checkout	2026-01-12T01:52:09.8622496Z [command]/usr/bin/git checkout --progress --force -B main refs/remotes/origin/main
Integration Tests	Checkout	2026-01-12T01:52:09.8795549Z Switched to a new branch 'main'
Integration Tests	Checkout	2026-01-12T01:52:09.8798582Z branch 'main' set up to track 'origin/main'.
Integration Tests	Checkout	2026-01-12T01:52:09.8806807Z ##[endgroup]
Integration Tests	Checkout	2026-01-12T01:52:09.8840595Z [command]/usr/bin/git log -1 --format=%H
Integration Tests	Checkout	2026-01-12T01:52:09.8862472Z 9ea9636f1c567a73cc11ef49c117ed53b8265616
Integration Tests	Setup pnpm	´╗┐2026-01-12T01:52:09.9145602Z ##[group]Run pnpm/action-setup@v3
Integration Tests	Setup pnpm	2026-01-12T01:52:09.9146823Z with:
Integration Tests	Setup pnpm	2026-01-12T01:52:09.9147484Z   version: 9
Integration Tests	Setup pnpm	2026-01-12T01:52:09.9148202Z   dest: ~/setup-pnpm
Integration Tests	Setup pnpm	2026-01-12T01:52:09.9148990Z   run_install: null
Integration Tests	Setup pnpm	2026-01-12T01:52:09.9149985Z   package_json_file: package.json
Integration Tests	Setup pnpm	2026-01-12T01:52:09.9151073Z   standalone: false
Integration Tests	Setup pnpm	2026-01-12T01:52:09.9151825Z ##[endgroup]
Integration Tests	Setup pnpm	2026-01-12T01:52:10.0008659Z ##[group]Running self-installer...
Integration Tests	Setup pnpm	2026-01-12T01:52:10.5104518Z Progress: resolved 1, reused 0, downloaded 0, added 0
Integration Tests	Setup pnpm	2026-01-12T01:52:10.5193012Z Packages: +1
Integration Tests	Setup pnpm	2026-01-12T01:52:10.5194325Z +
Integration Tests	Setup pnpm	2026-01-12T01:52:10.9027932Z Progress: resolved 1, reused 0, downloaded 1, added 1, done
Integration Tests	Setup pnpm	2026-01-12T01:52:10.9293160Z 
Integration Tests	Setup pnpm	2026-01-12T01:52:10.9294162Z dependencies:
Integration Tests	Setup pnpm	2026-01-12T01:52:10.9295566Z + pnpm 9.15.9 (10.28.0 is available)
Integration Tests	Setup pnpm	2026-01-12T01:52:10.9297084Z 
Integration Tests	Setup pnpm	2026-01-12T01:52:10.9327367Z Done in 764ms
Integration Tests	Setup pnpm	2026-01-12T01:52:10.9507598Z ##[endgroup]
Integration Tests	Setup pnpm	2026-01-12T01:52:10.9510970Z Installation Completed!
Integration Tests	Setup Node.js	´╗┐2026-01-12T01:52:10.9736502Z ##[group]Run actions/setup-node@v4
Integration Tests	Setup Node.js	2026-01-12T01:52:10.9737517Z with:
Integration Tests	Setup Node.js	2026-01-12T01:52:10.9738245Z   node-version: 20
Integration Tests	Setup Node.js	2026-01-12T01:52:10.9739036Z   cache: pnpm
Integration Tests	Setup Node.js	2026-01-12T01:52:10.9739802Z   always-auth: false
Integration Tests	Setup Node.js	2026-01-12T01:52:10.9740624Z   check-latest: false
Integration Tests	Setup Node.js	2026-01-12T01:52:10.9741737Z   token: ***
Integration Tests	Setup Node.js	2026-01-12T01:52:10.9742493Z env:
Integration Tests	Setup Node.js	2026-01-12T01:52:10.9743381Z   PNPM_HOME: /home/runner/setup-pnpm/node_modules/.bin
Integration Tests	Setup Node.js	2026-01-12T01:52:10.9744551Z ##[endgroup]
Integration Tests	Setup Node.js	2026-01-12T01:52:11.1973823Z Found in cache @ /opt/hostedtoolcache/node/20.19.6/x64
Integration Tests	Setup Node.js	2026-01-12T01:52:11.1980125Z ##[group]Environment details
Integration Tests	Setup Node.js	2026-01-12T01:52:14.0733784Z node: v20.19.6
Integration Tests	Setup Node.js	2026-01-12T01:52:14.0734249Z npm: 10.8.2
Integration Tests	Setup Node.js	2026-01-12T01:52:14.0734549Z yarn: 1.22.22
Integration Tests	Setup Node.js	2026-01-12T01:52:14.0735371Z ##[endgroup]
Integration Tests	Setup Node.js	2026-01-12T01:52:14.0758213Z [command]/home/runner/setup-pnpm/node_modules/.bin/pnpm store path --silent
Integration Tests	Setup Node.js	2026-01-12T01:52:14.6404458Z /home/runner/setup-pnpm/node_modules/.bin/store/v3
Integration Tests	Setup Node.js	2026-01-12T01:52:14.9813679Z Cache hit for: node-cache-Linux-x64-pnpm-7301bbbaaf00f964542bd8e294dc6b2a959aacd4a12931592a972d10f3ff6d4d
Integration Tests	Setup Node.js	2026-01-12T01:52:16.2678350Z Received 8388608 of 93219167 (9.0%), 8.0 MBs/sec
Integration Tests	Setup Node.js	2026-01-12T01:52:16.9042980Z Received 93219167 of 93219167 (100.0%), 54.3 MBs/sec
Integration Tests	Setup Node.js	2026-01-12T01:52:16.9045301Z Cache Size: ~89 MB (93219167 B)
Integration Tests	Setup Node.js	2026-01-12T01:52:16.9172020Z [command]/usr/bin/tar -xf /home/runner/work/_temp/d3cae9aa-b4d5-420d-bc14-19cab2d20d22/cache.tzst -P -C /home/runner/work/finansix-web/finansix-web --use-compress-program unzstd
Integration Tests	Setup Node.js	2026-01-12T01:52:18.6592177Z Cache restored successfully
Integration Tests	Setup Node.js	2026-01-12T01:52:18.6786441Z Cache restored from key: node-cache-Linux-x64-pnpm-7301bbbaaf00f964542bd8e294dc6b2a959aacd4a12931592a972d10f3ff6d4d
Integration Tests	Install dependencies	´╗┐2026-01-12T01:52:18.6930730Z ##[group]Run pnpm install --frozen-lockfile
Integration Tests	Install dependencies	2026-01-12T01:52:18.6931118Z [36;1mpnpm install --frozen-lockfile[0m
Integration Tests	Install dependencies	2026-01-12T01:52:18.6972846Z shell: /usr/bin/bash -e {0}
Integration Tests	Install dependencies	2026-01-12T01:52:18.6973109Z env:
Integration Tests	Install dependencies	2026-01-12T01:52:18.6973351Z   PNPM_HOME: /home/runner/setup-pnpm/node_modules/.bin
Integration Tests	Install dependencies	2026-01-12T01:52:18.6973657Z ##[endgroup]
Integration Tests	Install dependencies	2026-01-12T01:52:19.1794551Z Lockfile is up to date, resolution step is skipped
Integration Tests	Install dependencies	2026-01-12T01:52:19.2535989Z Progress: resolved 1, reused 0, downloaded 0, added 0
Integration Tests	Install dependencies	2026-01-12T01:52:19.4111670Z Packages: +921
Integration Tests	Install dependencies	2026-01-12T01:52:19.4116551Z ++++++++++++++++++++++++++++++++++++++++++++++++++++++++++++++++++++++++++++++++
Integration Tests	Install dependencies	2026-01-12T01:52:20.2565124Z Progress: resolved 921, reused 921, downloaded 0, added 145
Integration Tests	Install dependencies	2026-01-12T01:52:20.7431809Z Progress: resolved 921, reused 921, downloaded 0, added 921, done
Integration Tests	Install dependencies	2026-01-12T01:52:21.7410252Z 
Integration Tests	Install dependencies	2026-01-12T01:52:21.7410815Z dependencies:
Integration Tests	Install dependencies	2026-01-12T01:52:21.7411253Z + @hookform/resolvers 3.10.0
Integration Tests	Install dependencies	2026-01-12T01:52:21.7411767Z + @radix-ui/react-alert-dialog 1.1.15
Integration Tests	Install dependencies	2026-01-12T01:52:21.7412380Z + @radix-ui/react-dialog 1.1.15
Integration Tests	Install dependencies	2026-01-12T01:52:21.7412892Z + @radix-ui/react-dropdown-menu 2.1.16
Integration Tests	Install dependencies	2026-01-12T01:52:21.7413388Z + @radix-ui/react-select 2.2.6
Integration Tests	Install dependencies	2026-01-12T01:52:21.7413832Z + @radix-ui/react-slot 1.2.4
Integration Tests	Install dependencies	2026-01-12T01:52:21.7414314Z + @radix-ui/react-switch 1.2.6
Integration Tests	Install dependencies	2026-01-12T01:52:21.7414846Z + @radix-ui/react-tabs 1.1.13
Integration Tests	Install dependencies	2026-01-12T01:52:21.7415343Z + @radix-ui/react-toast 1.2.15
Integration Tests	Install dependencies	2026-01-12T01:52:21.7416009Z + @sentry/react 7.120.4
Integration Tests	Install dependencies	2026-01-12T01:52:21.7416458Z + @sentry/tracing 7.120.4
Integration Tests	Install dependencies	2026-01-12T01:52:21.7416936Z + @supabase/supabase-js 2.89.0
Integration Tests	Install dependencies	2026-01-12T01:52:21.7417536Z + @tanstack/query-sync-storage-persister 5.90.18
Integration Tests	Install dependencies	2026-01-12T01:52:21.7418585Z + @tanstack/react-query 5.90.16
Integration Tests	Install dependencies	2026-01-12T01:52:21.7419176Z + @tanstack/react-query-persist-client 5.90.18
Integration Tests	Install dependencies	2026-01-12T01:52:21.7419785Z + @tanstack/react-virtual 3.13.18
Integration Tests	Install dependencies	2026-01-12T01:52:21.7420318Z + class-variance-authority 0.7.1
Integration Tests	Install dependencies	2026-01-12T01:52:21.7420673Z + clsx 2.1.1
Integration Tests	Install dependencies	2026-01-12T01:52:21.7420865Z + date-fns 3.6.0
Integration Tests	Install dependencies	2026-01-12T01:52:21.7421139Z + framer-motion 11.18.2
Integration Tests	Install dependencies	2026-01-12T01:52:21.7421373Z + lucide-react 0.441.0
Integration Tests	Install dependencies	2026-01-12T01:52:21.7421571Z + react 18.3.1
Integration Tests	Install dependencies	2026-01-12T01:52:21.7421767Z + react-dom 18.3.1
Integration Tests	Install dependencies	2026-01-12T01:52:21.7421986Z + react-hook-form 7.70.0
Integration Tests	Install dependencies	2026-01-12T01:52:21.7422281Z + react-joyride 2.9.3
Integration Tests	Install dependencies	2026-01-12T01:52:21.7422648Z + react-router-dom 6.30.2
Integration Tests	Install dependencies	2026-01-12T01:52:21.7422981Z + recharts 2.15.4
Integration Tests	Install dependencies	2026-01-12T01:52:21.7423227Z + tailwind-merge 2.6.0
Integration Tests	Install dependencies	2026-01-12T01:52:21.7423663Z + tailwindcss-animate 1.0.7
Integration Tests	Install dependencies	2026-01-12T01:52:21.7424071Z + workbox-window 7.4.0
Integration Tests	Install dependencies	2026-01-12T01:52:21.7424429Z + zod 3.25.76
Integration Tests	Install dependencies	2026-01-12T01:52:21.7424700Z + zustand 4.5.7
Integration Tests	Install dependencies	2026-01-12T01:52:21.7424864Z 
Integration Tests	Install dependencies	2026-01-12T01:52:21.7424995Z devDependencies:
Integration Tests	Install dependencies	2026-01-12T01:52:21.7425252Z + @eslint/js 9.39.2
Integration Tests	Install dependencies	2026-01-12T01:52:21.7425630Z + @tanstack/react-query-devtools 5.91.2
Integration Tests	Install dependencies	2026-01-12T01:52:21.7426274Z + @testing-library/jest-dom 6.9.1
Integration Tests	Install dependencies	2026-01-12T01:52:21.7426783Z + @testing-library/react 16.3.1
Integration Tests	Install dependencies	2026-01-12T01:52:21.7427206Z + @types/node 22.19.3
Integration Tests	Install dependencies	2026-01-12T01:52:21.7427616Z + @types/react 18.3.27
Integration Tests	Install dependencies	2026-01-12T01:52:21.7427946Z + @types/react-dom 18.3.7
Integration Tests	Install dependencies	2026-01-12T01:52:21.7428314Z + @vitejs/plugin-react 4.7.0
Integration Tests	Install dependencies	2026-01-12T01:52:21.7428738Z + @vitest/coverage-v8 2.1.9
Integration Tests	Install dependencies	2026-01-12T01:52:21.7429072Z + autoprefixer 10.4.23
Integration Tests	Install dependencies	2026-01-12T01:52:21.7429305Z + eslint 9.39.2
Integration Tests	Install dependencies	2026-01-12T01:52:21.7429670Z + eslint-plugin-react-hooks 5.2.0
Integration Tests	Install dependencies	2026-01-12T01:52:21.7430059Z + eslint-plugin-react-refresh 0.4.26
Integration Tests	Install dependencies	2026-01-12T01:52:21.7430523Z + globals 15.15.0
Integration Tests	Install dependencies	2026-01-12T01:52:21.7430854Z + jsdom 25.0.1
Integration Tests	Install dependencies	2026-01-12T01:52:21.7431173Z + postcss 8.5.6
Integration Tests	Install dependencies	2026-01-12T01:52:21.7431514Z + rollup-plugin-visualizer 5.14.0
Integration Tests	Install dependencies	2026-01-12T01:52:21.7431860Z + supabase 2.71.0
Integration Tests	Install dependencies	2026-01-12T01:52:21.7432238Z + tailwindcss 3.4.19
Integration Tests	Install dependencies	2026-01-12T01:52:21.7432471Z + typescript 5.9.3
Integration Tests	Install dependencies	2026-01-12T01:52:21.7432852Z + typescript-eslint 8.52.0
Integration Tests	Install dependencies	2026-01-12T01:52:21.7433163Z + vite 5.4.21
Integration Tests	Install dependencies	2026-01-12T01:52:21.7433473Z + vite-plugin-pwa 0.19.8
Integration Tests	Install dependencies	2026-01-12T01:52:21.7433860Z + vitest 2.1.9
Integration Tests	Install dependencies	2026-01-12T01:52:21.7434201Z + workbox-cli 7.4.0
Integration Tests	Install dependencies	2026-01-12T01:52:21.7434686Z 
Integration Tests	Install dependencies	2026-01-12T01:52:21.7435165Z The following dependencies have build scripts that were ignored: esbuild
Integration Tests	Install dependencies	2026-01-12T01:52:21.7436788Z To allow the execution of build scripts for these packages, add their names to "pnpm.onlyBuiltDependencies" in your "package.json", then run "pnpm rebuild"
Integration Tests	Install dependencies	2026-01-12T01:52:21.7437685Z 
Integration Tests	Install dependencies	2026-01-12T01:52:22.4034586Z Done in 3.6s using pnpm v9.15.9
Integration Tests	Start Supabase and apply DB migrations	´╗┐2026-01-12T01:52:22.4223448Z ##[group]Run # Start Supabase synchronously (wait for it to finish)
Integration Tests	Start Supabase and apply DB migrations	2026-01-12T01:52:22.4223973Z [36;1m# Start Supabase synchronously (wait for it to finish)[0m
Integration Tests	Start Supabase and apply DB migrations	2026-01-12T01:52:22.4224400Z [36;1mpnpm exec supabase start -x analytics,realtime,storage-api[0m
Integration Tests	Start Supabase and apply DB migrations	2026-01-12T01:52:22.4224753Z [36;1m[0m
Integration Tests	Start Supabase and apply DB migrations	2026-01-12T01:52:22.4224934Z [36;1m# Quick health check[0m
Integration Tests	Start Supabase and apply DB migrations	2026-01-12T01:52:22.4225164Z [36;1mif ! nc -z 127.0.0.1 54322; then[0m
Integration Tests	Start Supabase and apply DB migrations	2026-01-12T01:52:22.4225532Z [36;1m  echo "Postgres port 54322 not open immediately. Waiting briefy..."[0m
Integration Tests	Start Supabase and apply DB migrations	2026-01-12T01:52:22.4226645Z [36;1m  for i in {1..30}; do[0m
Integration Tests	Start Supabase and apply DB migrations	2026-01-12T01:52:22.4227029Z [36;1m    if nc -z 127.0.0.1 54322; then[0m
Integration Tests	Start Supabase and apply DB migrations	2026-01-12T01:52:22.4227479Z [36;1m       echo "Postgres is up"; break[0m
Integration Tests	Start Supabase and apply DB migrations	2026-01-12T01:52:22.4227887Z [36;1m    fi[0m
Integration Tests	Start Supabase and apply DB migrations	2026-01-12T01:52:22.4228226Z [36;1m    echo "Waiting for Postgres... ($i)"[0m
Integration Tests	Start Supabase and apply DB migrations	2026-01-12T01:52:22.4228654Z [36;1m    sleep 1[0m
Integration Tests	Start Supabase and apply DB migrations	2026-01-12T01:52:22.4228950Z [36;1m  done[0m
Integration Tests	Start Supabase and apply DB migrations	2026-01-12T01:52:22.4229222Z [36;1mfi[0m
Integration Tests	Start Supabase and apply DB migrations	2026-01-12T01:52:22.4229503Z [36;1m[0m
Integration Tests	Start Supabase and apply DB migrations	2026-01-12T01:52:22.4229801Z [36;1m# Debug: Show logs if still failed[0m
Integration Tests	Start Supabase and apply DB migrations	2026-01-12T01:52:22.4230066Z [36;1mif ! nc -z 127.0.0.1 54322; then[0m
Integration Tests	Start Supabase and apply DB migrations	2026-01-12T01:52:22.4230360Z [36;1m  echo "Postgres failed to start. Showing logs:"[0m
Integration Tests	Start Supabase and apply DB migrations	2026-01-12T01:52:22.4230878Z [36;1m  docker logs supabase_db_finansix-web[0m
Integration Tests	Start Supabase and apply DB migrations	2026-01-12T01:52:22.4231134Z [36;1m  exit 1[0m
Integration Tests	Start Supabase and apply DB migrations	2026-01-12T01:52:22.4231297Z [36;1mfi[0m
Integration Tests	Start Supabase and apply DB migrations	2026-01-12T01:52:22.4231453Z [36;1m[0m
Integration Tests	Start Supabase and apply DB migrations	2026-01-12T01:52:22.4231613Z [36;1m# Verify status[0m
Integration Tests	Start Supabase and apply DB migrations	2026-01-12T01:52:22.4231826Z [36;1mpnpm exec supabase status[0m
Integration Tests	Start Supabase and apply DB migrations	2026-01-12T01:52:22.4264466Z shell: /usr/bin/bash -e {0}
Integration Tests	Start Supabase and apply DB migrations	2026-01-12T01:52:22.4264690Z env:
Integration Tests	Start Supabase and apply DB migrations	2026-01-12T01:52:22.4264927Z   PNPM_HOME: /home/runner/setup-pnpm/node_modules/.bin
Integration Tests	Start Supabase and apply DB migrations	2026-01-12T01:52:22.4265224Z ##[endgroup]
Integration Tests	Start Supabase and apply DB migrations	2026-01-12T01:52:22.8763480Z WARNING: The following container names are not valid to exclude: analytics
Integration Tests	Start Supabase and apply DB migrations	2026-01-12T01:52:22.8766427Z Valid containers to exclude are: edge-runtime, gotrue, imgproxy, kong, logflare, mailpit, postgres-meta, postgrest, realtime, storage-api, studio, supavisor, vector
Integration Tests	Start Supabase and apply DB migrations	2026-01-12T01:52:22.8819300Z  edge-runtime Pulling 
Integration Tests	Start Supabase and apply DB migrations	2026-01-12T01:52:22.8842727Z  mailpit Pulling 
Integration Tests	Start Supabase and apply DB migrations	2026-01-12T01:52:22.8843124Z  studio Pulling 
Integration Tests	Start Supabase and apply DB migrations	2026-01-12T01:52:22.8844067Z  vector Pulling 
Integration Tests	Start Supabase and apply DB migrations	2026-01-12T01:52:22.8844689Z  postgrest Pulling 
Integration Tests	Start Supabase and apply DB migrations	2026-01-12T01:52:22.8845042Z  gotrue Pulling 
Integration Tests	Start Supabase and apply DB migrations	2026-01-12T01:52:22.8845387Z  postgres-meta Pulling 
Integration Tests	Start Supabase and apply DB migrations	2026-01-12T01:52:22.8845947Z  imgproxy Pulling 
Integration Tests	Start Supabase and apply DB migrations	2026-01-12T01:52:22.8846214Z  logflare Pulling 
Integration Tests	Start Supabase and apply DB migrations	2026-01-12T01:52:22.8846422Z  postgres Pulling 
Integration Tests	Start Supabase and apply DB migrations	2026-01-12T01:52:22.8847001Z  kong Pulling 
Integration Tests	Start Supabase and apply DB migrations	2026-01-12T01:52:23.5921607Z  213ec9aee27d Pulling fs layer 
Integration Tests	Start Supabase and apply DB migrations	2026-01-12T01:52:23.5922116Z  a70653f7a2d5 Pulling fs layer 
Integration Tests	Start Supabase and apply DB migrations	2026-01-12T01:52:23.5922410Z  531e3bd93090 Pulling fs layer 
Integration Tests	Start Supabase and apply DB migrations	2026-01-12T01:52:23.5922689Z  814dd06d26c7 Pulling fs layer 
Integration Tests	Start Supabase and apply DB migrations	2026-01-12T01:52:23.5922928Z  814dd06d26c7 Waiting 
Integration Tests	Start Supabase and apply DB migrations	2026-01-12T01:52:23.6013999Z  bd159e379b3b Pulling fs layer 
Integration Tests	Start Supabase and apply DB migrations	2026-01-12T01:52:23.6014614Z  6309c66995c3 Pulling fs layer 
Integration Tests	Start Supabase and apply DB migrations	2026-01-12T01:52:23.6015095Z  afc82c51c69d Pulling fs layer 
Integration Tests	Start Supabase and apply DB migrations	2026-01-12T01:52:23.6015555Z  053e09c75ec1 Pulling fs layer 
Integration Tests	Start Supabase and apply DB migrations	2026-01-12T01:52:23.6016270Z  fc6c361fe360 Pulling fs layer 
Integration Tests	Start Supabase and apply DB migrations	2026-01-12T01:52:23.6016711Z  901d40e1841c Pulling fs layer 
Integration Tests	Start Supabase and apply DB migrations	2026-01-12T01:52:23.6017105Z  6309c66995c3 Waiting 
Integration Tests	Start Supabase and apply DB migrations	2026-01-12T01:52:23.6017454Z  afc82c51c69d Waiting 
Integration Tests	Start Supabase and apply DB migrations	2026-01-12T01:52:23.6017792Z  053e09c75ec1 Waiting 
Integration Tests	Start Supabase and apply DB migrations	2026-01-12T01:52:23.6018112Z  fc6c361fe360 Waiting 
Integration Tests	Start Supabase and apply DB migrations	2026-01-12T01:52:23.6018621Z  901d40e1841c Waiting 
Integration Tests	Start Supabase and apply DB migrations	2026-01-12T01:52:23.6018931Z  bd159e379b3b Waiting 
Integration Tests	Start Supabase and apply DB migrations	2026-01-12T01:52:23.6104066Z  d261077062b2 Pulling fs layer 
Integration Tests	Start Supabase and apply DB migrations	2026-01-12T01:52:23.6106227Z  2babd04ec7b1 Pulling fs layer 
Integration Tests	Start Supabase and apply DB migrations	2026-01-12T01:52:23.6106716Z  6bbeea27f58c Pulling fs layer 
Integration Tests	Start Supabase and apply DB migrations	2026-01-12T01:52:23.6107169Z  2b092e92b1a0 Pulling fs layer 
Integration Tests	Start Supabase and apply DB migrations	2026-01-12T01:52:23.6107607Z  9ced58d1ef15 Pulling fs layer 
Integration Tests	Start Supabase and apply DB migrations	2026-01-12T01:52:23.6108049Z  4f4fb700ef54 Pulling fs layer 
Integration Tests	Start Supabase and apply DB migrations	2026-01-12T01:52:23.6108425Z  6bbeea27f58c Waiting 
Integration Tests	Start Supabase and apply DB migrations	2026-01-12T01:52:23.6109268Z  2b092e92b1a0 Waiting 
Integration Tests	Start Supabase and apply DB migrations	2026-01-12T01:52:23.6109608Z  4f4fb700ef54 Waiting 
Integration Tests	Start Supabase and apply DB migrations	2026-01-12T01:52:23.6109935Z  d261077062b2 Waiting 
Integration Tests	Start Supabase and apply DB migrations	2026-01-12T01:52:23.6110252Z  2babd04ec7b1 Waiting 
Integration Tests	Start Supabase and apply DB migrations	2026-01-12T01:52:23.6688054Z  4a33d2a903ac Pulling fs layer 
Integration Tests	Start Supabase and apply DB migrations	2026-01-12T01:52:23.6688613Z  4a33d2a903ac Waiting 
Integration Tests	Start Supabase and apply DB migrations	2026-01-12T01:52:23.7345013Z  213ec9aee27d Downloading [>                                                  ]  32.77kB/2.806MB
Integration Tests	Start Supabase and apply DB migrations	2026-01-12T01:52:23.7355357Z  a70653f7a2d5 Downloading [==================================================>]     132B/132B
Integration Tests	Start Supabase and apply DB migrations	2026-01-12T01:52:23.7356501Z  a70653f7a2d5 Verifying Checksum 
Integration Tests	Start Supabase and apply DB migrations	2026-01-12T01:52:23.7356964Z  a70653f7a2d5 Download complete 
Integration Tests	Start Supabase and apply DB migrations	2026-01-12T01:52:23.7435952Z  531e3bd93090 Downloading [>                                                  ]  474.5kB/46.53MB
Integration Tests	Start Supabase and apply DB migrations	2026-01-12T01:52:23.7490002Z  213ec9aee27d Verifying Checksum 
Integration Tests	Start Supabase and apply DB migrations	2026-01-12T01:52:23.7490534Z  213ec9aee27d Download complete 
Integration Tests	Start Supabase and apply DB migrations	2026-01-12T01:52:23.7499522Z  213ec9aee27d Extracting [>                                                  ]  32.77kB/2.806MB
Integration Tests	Start Supabase and apply DB migrations	2026-01-12T01:52:23.8298026Z  213ec9aee27d Extracting [==================================================>]  2.806MB/2.806MB
Integration Tests	Start Supabase and apply DB migrations	2026-01-12T01:52:23.8451415Z  531e3bd93090 Downloading [=============================>                     ]  27.08MB/46.53MB
Integration Tests	Start Supabase and apply DB migrations	2026-01-12T01:52:23.8734318Z  814dd06d26c7 Downloading [==================================================>]     881B/881B
Integration Tests	Start Supabase and apply DB migrations	2026-01-12T01:52:23.8739187Z  814dd06d26c7 Verifying Checksum 
Integration Tests	Start Supabase and apply DB migrations	2026-01-12T01:52:23.8739730Z  814dd06d26c7 Download complete 
Integration Tests	Start Supabase and apply DB migrations	2026-01-12T01:52:23.8820292Z  bd159e379b3b Downloading [>                                                  ]  325.1kB/31.42MB
Integration Tests	Start Supabase and apply DB migrations	2026-01-12T01:52:23.8885064Z  213ec9aee27d Pull complete 
Integration Tests	Start Supabase and apply DB migrations	2026-01-12T01:52:23.8893346Z  a70653f7a2d5 Extracting [==================================================>]     132B/132B
Integration Tests	Start Supabase and apply DB migrations	2026-01-12T01:52:23.8913395Z  a70653f7a2d5 Extracting [==================================================>]     132B/132B
Integration Tests	Start Supabase and apply DB migrations	2026-01-12T01:52:23.9394073Z  a70653f7a2d5 Pull complete 
Integration Tests	Start Supabase and apply DB migrations	2026-01-12T01:52:23.9542262Z  531e3bd93090 Downloading [===============================================>   ]  44.19MB/46.53MB
Integration Tests	Start Supabase and apply DB migrations	2026-01-12T01:52:23.9698052Z  531e3bd93090 Verifying Checksum 
Integration Tests	Start Supabase and apply DB migrations	2026-01-12T01:52:23.9698788Z  531e3bd93090 Download complete 
Integration Tests	Start Supabase and apply DB migrations	2026-01-12T01:52:23.9834481Z  bd159e379b3b Downloading [===============================>                   ]  19.64MB/31.42MB
Integration Tests	Start Supabase and apply DB migrations	2026-01-12T01:52:24.0035940Z  531e3bd93090 Extracting [>                                                  ]  491.5kB/46.53MB
Integration Tests	Start Supabase and apply DB migrations	2026-01-12T01:52:24.0388466Z  bd159e379b3b Verifying Checksum 
Integration Tests	Start Supabase and apply DB migrations	2026-01-12T01:52:24.0389054Z  bd159e379b3b Download complete 
Integration Tests	Start Supabase and apply DB migrations	2026-01-12T01:52:24.0630721Z  6309c66995c3 Downloading [>                                                  ]  15.79kB/1.235MB
Integration Tests	Start Supabase and apply DB migrations	2026-01-12T01:52:24.0712237Z  6309c66995c3 Verifying Checksum 
Integration Tests	Start Supabase and apply DB migrations	2026-01-12T01:52:24.0714472Z  6309c66995c3 Download complete 
Integration Tests	Start Supabase and apply DB migrations	2026-01-12T01:52:24.0969396Z  afc82c51c69d Downloading [>                                                  ]  163.2kB/15.84MB
Integration Tests	Start Supabase and apply DB migrations	2026-01-12T01:52:24.1274389Z  bd159e379b3b Extracting [>                                                  ]  327.7kB/31.42MB
Integration Tests	Start Supabase and apply DB migrations	2026-01-12T01:52:24.1566435Z  afc82c51c69d Verifying Checksum 
Integration Tests	Start Supabase and apply DB migrations	2026-01-12T01:52:24.1566831Z  afc82c51c69d Download complete 
Integration Tests	Start Supabase and apply DB migrations	2026-01-12T01:52:24.1871524Z  053e09c75ec1 Downloading [>                                                  ]  146.5kB/13.5MB
Integration Tests	Start Supabase and apply DB migrations	2026-01-12T01:52:24.2064237Z  fc6c361fe360 Downloading [=======>                                           ]  16.38kB/114.3kB
Integration Tests	Start Supabase and apply DB migrations	2026-01-12T01:52:24.2125315Z  fc6c361fe360 Downloading [==================================================>]  114.3kB/114.3kB
Integration Tests	Start Supabase and apply DB migrations	2026-01-12T01:52:24.2127868Z  fc6c361fe360 Verifying Checksum 
Integration Tests	Start Supabase and apply DB migrations	2026-01-12T01:52:24.2128352Z  fc6c361fe360 Download complete 
Integration Tests	Start Supabase and apply DB migrations	2026-01-12T01:52:24.2369819Z  bd159e379b3b Extracting [====>                                              ]  2.621MB/31.42MB
Integration Tests	Start Supabase and apply DB migrations	2026-01-12T01:52:24.2610228Z  531e3bd93090 Extracting [=>                                                 ]    983kB/46.53MB
Integration Tests	Start Supabase and apply DB migrations	2026-01-12T01:52:24.2861212Z  053e09c75ec1 Download complete 
Integration Tests	Start Supabase and apply DB migrations	2026-01-12T01:52:24.2969568Z  901d40e1841c Downloading [==================================================>]  1.743kB/1.743kB
Integration Tests	Start Supabase and apply DB migrations	2026-01-12T01:52:24.2970299Z  901d40e1841c Verifying Checksum 
Integration Tests	Start Supabase and apply DB migrations	2026-01-12T01:52:24.2970582Z  901d40e1841c Download complete 
Integration Tests	Start Supabase and apply DB migrations	2026-01-12T01:52:24.3714360Z  bd159e379b3b Extracting [====>                                              ]  2.949MB/31.42MB
Integration Tests	Start Supabase and apply DB migrations	2026-01-12T01:52:24.3737196Z  531e3bd93090 Extracting [====>                                              ]  4.424MB/46.53MB
Integration Tests	Start Supabase and apply DB migrations	2026-01-12T01:52:24.4818485Z  bd159e379b3b Extracting [=========>                                         ]  6.226MB/31.42MB
Integration Tests	Start Supabase and apply DB migrations	2026-01-12T01:52:24.4851821Z  531e3bd93090 Extracting [=======>                                           ]  7.373MB/46.53MB
Integration Tests	Start Supabase and apply DB migrations	2026-01-12T01:52:24.5177035Z  d261077062b2 Downloading [>                                                  ]   33.3kB/2.83MB
Integration Tests	Start Supabase and apply DB migrations	2026-01-12T01:52:24.5486701Z  2babd04ec7b1 Downloading [=>                                                 ]  14.59kB/661.7kB
Integration Tests	Start Supabase and apply DB migrations	2026-01-12T01:52:24.5937800Z  bd159e379b3b Extracting [==============>                                    ]  8.847MB/31.42MB
Integration Tests	Start Supabase and apply DB migrations	2026-01-12T01:52:24.5960551Z  531e3bd93090 Extracting [==========>                                        ]  9.339MB/46.53MB
Integration Tests	Start Supabase and apply DB migrations	2026-01-12T01:52:24.6200184Z  d261077062b2 Downloading [========================>                          ]   1.41MB/2.83MB
Integration Tests	Start Supabase and apply DB migrations	2026-01-12T01:52:24.6277524Z  2babd04ec7b1 Downloading [==================================================>]  661.7kB/661.7kB
Integration Tests	Start Supabase and apply DB migrations	2026-01-12T01:52:24.6285621Z  2babd04ec7b1 Download complete 
Integration Tests	Start Supabase and apply DB migrations	2026-01-12T01:52:24.6842964Z  d261077062b2 Downloading [==================================================>]   2.83MB/2.83MB
Integration Tests	Start Supabase and apply DB migrations	2026-01-12T01:52:24.6844665Z  d261077062b2 Verifying Checksum 
Integration Tests	Start Supabase and apply DB migrations	2026-01-12T01:52:24.6845156Z  d261077062b2 Download complete 
Integration Tests	Start Supabase and apply DB migrations	2026-01-12T01:52:24.6846801Z  d261077062b2 Extracting [>                                                  ]  32.77kB/2.83MB
Integration Tests	Start Supabase and apply DB migrations	2026-01-12T01:52:24.6848588Z  6bbeea27f58c Downloading [>                                                  ]  435.4kB/42.27MB
Integration Tests	Start Supabase and apply DB migrations	2026-01-12T01:52:24.6954168Z  bd159e379b3b Extracting [===================>                               ]  12.45MB/31.42MB
Integration Tests	Start Supabase and apply DB migrations	2026-01-12T01:52:24.7195524Z  531e3bd93090 Extracting [============>                                      ]   11.3MB/46.53MB
Integration Tests	Start Supabase and apply DB migrations	2026-01-12T01:52:24.7745425Z  2b092e92b1a0 Downloading [==================================================>]     713B/713B
Integration Tests	Start Supabase and apply DB migrations	2026-01-12T01:52:24.7748388Z  2b092e92b1a0 Verifying Checksum 
Integration Tests	Start Supabase and apply DB migrations	2026-01-12T01:52:24.7748889Z  2b092e92b1a0 Download complete 
Integration Tests	Start Supabase and apply DB migrations	2026-01-12T01:52:24.8058522Z  6bbeea27f58c Downloading [============>                                      ]  10.72MB/42.27MB
Integration Tests	Start Supabase and apply DB migrations	2026-01-12T01:52:24.8059593Z  bd159e379b3b Extracting [=====================>                             ]  13.76MB/31.42MB
Integration Tests	Start Supabase and apply DB migrations	2026-01-12T01:52:24.8060602Z  9ced58d1ef15 Downloading [==================================================>]     149B/149B
Integration Tests	Start Supabase and apply DB migrations	2026-01-12T01:52:24.8062176Z  9ced58d1ef15 Verifying Checksum 
Integration Tests	Start Supabase and apply DB migrations	2026-01-12T01:52:24.8063080Z  9ced58d1ef15 Download complete 
Integration Tests	Start Supabase and apply DB migrations	2026-01-12T01:52:24.8186798Z  d261077062b2 Extracting [=============>                                     ]  753.7kB/2.83MB
Integration Tests	Start Supabase and apply DB migrations	2026-01-12T01:52:24.8631729Z  4f4fb700ef54 Downloading [==================================================>]      32B/32B
Integration Tests	Start Supabase and apply DB migrations	2026-01-12T01:52:24.8632597Z  4f4fb700ef54 Verifying Checksum 
Integration Tests	Start Supabase and apply DB migrations	2026-01-12T01:52:24.8633073Z  4f4fb700ef54 Download complete 
Integration Tests	Start Supabase and apply DB migrations	2026-01-12T01:52:24.9183509Z  bd159e379b3b Extracting [=======================>                           ]  15.07MB/31.42MB
Integration Tests	Start Supabase and apply DB migrations	2026-01-12T01:52:24.9210914Z  d261077062b2 Extracting [=================================================> ]  2.785MB/2.83MB
Integration Tests	Start Supabase and apply DB migrations	2026-01-12T01:52:24.9434667Z  4a33d2a903ac Downloading [>                                                  ]  77.15kB/6.284MB
Integration Tests	Start Supabase and apply DB migrations	2026-01-12T01:52:24.9718136Z  6bbeea27f58c Downloading [==================>                                ]   15.9MB/42.27MB
Integration Tests	Start Supabase and apply DB migrations	2026-01-12T01:52:24.9794637Z  4a33d2a903ac Verifying Checksum 
Integration Tests	Start Supabase and apply DB migrations	2026-01-12T01:52:24.9795250Z  4a33d2a903ac Download complete 
Integration Tests	Start Supabase and apply DB migrations	2026-01-12T01:52:24.9798018Z  4a33d2a903ac Extracting [>                                                  ]  65.54kB/6.284MB
Integration Tests	Start Supabase and apply DB migrations	2026-01-12T01:52:25.0723058Z  6bbeea27f58c Downloading [===========================>                       ]  23.21MB/42.27MB
Integration Tests	Start Supabase and apply DB migrations	2026-01-12T01:52:25.1178972Z  d261077062b2 Extracting [==================================================>]   2.83MB/2.83MB
Integration Tests	Start Supabase and apply DB migrations	2026-01-12T01:52:25.1184771Z  531e3bd93090 Extracting [===============>                                   ]  14.75MB/46.53MB
Integration Tests	Start Supabase and apply DB migrations	2026-01-12T01:52:25.1237311Z  4a33d2a903ac Extracting [==>                                                ]  262.1kB/6.284MB
Integration Tests	Start Supabase and apply DB migrations	2026-01-12T01:52:25.1583777Z  bd159e379b3b Extracting [========================>                          ]   15.4MB/31.42MB
Integration Tests	Start Supabase and apply DB migrations	2026-01-12T01:52:25.1744786Z  6bbeea27f58c Downloading [===================================>               ]  29.68MB/42.27MB
Integration Tests	Start Supabase and apply DB migrations	2026-01-12T01:52:25.2176625Z  d261077062b2 Pull complete 
Integration Tests	Start Supabase and apply DB migrations	2026-01-12T01:52:25.2205139Z  2babd04ec7b1 Extracting [==>                                                ]  32.77kB/661.7kB
Integration Tests	Start Supabase and apply DB migrations	2026-01-12T01:52:25.2217742Z  531e3bd93090 Extracting [=================>                                 ]  16.22MB/46.53MB
Integration Tests	Start Supabase and apply DB migrations	2026-01-12T01:52:25.2256797Z  4a33d2a903ac Extracting [=====================>                             ]  2.753MB/6.284MB
Integration Tests	Start Supabase and apply DB migrations	2026-01-12T01:52:25.2641659Z  bd159e379b3b Extracting [===========================>                       ]  17.04MB/31.42MB
Integration Tests	Start Supabase and apply DB migrations	2026-01-12T01:52:25.3124701Z  4a33d2a903ac Extracting [==================================================>]  6.284MB/6.284MB
Integration Tests	Start Supabase and apply DB migrations	2026-01-12T01:52:25.3147526Z  6bbeea27f58c Downloading [=====================================>             ]  31.81MB/42.27MB
Integration Tests	Start Supabase and apply DB migrations	2026-01-12T01:52:25.3206678Z  2babd04ec7b1 Extracting [===================>                               ]  262.1kB/661.7kB
Integration Tests	Start Supabase and apply DB migrations	2026-01-12T01:52:25.3353433Z  531e3bd93090 Extracting [======================>                            ]  21.14MB/46.53MB
Integration Tests	Start Supabase and apply DB migrations	2026-01-12T01:52:25.3366109Z  4a33d2a903ac Pull complete 
Integration Tests	Start Supabase and apply DB migrations	2026-01-12T01:52:25.3470778Z  postgrest Pulled 
Integration Tests	Start Supabase and apply DB migrations	2026-01-12T01:52:25.3670464Z  bd159e379b3b Extracting [==============================>                    ]  19.33MB/31.42MB
Integration Tests	Start Supabase and apply DB migrations	2026-01-12T01:52:25.4422599Z  531e3bd93090 Extracting [===========================>                       ]  26.05MB/46.53MB
Integration Tests	Start Supabase and apply DB migrations	2026-01-12T01:52:25.4530050Z  6bbeea27f58c Downloading [===========================================>       ]  36.97MB/42.27MB
Integration Tests	Start Supabase and apply DB migrations	2026-01-12T01:52:25.4657330Z  2babd04ec7b1 Extracting [==========================================>        ]  557.1kB/661.7kB
Integration Tests	Start Supabase and apply DB migrations	2026-01-12T01:52:25.4704546Z  bd159e379b3b Extracting [=======================================>           ]  24.58MB/31.42MB
Integration Tests	Start Supabase and apply DB migrations	2026-01-12T01:52:25.5311824Z  6bbeea27f58c Verifying Checksum 
Integration Tests	Start Supabase and apply DB migrations	2026-01-12T01:52:25.5314271Z  6bbeea27f58c Download complete 
Integration Tests	Start Supabase and apply DB migrations	2026-01-12T01:52:25.5683533Z  531e3bd93090 Extracting [================================>                  ]  29.98MB/46.53MB
Integration Tests	Start Supabase and apply DB migrations	2026-01-12T01:52:25.5724989Z  bd159e379b3b Extracting [============================================>      ]  28.18MB/31.42MB
Integration Tests	Start Supabase and apply DB migrations	2026-01-12T01:52:25.6078459Z  2babd04ec7b1 Extracting [=================================================> ]  655.4kB/661.7kB
Integration Tests	Start Supabase and apply DB migrations	2026-01-12T01:52:25.6830473Z  2babd04ec7b1 Extracting [==================================================>]  661.7kB/661.7kB
Integration Tests	Start Supabase and apply DB migrations	2026-01-12T01:52:25.7297325Z  531e3bd93090 Extracting [================================>                  ]  30.47MB/46.53MB
Integration Tests	Start Supabase and apply DB migrations	2026-01-12T01:52:25.7817674Z  bd159e379b3b Extracting [=============================================>     ]  28.84MB/31.42MB
Integration Tests	Start Supabase and apply DB migrations	2026-01-12T01:52:25.8436979Z  531e3bd93090 Extracting [====================================>              ]  34.41MB/46.53MB
Integration Tests	Start Supabase and apply DB migrations	2026-01-12T01:52:25.9328050Z  bd159e379b3b Extracting [===============================================>   ]  29.82MB/31.42MB
Integration Tests	Start Supabase and apply DB migrations	2026-01-12T01:52:25.9444202Z  531e3bd93090 Extracting [=======================================>           ]  36.37MB/46.53MB
Integration Tests	Start Supabase and apply DB migrations	2026-01-12T01:52:26.1812845Z  f18232174bc9 Pulling fs layer 
Integration Tests	Start Supabase and apply DB migrations	2026-01-12T01:52:26.1813523Z  fe2636d02863 Pulling fs layer 
Integration Tests	Start Supabase and apply DB migrations	2026-01-12T01:52:26.1813982Z  900bac0c57cc Pulling fs layer 
Integration Tests	Start Supabase and apply DB migrations	2026-01-12T01:52:26.1978870Z  531e3bd93090 Extracting [===========================================>       ]   40.8MB/46.53MB
Integration Tests	Start Supabase and apply DB migrations	2026-01-12T01:52:26.2271935Z  bd159e379b3b Extracting [===============================================>   ]  30.15MB/31.42MB
Integration Tests	Start Supabase and apply DB migrations	2026-01-12T01:52:26.2786448Z  2babd04ec7b1 Pull complete 
Integration Tests	Start Supabase and apply DB migrations	2026-01-12T01:52:26.3019382Z  6bbeea27f58c Extracting [>                                                  ]    426kB/42.27MB
Integration Tests	Start Supabase and apply DB migrations	2026-01-12T01:52:26.3138755Z  f18232174bc9 Downloading [>                                                  ]  49.15kB/3.642MB
Integration Tests	Start Supabase and apply DB migrations	2026-01-12T01:52:26.3272291Z  900bac0c57cc Downloading [=>                                                 ]  3.499kB/171.6kB
Integration Tests	Start Supabase and apply DB migrations	2026-01-12T01:52:26.3281885Z  f18232174bc9 Verifying Checksum 
Integration Tests	Start Supabase and apply DB migrations	2026-01-12T01:52:26.3297920Z  f18232174bc9 Download complete 
Integration Tests	Start Supabase and apply DB migrations	2026-01-12T01:52:26.3303532Z  f18232174bc9 Extracting [>                                                  ]  65.54kB/3.642MB
Integration Tests	Start Supabase and apply DB migrations	2026-01-12T01:52:26.3331397Z  fe2636d02863 Downloading [>                                                  ]  97.71kB/8.45MB
Integration Tests	Start Supabase and apply DB migrations	2026-01-12T01:52:26.3335737Z  900bac0c57cc Downloading [==================================================>]  171.6kB/171.6kB
Integration Tests	Start Supabase and apply DB migrations	2026-01-12T01:52:26.3337634Z  900bac0c57cc Verifying Checksum 
Integration Tests	Start Supabase and apply DB migrations	2026-01-12T01:52:26.3338628Z  900bac0c57cc Download complete 
Integration Tests	Start Supabase and apply DB migrations	2026-01-12T01:52:26.3633404Z  fe2636d02863 Downloading [==================================================>]   8.45MB/8.45MB
Integration Tests	Start Supabase and apply DB migrations	2026-01-12T01:52:26.3636328Z  fe2636d02863 Verifying Checksum 
Integration Tests	Start Supabase and apply DB migrations	2026-01-12T01:52:26.3636845Z  fe2636d02863 Download complete 
Integration Tests	Start Supabase and apply DB migrations	2026-01-12T01:52:26.4072738Z  6bbeea27f58c Extracting [=====>                                             ]   4.26MB/42.27MB
Integration Tests	Start Supabase and apply DB migrations	2026-01-12T01:52:26.4319700Z  f18232174bc9 Extracting [==================>                                ]  1.376MB/3.642MB
Integration Tests	Start Supabase and apply DB migrations	2026-01-12T01:52:26.4993620Z  531e3bd93090 Extracting [============================================>      ]  41.78MB/46.53MB
Integration Tests	Start Supabase and apply DB migrations	2026-01-12T01:52:26.5085945Z  f18232174bc9 Extracting [==================================================>]  3.642MB/3.642MB
Integration Tests	Start Supabase and apply DB migrations	2026-01-12T01:52:26.5142861Z  6bbeea27f58c Extracting [===========>                                       ]  9.372MB/42.27MB
Integration Tests	Start Supabase and apply DB migrations	2026-01-12T01:52:26.5486100Z  f18232174bc9 Pull complete 
Integration Tests	Start Supabase and apply DB migrations	2026-01-12T01:52:26.5513347Z  fe2636d02863 Extracting [>                                                  ]   98.3kB/8.45MB
Integration Tests	Start Supabase and apply DB migrations	2026-01-12T01:52:26.6256570Z  6bbeea27f58c Extracting [================>                                  ]  14.06MB/42.27MB
Integration Tests	Start Supabase and apply DB migrations	2026-01-12T01:52:26.6527051Z  fe2636d02863 Extracting [=======================>                           ]   4.03MB/8.45MB
Integration Tests	Start Supabase and apply DB migrations	2026-01-12T01:52:26.6876603Z  531e3bd93090 Extracting [=============================================>     ]  42.27MB/46.53MB
Integration Tests	Start Supabase and apply DB migrations	2026-01-12T01:52:26.6964192Z  bd159e379b3b Extracting [================================================>  ]  30.47MB/31.42MB
Integration Tests	Start Supabase and apply DB migrations	2026-01-12T01:52:26.7266048Z  6bbeea27f58c Extracting [=====================>                             ]  17.89MB/42.27MB
Integration Tests	Start Supabase and apply DB migrations	2026-01-12T01:52:26.7548111Z  fe2636d02863 Extracting [==================================================>]   8.45MB/8.45MB
Integration Tests	Start Supabase and apply DB migrations	2026-01-12T01:52:26.8206046Z  531e3bd93090 Extracting [=============================================>     ]  42.76MB/46.53MB
Integration Tests	Start Supabase and apply DB migrations	2026-01-12T01:52:26.8340229Z  bd159e379b3b Extracting [=================================================> ]  31.13MB/31.42MB
Integration Tests	Start Supabase and apply DB migrations	2026-01-12T01:52:26.8374044Z  6bbeea27f58c Extracting [=========================>                         ]   21.3MB/42.27MB
Integration Tests	Start Supabase and apply DB migrations	2026-01-12T01:52:26.8495514Z  fe2636d02863 Pull complete 
Integration Tests	Start Supabase and apply DB migrations	2026-01-12T01:52:26.8508846Z  900bac0c57cc Extracting [=========>                                         ]  32.77kB/171.6kB
Integration Tests	Start Supabase and apply DB migrations	2026-01-12T01:52:26.8593694Z  900bac0c57cc Extracting [==================================================>]  171.6kB/171.6kB
Integration Tests	Start Supabase and apply DB migrations	2026-01-12T01:52:26.9059416Z  900bac0c57cc Extracting [==================================================>]  171.6kB/171.6kB
Integration Tests	Start Supabase and apply DB migrations	2026-01-12T01:52:26.9381620Z  6bbeea27f58c Extracting [=============================>                     ]  25.13MB/42.27MB
Integration Tests	Start Supabase and apply DB migrations	2026-01-12T01:52:26.9471084Z  531e3bd93090 Extracting [===============================================>   ]  43.75MB/46.53MB
Integration Tests	Start Supabase and apply DB migrations	2026-01-12T01:52:27.0233370Z  bd159e379b3b Extracting [==================================================>]  31.42MB/31.42MB
Integration Tests	Start Supabase and apply DB migrations	2026-01-12T01:52:27.0379318Z  6bbeea27f58c Extracting [===================================>               ]  29.82MB/42.27MB
Integration Tests	Start Supabase and apply DB migrations	2026-01-12T01:52:27.0611854Z  bd159e379b3b Pull complete 
Integration Tests	Start Supabase and apply DB migrations	2026-01-12T01:52:27.0632523Z  6309c66995c3 Extracting [=>                                                 ]  32.77kB/1.235MB
Integration Tests	Start Supabase and apply DB migrations	2026-01-12T01:52:27.1229766Z  531e3bd93090 Extracting [================================================>  ]  44.73MB/46.53MB
Integration Tests	Start Supabase and apply DB migrations	2026-01-12T01:52:27.1432639Z  6bbeea27f58c Extracting [==========================================>        ]  35.78MB/42.27MB
Integration Tests	Start Supabase and apply DB migrations	2026-01-12T01:52:27.1651344Z  6309c66995c3 Extracting [===========>                                       ]  294.9kB/1.235MB
Integration Tests	Start Supabase and apply DB migrations	2026-01-12T01:52:27.1712025Z  900bac0c57cc Pull complete 
Integration Tests	Start Supabase and apply DB migrations	2026-01-12T01:52:27.1770481Z  mailpit Pulled 
Integration Tests	Start Supabase and apply DB migrations	2026-01-12T01:52:27.2402869Z  531e3bd93090 Extracting [=================================================> ]  45.71MB/46.53MB
Integration Tests	Start Supabase and apply DB migrations	2026-01-12T01:52:27.2497938Z  6bbeea27f58c Extracting [===============================================>   ]  40.04MB/42.27MB
Integration Tests	Start Supabase and apply DB migrations	2026-01-12T01:52:27.2717666Z  ae4ce04d0e1c Pulling fs layer 
Integration Tests	Start Supabase and apply DB migrations	2026-01-12T01:52:27.2718991Z  4d088bcb51f5 Pulling fs layer 
Integration Tests	Start Supabase and apply DB migrations	2026-01-12T01:52:27.2719907Z  1acafb0b2a9a Pulling fs layer 
Integration Tests	Start Supabase and apply DB migrations	2026-01-12T01:52:27.2720750Z  7f92fcb12a25 Pulling fs layer 
Integration Tests	Start Supabase and apply DB migrations	2026-01-12T01:52:27.2721583Z  43cb6be58df5 Pulling fs layer 
Integration Tests	Start Supabase and apply DB migrations	2026-01-12T01:52:27.2722460Z  dc28f90c7354 Pulling fs layer 
Integration Tests	Start Supabase and apply DB migrations	2026-01-12T01:52:27.2723086Z  badc7d8b245c Pulling fs layer 
Integration Tests	Start Supabase and apply DB migrations	2026-01-12T01:52:27.2723547Z  ce04bd32c89f Pulling fs layer 
Integration Tests	Start Supabase and apply DB migrations	2026-01-12T01:52:27.2724017Z  93c7278f8e90 Pulling fs layer 
Integration Tests	Start Supabase and apply DB migrations	2026-01-12T01:52:27.2724460Z  cd6a7b7a37bf Pulling fs layer 
Integration Tests	Start Supabase and apply DB migrations	2026-01-12T01:52:27.2724850Z  7f92fcb12a25 Waiting 
Integration Tests	Start Supabase and apply DB migrations	2026-01-12T01:52:27.2741982Z  43cb6be58df5 Waiting 
Integration Tests	Start Supabase and apply DB migrations	2026-01-12T01:52:27.2745242Z  dc28f90c7354 Waiting 
Integration Tests	Start Supabase and apply DB migrations	2026-01-12T01:52:27.2745636Z  badc7d8b245c Waiting 
Integration Tests	Start Supabase and apply DB migrations	2026-01-12T01:52:27.2746270Z  ce04bd32c89f Waiting 
Integration Tests	Start Supabase and apply DB migrations	2026-01-12T01:52:27.2746658Z  93c7278f8e90 Waiting 
Integration Tests	Start Supabase and apply DB migrations	2026-01-12T01:52:27.2747008Z  cd6a7b7a37bf Waiting 
Integration Tests	Start Supabase and apply DB migrations	2026-01-12T01:52:27.2747705Z  6309c66995c3 Extracting [=====================================>             ]  917.5kB/1.235MB
Integration Tests	Start Supabase and apply DB migrations	2026-01-12T01:52:27.2812671Z  6309c66995c3 Extracting [==================================================>]  1.235MB/1.235MB
Integration Tests	Start Supabase and apply DB migrations	2026-01-12T01:52:27.2819160Z  6309c66995c3 Extracting [==================================================>]  1.235MB/1.235MB
Integration Tests	Start Supabase and apply DB migrations	2026-01-12T01:52:27.3272592Z  6bbeea27f58c Extracting [==================================================>]  42.27MB/42.27MB
Integration Tests	Start Supabase and apply DB migrations	2026-01-12T01:52:27.3389918Z  6309c66995c3 Pull complete 
Integration Tests	Start Supabase and apply DB migrations	2026-01-12T01:52:27.3402516Z  6bbeea27f58c Pull complete 
Integration Tests	Start Supabase and apply DB migrations	2026-01-12T01:52:27.3420071Z  afc82c51c69d Extracting [>                                                  ]  163.8kB/15.84MB
Integration Tests	Start Supabase and apply DB migrations	2026-01-12T01:52:27.3422962Z  2b092e92b1a0 Extracting [==================================================>]     713B/713B
Integration Tests	Start Supabase and apply DB migrations	2026-01-12T01:52:27.3423976Z  2b092e92b1a0 Extracting [==================================================>]     713B/713B
Integration Tests	Start Supabase and apply DB migrations	2026-01-12T01:52:27.3524455Z  20043066d3d5 Pulling fs layer 
Integration Tests	Start Supabase and apply DB migrations	2026-01-12T01:52:27.3526298Z  06c404a8ab22 Pulling fs layer 
Integration Tests	Start Supabase and apply DB migrations	2026-01-12T01:52:27.3529192Z  ca2e96408669 Pulling fs layer 
Integration Tests	Start Supabase and apply DB migrations	2026-01-12T01:52:27.3530780Z  d8cd4f9cada6 Pulling fs layer 
Integration Tests	Start Supabase and apply DB migrations	2026-01-12T01:52:27.3531414Z  c49767e4cb5b Pulling fs layer 
Integration Tests	Start Supabase and apply DB migrations	2026-01-12T01:52:27.3532940Z  e0f4578f6a41 Pulling fs layer 
Integration Tests	Start Supabase and apply DB migrations	2026-01-12T01:52:27.3533568Z  affad191ad26 Pulling fs layer 
Integration Tests	Start Supabase and apply DB migrations	2026-01-12T01:52:27.3534021Z  51d0fa0d3107 Pulling fs layer 
Integration Tests	Start Supabase and apply DB migrations	2026-01-12T01:52:27.3534506Z  4f4fb700ef54 Pulling fs layer 
Integration Tests	Start Supabase and apply DB migrations	2026-01-12T01:52:27.3534976Z  30e54213209d Pulling fs layer 
Integration Tests	Start Supabase and apply DB migrations	2026-01-12T01:52:27.3535445Z  df608b289804 Pulling fs layer 
Integration Tests	Start Supabase and apply DB migrations	2026-01-12T01:52:27.3540700Z  39e171972275 Pulling fs layer 
Integration Tests	Start Supabase and apply DB migrations	2026-01-12T01:52:27.3541242Z  ab16a09d9816 Pulling fs layer 
Integration Tests	Start Supabase and apply DB migrations	2026-01-12T01:52:27.3541994Z  662bf451056f Pulling fs layer 
Integration Tests	Start Supabase and apply DB migrations	2026-01-12T01:52:27.3542470Z  98b673ee0818 Pulling fs layer 
Integration Tests	Start Supabase and apply DB migrations	2026-01-12T01:52:27.3543201Z  72c915d453db Pulling fs layer 
Integration Tests	Start Supabase and apply DB migrations	2026-01-12T01:52:27.3543658Z  221928c8c0e8 Pulling fs layer 
Integration Tests	Start Supabase and apply DB migrations	2026-01-12T01:52:27.3544096Z  e68fde724c13 Pulling fs layer 
Integration Tests	Start Supabase and apply DB migrations	2026-01-12T01:52:27.3544538Z  396596199832 Pulling fs layer 
Integration Tests	Start Supabase and apply DB migrations	2026-01-12T01:52:27.3544976Z  d9b4288e18b6 Pulling fs layer 
Integration Tests	Start Supabase and apply DB migrations	2026-01-12T01:52:27.3545399Z  58d83e696753 Pulling fs layer 
Integration Tests	Start Supabase and apply DB migrations	2026-01-12T01:52:27.3547776Z  e232cbfaacea Pulling fs layer 
Integration Tests	Start Supabase and apply DB migrations	2026-01-12T01:52:27.3549431Z  061c034107e8 Pulling fs layer 
Integration Tests	Start Supabase and apply DB migrations	2026-01-12T01:52:27.3550001Z  c5acd18624f5 Pulling fs layer 
Integration Tests	Start Supabase and apply DB migrations	2026-01-12T01:52:27.3550650Z  0f78e27d6a35 Pulling fs layer 
Integration Tests	Start Supabase and apply DB migrations	2026-01-12T01:52:27.3551096Z  b1cc7966ef37 Pulling fs layer 
Integration Tests	Start Supabase and apply DB migrations	2026-01-12T01:52:27.3551773Z  a718a7acf050 Pulling fs layer 
Integration Tests	Start Supabase and apply DB migrations	2026-01-12T01:52:27.3552389Z  de5eb6494c71 Pulling fs layer 
Integration Tests	Start Supabase and apply DB migrations	2026-01-12T01:52:27.3553157Z  c8fa7ba7d7cd Pulling fs layer 
Integration Tests	Start Supabase and apply DB migrations	2026-01-12T01:52:27.3553776Z  81035d6516cb Pulling fs layer 
Integration Tests	Start Supabase and apply DB migrations	2026-01-12T01:52:27.3554365Z  ae396901bcd6 Pulling fs layer 
Integration Tests	Start Supabase and apply DB migrations	2026-01-12T01:52:27.3554809Z  7b0397a838cc Pulling fs layer 
Integration Tests	Start Supabase and apply DB migrations	2026-01-12T01:52:27.3555289Z  5b05557f64ee Pulling fs layer 
Integration Tests	Start Supabase and apply DB migrations	2026-01-12T01:52:27.3555707Z  f4de72d38181 Pulling fs layer 
Integration Tests	Start Supabase and apply DB migrations	2026-01-12T01:52:27.3556332Z  492029f4ca9e Pulling fs layer 
Integration Tests	Start Supabase and apply DB migrations	2026-01-12T01:52:27.3556922Z  5dfe7a2e4ec2 Pulling fs layer 
Integration Tests	Start Supabase and apply DB migrations	2026-01-12T01:52:27.3557633Z  863b67b02fb7 Pulling fs layer 
Integration Tests	Start Supabase and apply DB migrations	2026-01-12T01:52:27.3558128Z  31bd26451d7d Pulling fs layer 
Integration Tests	Start Supabase and apply DB migrations	2026-01-12T01:52:27.3558576Z  a36903594e8e Pulling fs layer 
Integration Tests	Start Supabase and apply DB migrations	2026-01-12T01:52:27.3559174Z  8328445c503c Pulling fs layer 
Integration Tests	Start Supabase and apply DB migrations	2026-01-12T01:52:27.3559611Z  01520f6ec9f9 Pulling fs layer 
Integration Tests	Start Supabase and apply DB migrations	2026-01-12T01:52:27.3560043Z  ef07f06e1baa Pulling fs layer 
Integration Tests	Start Supabase and apply DB migrations	2026-01-12T01:52:27.3560506Z  dadbe7fec1d7 Pulling fs layer 
Integration Tests	Start Supabase and apply DB migrations	2026-01-12T01:52:27.3560976Z  01a2739fe36a Pulling fs layer 
Integration Tests	Start Supabase and apply DB migrations	2026-01-12T01:52:27.3561430Z  87eb3f1b9097 Pulling fs layer 
Integration Tests	Start Supabase and apply DB migrations	2026-01-12T01:52:27.3561867Z  7f390824cc02 Pulling fs layer 
Integration Tests	Start Supabase and apply DB migrations	2026-01-12T01:52:27.3562296Z  6b79689de943 Pulling fs layer 
Integration Tests	Start Supabase and apply DB migrations	2026-01-12T01:52:27.3562671Z  20043066d3d5 Waiting 
Integration Tests	Start Supabase and apply DB migrations	2026-01-12T01:52:27.3563004Z  06c404a8ab22 Waiting 
Integration Tests	Start Supabase and apply DB migrations	2026-01-12T01:52:27.3563543Z  ca2e96408669 Waiting 
Integration Tests	Start Supabase and apply DB migrations	2026-01-12T01:52:27.3563887Z  d8cd4f9cada6 Waiting 
Integration Tests	Start Supabase and apply DB migrations	2026-01-12T01:52:27.3564241Z  c49767e4cb5b Waiting 
Integration Tests	Start Supabase and apply DB migrations	2026-01-12T01:52:27.3564703Z  e0f4578f6a41 Waiting 
Integration Tests	Start Supabase and apply DB migrations	2026-01-12T01:52:27.3565024Z  affad191ad26 Waiting 
Integration Tests	Start Supabase and apply DB migrations	2026-01-12T01:52:27.3565373Z  51d0fa0d3107 Waiting 
Integration Tests	Start Supabase and apply DB migrations	2026-01-12T01:52:27.3565712Z  4f4fb700ef54 Waiting 
Integration Tests	Start Supabase and apply DB migrations	2026-01-12T01:52:27.3566198Z  30e54213209d Waiting 
Integration Tests	Start Supabase and apply DB migrations	2026-01-12T01:52:27.3566632Z  df608b289804 Waiting 
Integration Tests	Start Supabase and apply DB migrations	2026-01-12T01:52:27.3566963Z  39e171972275 Waiting 
Integration Tests	Start Supabase and apply DB migrations	2026-01-12T01:52:27.3567306Z  ab16a09d9816 Waiting 
Integration Tests	Start Supabase and apply DB migrations	2026-01-12T01:52:27.3567642Z  662bf451056f Waiting 
Integration Tests	Start Supabase and apply DB migrations	2026-01-12T01:52:27.3567973Z  98b673ee0818 Waiting 
Integration Tests	Start Supabase and apply DB migrations	2026-01-12T01:52:27.3568306Z  72c915d453db Waiting 
Integration Tests	Start Supabase and apply DB migrations	2026-01-12T01:52:27.3568882Z  221928c8c0e8 Waiting 
Integration Tests	Start Supabase and apply DB migrations	2026-01-12T01:52:27.3569317Z  e68fde724c13 Waiting 
Integration Tests	Start Supabase and apply DB migrations	2026-01-12T01:52:27.3570027Z  396596199832 Waiting 
Integration Tests	Start Supabase and apply DB migrations	2026-01-12T01:52:27.3570424Z  d9b4288e18b6 Waiting 
Integration Tests	Start Supabase and apply DB migrations	2026-01-12T01:52:27.3570922Z  58d83e696753 Waiting 
Integration Tests	Start Supabase and apply DB migrations	2026-01-12T01:52:27.3571255Z  e232cbfaacea Waiting 
Integration Tests	Start Supabase and apply DB migrations	2026-01-12T01:52:27.3571580Z  061c034107e8 Waiting 
Integration Tests	Start Supabase and apply DB migrations	2026-01-12T01:52:27.3571896Z  c5acd18624f5 Waiting 
Integration Tests	Start Supabase and apply DB migrations	2026-01-12T01:52:27.3572235Z  0f78e27d6a35 Waiting 
Integration Tests	Start Supabase and apply DB migrations	2026-01-12T01:52:27.3572699Z  b1cc7966ef37 Waiting 
Integration Tests	Start Supabase and apply DB migrations	2026-01-12T01:52:27.3573123Z  8e4867b54883 Pulling fs layer 
Integration Tests	Start Supabase and apply DB migrations	2026-01-12T01:52:27.3573582Z  4346159f4004 Pulling fs layer 
Integration Tests	Start Supabase and apply DB migrations	2026-01-12T01:52:27.3574049Z  5aaba2cdf370 Pulling fs layer 
Integration Tests	Start Supabase and apply DB migrations	2026-01-12T01:52:27.3574624Z  a718a7acf050 Waiting 
Integration Tests	Start Supabase and apply DB migrations	2026-01-12T01:52:27.3574975Z  de5eb6494c71 Waiting 
Integration Tests	Start Supabase and apply DB migrations	2026-01-12T01:52:27.3575304Z  c8fa7ba7d7cd Waiting 
Integration Tests	Start Supabase and apply DB migrations	2026-01-12T01:52:27.3575638Z  81035d6516cb Waiting 
Integration Tests	Start Supabase and apply DB migrations	2026-01-12T01:52:27.3576288Z  ae396901bcd6 Waiting 
Integration Tests	Start Supabase and apply DB migrations	2026-01-12T01:52:27.3576790Z  7b0397a838cc Waiting 
Integration Tests	Start Supabase and apply DB migrations	2026-01-12T01:52:27.3577104Z  5b05557f64ee Waiting 
Integration Tests	Start Supabase and apply DB migrations	2026-01-12T01:52:27.3577573Z  f4de72d38181 Waiting 
Integration Tests	Start Supabase and apply DB migrations	2026-01-12T01:52:27.3577919Z  492029f4ca9e Waiting 
Integration Tests	Start Supabase and apply DB migrations	2026-01-12T01:52:27.3578253Z  5dfe7a2e4ec2 Waiting 
Integration Tests	Start Supabase and apply DB migrations	2026-01-12T01:52:27.3578589Z  863b67b02fb7 Waiting 
Integration Tests	Start Supabase and apply DB migrations	2026-01-12T01:52:27.3578940Z  31bd26451d7d Waiting 
Integration Tests	Start Supabase and apply DB migrations	2026-01-12T01:52:27.3579528Z  a36903594e8e Waiting 
Integration Tests	Start Supabase and apply DB migrations	2026-01-12T01:52:27.3579858Z  8328445c503c Waiting 
Integration Tests	Start Supabase and apply DB migrations	2026-01-12T01:52:27.3580182Z  01520f6ec9f9 Waiting 
Integration Tests	Start Supabase and apply DB migrations	2026-01-12T01:52:27.3580667Z  ef07f06e1baa Waiting 
Integration Tests	Start Supabase and apply DB migrations	2026-01-12T01:52:27.3581018Z  dadbe7fec1d7 Waiting 
Integration Tests	Start Supabase and apply DB migrations	2026-01-12T01:52:27.3581343Z  01a2739fe36a Waiting 
Integration Tests	Start Supabase and apply DB migrations	2026-01-12T01:52:27.3581660Z  87eb3f1b9097 Waiting 
Integration Tests	Start Supabase and apply DB migrations	2026-01-12T01:52:27.3581979Z  7f390824cc02 Waiting 
Integration Tests	Start Supabase and apply DB migrations	2026-01-12T01:52:27.3582294Z  6b79689de943 Waiting 
Integration Tests	Start Supabase and apply DB migrations	2026-01-12T01:52:27.3582608Z  4346159f4004 Waiting 
Integration Tests	Start Supabase and apply DB migrations	2026-01-12T01:52:27.3582930Z  5aaba2cdf370 Waiting 
Integration Tests	Start Supabase and apply DB migrations	2026-01-12T01:52:27.3583285Z  2b092e92b1a0 Pull complete 
Integration Tests	Start Supabase and apply DB migrations	2026-01-12T01:52:27.3598529Z  9ced58d1ef15 Extracting [==================================================>]     149B/149B
Integration Tests	Start Supabase and apply DB migrations	2026-01-12T01:52:27.3612308Z  9ced58d1ef15 Extracting [==================================================>]     149B/149B
Integration Tests	Start Supabase and apply DB migrations	2026-01-12T01:52:27.3744047Z  9ced58d1ef15 Pull complete 
Integration Tests	Start Supabase and apply DB migrations	2026-01-12T01:52:27.3757175Z  4f4fb700ef54 Extracting [==================================================>]      32B/32B
Integration Tests	Start Supabase and apply DB migrations	2026-01-12T01:52:27.3767296Z  4f4fb700ef54 Extracting [==================================================>]      32B/32B
Integration Tests	Start Supabase and apply DB migrations	2026-01-12T01:52:27.3863177Z  4f4fb700ef54 Pull complete 
Integration Tests	Start Supabase and apply DB migrations	2026-01-12T01:52:27.3896113Z  4d088bcb51f5 Downloading [==================================================>]  3.306kB/3.306kB
Integration Tests	Start Supabase and apply DB migrations	2026-01-12T01:52:27.3899737Z  4d088bcb51f5 Download complete 
Integration Tests	Start Supabase and apply DB migrations	2026-01-12T01:52:27.3943877Z  vector Pulled 
Integration Tests	Start Supabase and apply DB migrations	2026-01-12T01:52:27.3985236Z  1acafb0b2a9a Downloading [>                                                  ]  424.4kB/40.99MB
Integration Tests	Start Supabase and apply DB migrations	2026-01-12T01:52:27.4101407Z  ae4ce04d0e1c Downloading [>                                                  ]  293.3kB/28.23MB
Integration Tests	Start Supabase and apply DB migrations	2026-01-12T01:52:27.4491846Z  afc82c51c69d Extracting [============>                                      ]  4.096MB/15.84MB
Integration Tests	Start Supabase and apply DB migrations	2026-01-12T01:52:27.5018070Z  1acafb0b2a9a Downloading [====================================>              ]  30.04MB/40.99MB
Integration Tests	Start Supabase and apply DB migrations	2026-01-12T01:52:27.5073760Z  ae4ce04d0e1c Verifying Checksum 
Integration Tests	Start Supabase and apply DB migrations	2026-01-12T01:52:27.5075006Z  ae4ce04d0e1c Download complete 
Integration Tests	Start Supabase and apply DB migrations	2026-01-12T01:52:27.5284735Z  7f92fcb12a25 Downloading [>                                                  ]  32.17kB/1.713MB
Integration Tests	Start Supabase and apply DB migrations	2026-01-12T01:52:27.5366673Z  1acafb0b2a9a Verifying Checksum 
Integration Tests	Start Supabase and apply DB migrations	2026-01-12T01:52:27.5371891Z  1acafb0b2a9a Download complete 
Integration Tests	Start Supabase and apply DB migrations	2026-01-12T01:52:27.5413313Z  7f92fcb12a25 Verifying Checksum 
Integration Tests	Start Supabase and apply DB migrations	2026-01-12T01:52:27.5421399Z  7f92fcb12a25 Download complete 
Integration Tests	Start Supabase and apply DB migrations	2026-01-12T01:52:27.5500748Z  afc82c51c69d Extracting [=======================>                           ]  7.373MB/15.84MB
Integration Tests	Start Supabase and apply DB migrations	2026-01-12T01:52:27.5594612Z  ae4ce04d0e1c Extracting [>                                                  ]  294.9kB/28.23MB
Integration Tests	Start Supabase and apply DB migrations	2026-01-12T01:52:27.6464328Z  43cb6be58df5 Downloading [==================================================>]     445B/445B
Integration Tests	Start Supabase and apply DB migrations	2026-01-12T01:52:27.6470402Z  43cb6be58df5 Verifying Checksum 
Integration Tests	Start Supabase and apply DB migrations	2026-01-12T01:52:27.6471051Z  43cb6be58df5 Download complete 
Integration Tests	Start Supabase and apply DB migrations	2026-01-12T01:52:27.6544355Z  afc82c51c69d Extracting [===================================>               ]   11.3MB/15.84MB
Integration Tests	Start Supabase and apply DB migrations	2026-01-12T01:52:27.6626009Z  ae4ce04d0e1c Extracting [=======>                                           ]  4.424MB/28.23MB
Integration Tests	Start Supabase and apply DB migrations	2026-01-12T01:52:27.6764934Z  badc7d8b245c Downloading [==================================================>]     133B/133B
Integration Tests	Start Supabase and apply DB migrations	2026-01-12T01:52:27.6770690Z  badc7d8b245c Verifying Checksum 
Integration Tests	Start Supabase and apply DB migrations	2026-01-12T01:52:27.6771285Z  badc7d8b245c Download complete 
Integration Tests	Start Supabase and apply DB migrations	2026-01-12T01:52:27.6842097Z  dc28f90c7354 Downloading [>                                                  ]  49.15kB/3.518MB
Integration Tests	Start Supabase and apply DB migrations	2026-01-12T01:52:27.7343323Z  afc82c51c69d Extracting [==================================================>]  15.84MB/15.84MB
Integration Tests	Start Supabase and apply DB migrations	2026-01-12T01:52:27.7442268Z  531e3bd93090 Extracting [==================================================>]  46.53MB/46.53MB
Integration Tests	Start Supabase and apply DB migrations	2026-01-12T01:52:27.7545709Z  dc28f90c7354 Verifying Checksum 
Integration Tests	Start Supabase and apply DB migrations	2026-01-12T01:52:27.7560543Z  dc28f90c7354 Download complete 
Integration Tests	Start Supabase and apply DB migrations	2026-01-12T01:52:27.7686070Z  ae4ce04d0e1c Extracting [==============>                                    ]  7.963MB/28.23MB
Integration Tests	Start Supabase and apply DB migrations	2026-01-12T01:52:27.8067015Z  ce04bd32c89f Downloading [>                                                  ]  257.4kB/24.19MB
Integration Tests	Start Supabase and apply DB migrations	2026-01-12T01:52:27.8139982Z  afc82c51c69d Pull complete 
Integration Tests	Start Supabase and apply DB migrations	2026-01-12T01:52:27.8185459Z  93c7278f8e90 Downloading [=>                                                 ]  3.478kB/115.7kB
Integration Tests	Start Supabase and apply DB migrations	2026-01-12T01:52:27.8188264Z  053e09c75ec1 Extracting [>                                                  ]  163.8kB/13.5MB
Integration Tests	Start Supabase and apply DB migrations	2026-01-12T01:52:27.8240918Z  93c7278f8e90 Downloading [==================================================>]  115.7kB/115.7kB
Integration Tests	Start Supabase and apply DB migrations	2026-01-12T01:52:27.8249297Z  93c7278f8e90 Verifying Checksum 
Integration Tests	Start Supabase and apply DB migrations	2026-01-12T01:52:27.8250863Z  93c7278f8e90 Download complete 
Integration Tests	Start Supabase and apply DB migrations	2026-01-12T01:52:27.8692587Z  ae4ce04d0e1c Extracting [================>                                  ]  9.437MB/28.23MB
Integration Tests	Start Supabase and apply DB migrations	2026-01-12T01:52:27.8987863Z  cd6a7b7a37bf Downloading [==================================================>]  1.344kB/1.344kB
Integration Tests	Start Supabase and apply DB migrations	2026-01-12T01:52:27.8992392Z  cd6a7b7a37bf Verifying Checksum 
Integration Tests	Start Supabase and apply DB migrations	2026-01-12T01:52:27.8992935Z  cd6a7b7a37bf Download complete 
Integration Tests	Start Supabase and apply DB migrations	2026-01-12T01:52:27.9065553Z  ce04bd32c89f Downloading [=============================>                     ]  14.51MB/24.19MB
Integration Tests	Start Supabase and apply DB migrations	2026-01-12T01:52:27.9197267Z  053e09c75ec1 Extracting [=================>                                 ]  4.751MB/13.5MB
Integration Tests	Start Supabase and apply DB migrations	2026-01-12T01:52:27.9468134Z  531e3bd93090 Pull complete 
Integration Tests	Start Supabase and apply DB migrations	2026-01-12T01:52:27.9533691Z  814dd06d26c7 Extracting [==================================================>]     881B/881B
Integration Tests	Start Supabase and apply DB migrations	2026-01-12T01:52:27.9534697Z  814dd06d26c7 Extracting [==================================================>]     881B/881B
Integration Tests	Start Supabase and apply DB migrations	2026-01-12T01:52:27.9688495Z  20043066d3d5 Downloading [>                                                  ]  308.7kB/29.72MB
Integration Tests	Start Supabase and apply DB migrations	2026-01-12T01:52:28.0023671Z  ae4ce04d0e1c Extracting [===================>                               ]  11.21MB/28.23MB
Integration Tests	Start Supabase and apply DB migrations	2026-01-12T01:52:28.0024839Z  ce04bd32c89f Download complete 
Integration Tests	Start Supabase and apply DB migrations	2026-01-12T01:52:28.0156857Z  814dd06d26c7 Pull complete 
Integration Tests	Start Supabase and apply DB migrations	2026-01-12T01:52:28.0202326Z  053e09c75ec1 Extracting [===========================>                       ]  7.537MB/13.5MB
Integration Tests	Start Supabase and apply DB migrations	2026-01-12T01:52:28.0277479Z  kong Pulled 
Integration Tests	Start Supabase and apply DB migrations	2026-01-12T01:52:28.0301858Z  06c404a8ab22 Downloading [==================================================>]     718B/718B
Integration Tests	Start Supabase and apply DB migrations	2026-01-12T01:52:28.0302667Z  06c404a8ab22 Verifying Checksum 
Integration Tests	Start Supabase and apply DB migrations	2026-01-12T01:52:28.0694838Z  06c404a8ab22 Download complete 
Integration Tests	Start Supabase and apply DB migrations	2026-01-12T01:52:28.0695667Z  20043066d3d5 Downloading [=================================================> ]  29.34MB/29.72MB
Integration Tests	Start Supabase and apply DB migrations	2026-01-12T01:52:28.0703050Z  20043066d3d5 Verifying Checksum 
Integration Tests	Start Supabase and apply DB migrations	2026-01-12T01:52:28.0703701Z  20043066d3d5 Download complete 
Integration Tests	Start Supabase and apply DB migrations	2026-01-12T01:52:28.1016380Z  ae4ce04d0e1c Extracting [===========================>                       ]  15.34MB/28.23MB
Integration Tests	Start Supabase and apply DB migrations	2026-01-12T01:52:28.1296539Z  053e09c75ec1 Extracting [============================================>      ]  11.96MB/13.5MB
Integration Tests	Start Supabase and apply DB migrations	2026-01-12T01:52:28.1341499Z  20043066d3d5 Extracting [>                                                  ]  327.7kB/29.72MB
Integration Tests	Start Supabase and apply DB migrations	2026-01-12T01:52:28.1489335Z  ca2e96408669 Downloading [>                                                  ]  536.5kB/97.55MB
Integration Tests	Start Supabase and apply DB migrations	2026-01-12T01:52:28.1960463Z  d8cd4f9cada6 Downloading [==================================================>]  1.387kB/1.387kB
Integration Tests	Start Supabase and apply DB migrations	2026-01-12T01:52:28.1969038Z  d8cd4f9cada6 Verifying Checksum 
Integration Tests	Start Supabase and apply DB migrations	2026-01-12T01:52:28.1969578Z  d8cd4f9cada6 Download complete 
Integration Tests	Start Supabase and apply DB migrations	2026-01-12T01:52:28.2039536Z  ae4ce04d0e1c Extracting [==================================>                ]  19.76MB/28.23MB
Integration Tests	Start Supabase and apply DB migrations	2026-01-12T01:52:28.2176638Z  c49767e4cb5b Downloading [==================================================>]  1.407kB/1.407kB
Integration Tests	Start Supabase and apply DB migrations	2026-01-12T01:52:28.2186951Z  c49767e4cb5b Verifying Checksum 
Integration Tests	Start Supabase and apply DB migrations	2026-01-12T01:52:28.2188548Z  c49767e4cb5b Download complete 
Integration Tests	Start Supabase and apply DB migrations	2026-01-12T01:52:28.2377587Z  053e09c75ec1 Extracting [===============================================>   ]  12.78MB/13.5MB
Integration Tests	Start Supabase and apply DB migrations	2026-01-12T01:52:28.2452816Z  20043066d3d5 Extracting [=====>                                             ]  3.277MB/29.72MB
Integration Tests	Start Supabase and apply DB migrations	2026-01-12T01:52:28.2517663Z  ca2e96408669 Downloading [===============>                                   ]  30.26MB/97.55MB
Integration Tests	Start Supabase and apply DB migrations	2026-01-12T01:52:28.3101903Z  ae4ce04d0e1c Extracting [========================================>          ]     23MB/28.23MB
Integration Tests	Start Supabase and apply DB migrations	2026-01-12T01:52:28.3568947Z  053e09c75ec1 Extracting [=================================================> ]  13.43MB/13.5MB
Integration Tests	Start Supabase and apply DB migrations	2026-01-12T01:52:28.3573926Z  20043066d3d5 Extracting [==========>                                        ]  6.226MB/29.72MB
Integration Tests	Start Supabase and apply DB migrations	2026-01-12T01:52:28.3696177Z  053e09c75ec1 Extracting [==================================================>]   13.5MB/13.5MB
Integration Tests	Start Supabase and apply DB migrations	2026-01-12T01:52:28.3699866Z  ca2e96408669 Downloading [===============================>                   ]  61.08MB/97.55MB
Integration Tests	Start Supabase and apply DB migrations	2026-01-12T01:52:28.3702421Z  e0f4578f6a41 Downloading [==================================================>]     296B/296B
Integration Tests	Start Supabase and apply DB migrations	2026-01-12T01:52:28.3703297Z  e0f4578f6a41 Verifying Checksum 
Integration Tests	Start Supabase and apply DB migrations	2026-01-12T01:52:28.3705954Z  e0f4578f6a41 Download complete 
Integration Tests	Start Supabase and apply DB migrations	2026-01-12T01:52:28.3850856Z  affad191ad26 Downloading [>                                                  ]  391.9kB/38.1MB
Integration Tests	Start Supabase and apply DB migrations	2026-01-12T01:52:28.4631901Z  ca2e96408669 Downloading [=============================================>     ]   89.2MB/97.55MB
Integration Tests	Start Supabase and apply DB migrations	2026-01-12T01:52:28.4743411Z  20043066d3d5 Extracting [=============>                                     ]  7.864MB/29.72MB
Integration Tests	Start Supabase and apply DB migrations	2026-01-12T01:52:28.4928900Z  affad191ad26 Downloading [====================================>              ]  27.52MB/38.1MB
Integration Tests	Start Supabase and apply DB migrations	2026-01-12T01:52:28.5111045Z  51d0fa0d3107 Downloading [>                                                  ]  15.76kB/1.148MB
Integration Tests	Start Supabase and apply DB migrations	2026-01-12T01:52:28.5114730Z  ca2e96408669 Verifying Checksum 
Integration Tests	Start Supabase and apply DB migrations	2026-01-12T01:52:28.5115218Z  ca2e96408669 Download complete 
Integration Tests	Start Supabase and apply DB migrations	2026-01-12T01:52:28.5182930Z  51d0fa0d3107 Verifying Checksum 
Integration Tests	Start Supabase and apply DB migrations	2026-01-12T01:52:28.5183892Z  51d0fa0d3107 Download complete 
Integration Tests	Start Supabase and apply DB migrations	2026-01-12T01:52:28.5188175Z  affad191ad26 Verifying Checksum 
Integration Tests	Start Supabase and apply DB migrations	2026-01-12T01:52:28.5189088Z  affad191ad26 Download complete 
Integration Tests	Start Supabase and apply DB migrations	2026-01-12T01:52:28.5777669Z  20043066d3d5 Extracting [==============>                                    ]  8.847MB/29.72MB
Integration Tests	Start Supabase and apply DB migrations	2026-01-12T01:52:28.6032381Z  4f4fb700ef54 Downloading [==================================================>]      32B/32B
Integration Tests	Start Supabase and apply DB migrations	2026-01-12T01:52:28.6033316Z  4f4fb700ef54 Verifying Checksum 
Integration Tests	Start Supabase and apply DB migrations	2026-01-12T01:52:28.6033911Z  4f4fb700ef54 Download complete 
Integration Tests	Start Supabase and apply DB migrations	2026-01-12T01:52:28.6513452Z  30e54213209d Downloading [>                                                  ]  539.7kB/700.2MB
Integration Tests	Start Supabase and apply DB migrations	2026-01-12T01:52:28.6514615Z  df608b289804 Downloading [>                                                  ]  32.77kB/2.845MB
Integration Tests	Start Supabase and apply DB migrations	2026-01-12T01:52:28.6669602Z  df608b289804 Verifying Checksum 
Integration Tests	Start Supabase and apply DB migrations	2026-01-12T01:52:28.6670162Z  df608b289804 Download complete 
Integration Tests	Start Supabase and apply DB migrations	2026-01-12T01:52:28.6812813Z  20043066d3d5 Extracting [===============>                                   ]  9.503MB/29.72MB
Integration Tests	Start Supabase and apply DB migrations	2026-01-12T01:52:28.6857043Z  ae4ce04d0e1c Extracting [==========================================>        ]  23.89MB/28.23MB
Integration Tests	Start Supabase and apply DB migrations	2026-01-12T01:52:28.7186589Z  053e09c75ec1 Pull complete 
Integration Tests	Start Supabase and apply DB migrations	2026-01-12T01:52:28.7246618Z  fc6c361fe360 Extracting [==============>                                    ]  32.77kB/114.3kB
Integration Tests	Start Supabase and apply DB migrations	2026-01-12T01:52:28.7285152Z  fc6c361fe360 Extracting [==================================================>]  114.3kB/114.3kB
Integration Tests	Start Supabase and apply DB migrations	2026-01-12T01:52:28.7527047Z  30e54213209d Downloading [==>                                                ]  31.41MB/700.2MB
Integration Tests	Start Supabase and apply DB migrations	2026-01-12T01:52:28.7553087Z  39e171972275 Downloading [==================================================>]     255B/255B
Integration Tests	Start Supabase and apply DB migrations	2026-01-12T01:52:28.7566416Z  39e171972275 Verifying Checksum 
Integration Tests	Start Supabase and apply DB migrations	2026-01-12T01:52:28.7568936Z  39e171972275 Download complete 
Integration Tests	Start Supabase and apply DB migrations	2026-01-12T01:52:28.7820569Z  20043066d3d5 Extracting [==================>                                ]  11.14MB/29.72MB
Integration Tests	Start Supabase and apply DB migrations	2026-01-12T01:52:28.8228267Z  ab16a09d9816 Downloading [>                                                  ]  179.6kB/16.47MB
Integration Tests	Start Supabase and apply DB migrations	2026-01-12T01:52:28.8237962Z  ae4ce04d0e1c Extracting [============================================>      ]  25.07MB/28.23MB
Integration Tests	Start Supabase and apply DB migrations	2026-01-12T01:52:28.8547301Z  30e54213209d Downloading [===>                                               ]  48.92MB/700.2MB
Integration Tests	Start Supabase and apply DB migrations	2026-01-12T01:52:28.8785482Z  fc6c361fe360 Pull complete 
Integration Tests	Start Supabase and apply DB migrations	2026-01-12T01:52:28.8860869Z  901d40e1841c Extracting [==================================================>]  1.743kB/1.743kB
Integration Tests	Start Supabase and apply DB migrations	2026-01-12T01:52:28.8861917Z  901d40e1841c Extracting [==================================================>]  1.743kB/1.743kB
Integration Tests	Start Supabase and apply DB migrations	2026-01-12T01:52:28.8888322Z  ab16a09d9816 Verifying Checksum 
Integration Tests	Start Supabase and apply DB migrations	2026-01-12T01:52:28.8900045Z  ab16a09d9816 Download complete 
Integration Tests	Start Supabase and apply DB migrations	2026-01-12T01:52:28.8901221Z  20043066d3d5 Extracting [======================>                            ]  13.43MB/29.72MB
Integration Tests	Start Supabase and apply DB migrations	2026-01-12T01:52:28.8997695Z  662bf451056f Downloading [==================================================>]     569B/569B
Integration Tests	Start Supabase and apply DB migrations	2026-01-12T01:52:28.8998792Z  662bf451056f Verifying Checksum 
Integration Tests	Start Supabase and apply DB migrations	2026-01-12T01:52:28.8999385Z  662bf451056f Download complete 
Integration Tests	Start Supabase and apply DB migrations	2026-01-12T01:52:28.9632720Z  30e54213209d Downloading [====>                                              ]  69.13MB/700.2MB
Integration Tests	Start Supabase and apply DB migrations	2026-01-12T01:52:29.0106617Z  901d40e1841c Pull complete 
Integration Tests	Start Supabase and apply DB migrations	2026-01-12T01:52:29.0144243Z  20043066d3d5 Extracting [=============================>                     ]  17.69MB/29.72MB
Integration Tests	Start Supabase and apply DB migrations	2026-01-12T01:52:29.0257493Z  72c915d453db Downloading [==================================================>]     567B/567B
Integration Tests	Start Supabase and apply DB migrations	2026-01-12T01:52:29.0258711Z  72c915d453db Verifying Checksum 
Integration Tests	Start Supabase and apply DB migrations	2026-01-12T01:52:29.0259554Z  72c915d453db Download complete 
Integration Tests	Start Supabase and apply DB migrations	2026-01-12T01:52:29.0271481Z  imgproxy Pulled 
Integration Tests	Start Supabase and apply DB migrations	2026-01-12T01:52:29.0347359Z  ae4ce04d0e1c Extracting [===============================================>   ]  26.84MB/28.23MB
Integration Tests	Start Supabase and apply DB migrations	2026-01-12T01:52:29.0394194Z  98b673ee0818 Downloading [==================================================>]     548B/548B
Integration Tests	Start Supabase and apply DB migrations	2026-01-12T01:52:29.0397525Z  98b673ee0818 Verifying Checksum 
Integration Tests	Start Supabase and apply DB migrations	2026-01-12T01:52:29.0402151Z  98b673ee0818 Download complete 
Integration Tests	Start Supabase and apply DB migrations	2026-01-12T01:52:29.0649030Z  30e54213209d Downloading [======>                                            ]  86.15MB/700.2MB
Integration Tests	Start Supabase and apply DB migrations	2026-01-12T01:52:29.1181114Z  20043066d3d5 Extracting [=======================================>           ]  23.27MB/29.72MB
Integration Tests	Start Supabase and apply DB migrations	2026-01-12T01:52:29.1654537Z  30e54213209d Downloading [========>                                          ]  118.1MB/700.2MB
Integration Tests	Start Supabase and apply DB migrations	2026-01-12T01:52:29.1738295Z  e68fde724c13 Downloading [==>                                                ]  16.38kB/391kB
Integration Tests	Start Supabase and apply DB migrations	2026-01-12T01:52:29.1739403Z  221928c8c0e8 Downloading [==================================================>]     545B/545B
Integration Tests	Start Supabase and apply DB migrations	2026-01-12T01:52:29.1740798Z  221928c8c0e8 Verifying Checksum 
Integration Tests	Start Supabase and apply DB migrations	2026-01-12T01:52:29.1750464Z  221928c8c0e8 Download complete 
Integration Tests	Start Supabase and apply DB migrations	2026-01-12T01:52:29.1799354Z  e68fde724c13 Verifying Checksum 
Integration Tests	Start Supabase and apply DB migrations	2026-01-12T01:52:29.1800343Z  e68fde724c13 Download complete 
Integration Tests	Start Supabase and apply DB migrations	2026-01-12T01:52:29.2653055Z  30e54213209d Downloading [==========>                                        ]  149.9MB/700.2MB
Integration Tests	Start Supabase and apply DB migrations	2026-01-12T01:52:29.3072190Z  396596199832 Downloading [==================================================>]  1.281kB/1.281kB
Integration Tests	Start Supabase and apply DB migrations	2026-01-12T01:52:29.3075316Z  396596199832 Verifying Checksum 
Integration Tests	Start Supabase and apply DB migrations	2026-01-12T01:52:29.3075970Z  396596199832 Download complete 
Integration Tests	Start Supabase and apply DB migrations	2026-01-12T01:52:29.3213814Z  d9b4288e18b6 Downloading [==================================================>]     288B/288B
Integration Tests	Start Supabase and apply DB migrations	2026-01-12T01:52:29.3214652Z  d9b4288e18b6 Verifying Checksum 
Integration Tests	Start Supabase and apply DB migrations	2026-01-12T01:52:29.3215128Z  d9b4288e18b6 Download complete 
Integration Tests	Start Supabase and apply DB migrations	2026-01-12T01:52:29.3615032Z  20043066d3d5 Extracting [==========================================>        ]  25.56MB/29.72MB
Integration Tests	Start Supabase and apply DB migrations	2026-01-12T01:52:29.3660825Z  30e54213209d Downloading [============>                                      ]    176MB/700.2MB
Integration Tests	Start Supabase and apply DB migrations	2026-01-12T01:52:29.4387253Z  ae4ce04d0e1c Extracting [================================================>  ]  27.43MB/28.23MB
Integration Tests	Start Supabase and apply DB migrations	2026-01-12T01:52:29.4394803Z  58d83e696753 Downloading [>                                                  ]  113.7kB/9.899MB
Integration Tests	Start Supabase and apply DB migrations	2026-01-12T01:52:29.4529149Z  e232cbfaacea Downloading [=>                                                 ]  16.38kB/424.6kB
Integration Tests	Start Supabase and apply DB migrations	2026-01-12T01:52:29.4694619Z  e232cbfaacea Downloading [==================================================>]  424.6kB/424.6kB
Integration Tests	Start Supabase and apply DB migrations	2026-01-12T01:52:29.4696522Z  e232cbfaacea Verifying Checksum 
Integration Tests	Start Supabase and apply DB migrations	2026-01-12T01:52:29.4699319Z  e232cbfaacea Download complete 
Integration Tests	Start Supabase and apply DB migrations	2026-01-12T01:52:29.4700193Z  30e54213209d Downloading [==============>                                    ]  209.5MB/700.2MB
Integration Tests	Start Supabase and apply DB migrations	2026-01-12T01:52:29.4767960Z  58d83e696753 Verifying Checksum 
Integration Tests	Start Supabase and apply DB migrations	2026-01-12T01:52:29.4772124Z  58d83e696753 Download complete 
Integration Tests	Start Supabase and apply DB migrations	2026-01-12T01:52:29.5024025Z  20043066d3d5 Extracting [==============================================>    ]  27.85MB/29.72MB
Integration Tests	Start Supabase and apply DB migrations	2026-01-12T01:52:29.5678318Z  30e54213209d Downloading [=================>                                 ]  242.5MB/700.2MB
Integration Tests	Start Supabase and apply DB migrations	2026-01-12T01:52:29.5978810Z  ae4ce04d0e1c Extracting [==================================================>]  28.23MB/28.23MB
Integration Tests	Start Supabase and apply DB migrations	2026-01-12T01:52:29.6114599Z  c5acd18624f5 Downloading [==================================================>]  3.264kB/3.264kB
Integration Tests	Start Supabase and apply DB migrations	2026-01-12T01:52:29.6115921Z  c5acd18624f5 Verifying Checksum 
Integration Tests	Start Supabase and apply DB migrations	2026-01-12T01:52:29.6116791Z  c5acd18624f5 Download complete 
Integration Tests	Start Supabase and apply DB migrations	2026-01-12T01:52:29.6133924Z  061c034107e8 Downloading [>                                                  ]  538.1kB/121.6MB
Integration Tests	Start Supabase and apply DB migrations	2026-01-12T01:52:29.6402242Z  ae4ce04d0e1c Pull complete 
Integration Tests	Start Supabase and apply DB migrations	2026-01-12T01:52:29.6426848Z  4d088bcb51f5 Extracting [==================================================>]  3.306kB/3.306kB
Integration Tests	Start Supabase and apply DB migrations	2026-01-12T01:52:29.6441958Z  4d088bcb51f5 Extracting [==================================================>]  3.306kB/3.306kB
Integration Tests	Start Supabase and apply DB migrations	2026-01-12T01:52:29.6695255Z  30e54213209d Downloading [===================>                               ]  273.3MB/700.2MB
Integration Tests	Start Supabase and apply DB migrations	2026-01-12T01:52:29.7309205Z  061c034107e8 Downloading [===========>                                       ]  27.64MB/121.6MB
Integration Tests	Start Supabase and apply DB migrations	2026-01-12T01:52:29.7425102Z  0f78e27d6a35 Downloading [>                                                  ]  16.38kB/982.8kB
Integration Tests	Start Supabase and apply DB migrations	2026-01-12T01:52:29.7526618Z  0f78e27d6a35 Verifying Checksum 
Integration Tests	Start Supabase and apply DB migrations	2026-01-12T01:52:29.7527372Z  0f78e27d6a35 Download complete 
Integration Tests	Start Supabase and apply DB migrations	2026-01-12T01:52:29.7704434Z  30e54213209d Downloading [=====================>                             ]  295.1MB/700.2MB
Integration Tests	Start Supabase and apply DB migrations	2026-01-12T01:52:29.7770910Z  20043066d3d5 Extracting [=================================================> ]  29.49MB/29.72MB
Integration Tests	Start Supabase and apply DB migrations	2026-01-12T01:52:29.8607572Z  061c034107e8 Downloading [======================>                            ]  55.25MB/121.6MB
Integration Tests	Start Supabase and apply DB migrations	2026-01-12T01:52:29.8716435Z  30e54213209d Downloading [======================>                            ]  310.5MB/700.2MB
Integration Tests	Start Supabase and apply DB migrations	2026-01-12T01:52:29.8992948Z  b1cc7966ef37 Downloading [==================================================>]     793B/793B
Integration Tests	Start Supabase and apply DB migrations	2026-01-12T01:52:29.8995691Z  b1cc7966ef37 Verifying Checksum 
Integration Tests	Start Supabase and apply DB migrations	2026-01-12T01:52:29.8997061Z  b1cc7966ef37 Download complete 
Integration Tests	Start Supabase and apply DB migrations	2026-01-12T01:52:29.9529621Z  4d088bcb51f5 Pull complete 
Integration Tests	Start Supabase and apply DB migrations	2026-01-12T01:52:29.9597861Z  061c034107e8 Downloading [==============================>                    ]  73.31MB/121.6MB
Integration Tests	Start Supabase and apply DB migrations	2026-01-12T01:52:29.9745686Z  30e54213209d Downloading [=======================>                           ]  328.1MB/700.2MB
Integration Tests	Start Supabase and apply DB migrations	2026-01-12T01:52:29.9748715Z  20043066d3d5 Extracting [==================================================>]  29.72MB/29.72MB
Integration Tests	Start Supabase and apply DB migrations	2026-01-12T01:52:30.0275511Z  1acafb0b2a9a Extracting [>                                                  ]    426kB/40.99MB
Integration Tests	Start Supabase and apply DB migrations	2026-01-12T01:52:30.0453500Z  a718a7acf050 Downloading [>                                                  ]  16.38kB/1.003MB
Integration Tests	Start Supabase and apply DB migrations	2026-01-12T01:52:30.0602514Z  061c034107e8 Downloading [========================================>          ]  97.77MB/121.6MB
Integration Tests	Start Supabase and apply DB migrations	2026-01-12T01:52:30.0621430Z  a718a7acf050 Verifying Checksum 
Integration Tests	Start Supabase and apply DB migrations	2026-01-12T01:52:30.0624666Z  a718a7acf050 Download complete 
Integration Tests	Start Supabase and apply DB migrations	2026-01-12T01:52:30.0780549Z  30e54213209d Downloading [=========================>                         ]    351MB/700.2MB
Integration Tests	Start Supabase and apply DB migrations	2026-01-12T01:52:30.1327303Z  1acafb0b2a9a Extracting [====>                                              ]  3.834MB/40.99MB
Integration Tests	Start Supabase and apply DB migrations	2026-01-12T01:52:30.1416970Z  061c034107e8 Verifying Checksum 
Integration Tests	Start Supabase and apply DB migrations	2026-01-12T01:52:30.1417490Z  061c034107e8 Download complete 
Integration Tests	Start Supabase and apply DB migrations	2026-01-12T01:52:30.1977194Z  de5eb6494c71 Downloading [==========>                                        ]  16.38kB/80.17kB
Integration Tests	Start Supabase and apply DB migrations	2026-01-12T01:52:30.2109381Z  de5eb6494c71 Downloading [==================================================>]  80.17kB/80.17kB
Integration Tests	Start Supabase and apply DB migrations	2026-01-12T01:52:30.2110650Z  de5eb6494c71 Verifying Checksum 
Integration Tests	Start Supabase and apply DB migrations	2026-01-12T01:52:30.2111605Z  de5eb6494c71 Download complete 
Integration Tests	Start Supabase and apply DB migrations	2026-01-12T01:52:30.2112600Z  30e54213209d Downloading [=========================>                         ]  362.1MB/700.2MB
Integration Tests	Start Supabase and apply DB migrations	2026-01-12T01:52:30.2366477Z  1acafb0b2a9a Extracting [===============>                                   ]  12.35MB/40.99MB
Integration Tests	Start Supabase and apply DB migrations	2026-01-12T01:52:30.3098140Z  30e54213209d Downloading [============================>                      ]  394.6MB/700.2MB
Integration Tests	Start Supabase and apply DB migrations	2026-01-12T01:52:30.3440400Z  1acafb0b2a9a Extracting [=======================>                           ]  19.17MB/40.99MB
Integration Tests	Start Supabase and apply DB migrations	2026-01-12T01:52:30.3452151Z  c8fa7ba7d7cd Downloading [=====================================>             ]  6.396kB/8.459kB
Integration Tests	Start Supabase and apply DB migrations	2026-01-12T01:52:30.3453157Z  c8fa7ba7d7cd Downloading [==================================================>]  8.459kB/8.459kB
Integration Tests	Start Supabase and apply DB migrations	2026-01-12T01:52:30.3453947Z  c8fa7ba7d7cd Verifying Checksum 
Integration Tests	Start Supabase and apply DB migrations	2026-01-12T01:52:30.3454419Z  c8fa7ba7d7cd Download complete 
Integration Tests	Start Supabase and apply DB migrations	2026-01-12T01:52:30.3470886Z  81035d6516cb Downloading [==================================================>]   1.89kB/1.89kB
Integration Tests	Start Supabase and apply DB migrations	2026-01-12T01:52:30.3472451Z  81035d6516cb Verifying Checksum 
Integration Tests	Start Supabase and apply DB migrations	2026-01-12T01:52:30.3473204Z  81035d6516cb Download complete 
Integration Tests	Start Supabase and apply DB migrations	2026-01-12T01:52:30.4104841Z  30e54213209d Downloading [==============================>                    ]    428MB/700.2MB
Integration Tests	Start Supabase and apply DB migrations	2026-01-12T01:52:30.4508163Z  1acafb0b2a9a Extracting [=================================>                 ]  27.26MB/40.99MB
Integration Tests	Start Supabase and apply DB migrations	2026-01-12T01:52:30.4733519Z  ae396901bcd6 Downloading [==================================================>]  1.015kB/1.015kB
Integration Tests	Start Supabase and apply DB migrations	2026-01-12T01:52:30.4735200Z  ae396901bcd6 Download complete 
Integration Tests	Start Supabase and apply DB migrations	2026-01-12T01:52:30.4764577Z  20043066d3d5 Pull complete 
Integration Tests	Start Supabase and apply DB migrations	2026-01-12T01:52:30.4789125Z  06c404a8ab22 Extracting [==================================================>]     718B/718B
Integration Tests	Start Supabase and apply DB migrations	2026-01-12T01:52:30.4791745Z  06c404a8ab22 Extracting [==================================================>]     718B/718B
Integration Tests	Start Supabase and apply DB migrations	2026-01-12T01:52:30.4869275Z  7b0397a838cc Downloading [==================================================>]     664B/664B
Integration Tests	Start Supabase and apply DB migrations	2026-01-12T01:52:30.4870803Z  7b0397a838cc Verifying Checksum 
Integration Tests	Start Supabase and apply DB migrations	2026-01-12T01:52:30.4871556Z  7b0397a838cc Download complete 
Integration Tests	Start Supabase and apply DB migrations	2026-01-12T01:52:30.5112334Z  30e54213209d Downloading [================================>                  ]  460.4MB/700.2MB
Integration Tests	Start Supabase and apply DB migrations	2026-01-12T01:52:30.5517328Z  1acafb0b2a9a Extracting [=======================================>           ]  32.37MB/40.99MB
Integration Tests	Start Supabase and apply DB migrations	2026-01-12T01:52:30.6121228Z  30e54213209d Downloading [===================================>               ]  492.8MB/700.2MB
Integration Tests	Start Supabase and apply DB migrations	2026-01-12T01:52:30.6339526Z  f4de72d38181 Download complete 
Integration Tests	Start Supabase and apply DB migrations	2026-01-12T01:52:30.6481106Z  5b05557f64ee Downloading [==================================================>]     275B/275B
Integration Tests	Start Supabase and apply DB migrations	2026-01-12T01:52:30.7543092Z  5b05557f64ee Verifying Checksum 
Integration Tests	Start Supabase and apply DB migrations	2026-01-12T01:52:30.7543645Z  5b05557f64ee Download complete 
Integration Tests	Start Supabase and apply DB migrations	2026-01-12T01:52:30.7548501Z  30e54213209d Downloading [===================================>               ]  501.8MB/700.2MB
Integration Tests	Start Supabase and apply DB migrations	2026-01-12T01:52:30.8148323Z  1acafb0b2a9a Extracting [=============================================>     ]  37.06MB/40.99MB
Integration Tests	Start Supabase and apply DB migrations	2026-01-12T01:52:30.8759523Z  492029f4ca9e Downloading [=============================================>     ]  3.479kB/3.853kB
Integration Tests	Start Supabase and apply DB migrations	2026-01-12T01:52:30.8782607Z  5dfe7a2e4ec2 Downloading [==================================================>]     366B/366B
Integration Tests	Start Supabase and apply DB migrations	2026-01-12T01:52:30.9357082Z  1acafb0b2a9a Extracting [==============================================>    ]  37.91MB/40.99MB
Integration Tests	Start Supabase and apply DB migrations	2026-01-12T01:52:30.9562378Z  5dfe7a2e4ec2 Verifying Checksum 
Integration Tests	Start Supabase and apply DB migrations	2026-01-12T01:52:30.9562921Z  492029f4ca9e Download complete 
Integration Tests	Start Supabase and apply DB migrations	2026-01-12T01:52:30.9563396Z  5dfe7a2e4ec2 Download complete 
Integration Tests	Start Supabase and apply DB migrations	2026-01-12T01:52:30.9564117Z  30e54213209d Downloading [=====================================>             ]  518.3MB/700.2MB
Integration Tests	Start Supabase and apply DB migrations	2026-01-12T01:52:31.0573833Z  30e54213209d Downloading [=======================================>           ]  551.7MB/700.2MB
Integration Tests	Start Supabase and apply DB migrations	2026-01-12T01:52:31.0901277Z  31bd26451d7d Downloading [==================================================>]     639B/639B
Integration Tests	Start Supabase and apply DB migrations	2026-01-12T01:52:31.0902415Z  31bd26451d7d Verifying Checksum 
Integration Tests	Start Supabase and apply DB migrations	2026-01-12T01:52:31.0902992Z  31bd26451d7d Download complete 
Integration Tests	Start Supabase and apply DB migrations	2026-01-12T01:52:31.1017867Z  863b67b02fb7 Downloading [==================================================>]     397B/397B
Integration Tests	Start Supabase and apply DB migrations	2026-01-12T01:52:31.1024235Z  863b67b02fb7 Download complete 
Integration Tests	Start Supabase and apply DB migrations	2026-01-12T01:52:31.1224942Z  1acafb0b2a9a Extracting [==============================================>    ]  38.34MB/40.99MB
Integration Tests	Start Supabase and apply DB migrations	2026-01-12T01:52:31.1590223Z  30e54213209d Downloading [=========================================>         ]  583.1MB/700.2MB
Integration Tests	Start Supabase and apply DB migrations	2026-01-12T01:52:31.1657779Z  06c404a8ab22 Pull complete 
Integration Tests	Start Supabase and apply DB migrations	2026-01-12T01:52:31.2206524Z  a36903594e8e Downloading [==================================>                ]  6.396kB/9.309kB
Integration Tests	Start Supabase and apply DB migrations	2026-01-12T01:52:31.2207591Z  a36903594e8e Downloading [==================================================>]  9.309kB/9.309kB
Integration Tests	Start Supabase and apply DB migrations	2026-01-12T01:52:31.2213399Z  a36903594e8e Verifying Checksum 
Integration Tests	Start Supabase and apply DB migrations	2026-01-12T01:52:31.2213919Z  a36903594e8e Download complete 
Integration Tests	Start Supabase and apply DB migrations	2026-01-12T01:52:31.2307212Z  8328445c503c Downloading [====================>                              ]  3.479kB/8.489kB
Integration Tests	Start Supabase and apply DB migrations	2026-01-12T01:52:31.2310084Z  8328445c503c Downloading [==================================================>]  8.489kB/8.489kB
Integration Tests	Start Supabase and apply DB migrations	2026-01-12T01:52:31.2311345Z  8328445c503c Verifying Checksum 
Integration Tests	Start Supabase and apply DB migrations	2026-01-12T01:52:31.2314905Z  8328445c503c Download complete 
Integration Tests	Start Supabase and apply DB migrations	2026-01-12T01:52:31.2352844Z  1acafb0b2a9a Extracting [===============================================>   ]  38.76MB/40.99MB
Integration Tests	Start Supabase and apply DB migrations	2026-01-12T01:52:31.2594419Z  30e54213209d Downloading [===========================================>       ]  614.4MB/700.2MB
Integration Tests	Start Supabase and apply DB migrations	2026-01-12T01:52:31.3191600Z  ca2e96408669 Extracting [>                                                  ]  557.1kB/97.55MB
Integration Tests	Start Supabase and apply DB migrations	2026-01-12T01:52:31.3516766Z  01520f6ec9f9 Downloading [=====================================>             ]  6.396kB/8.491kB
Integration Tests	Start Supabase and apply DB migrations	2026-01-12T01:52:31.3519245Z  01520f6ec9f9 Downloading [==================================================>]  8.491kB/8.491kB
Integration Tests	Start Supabase and apply DB migrations	2026-01-12T01:52:31.3521288Z  01520f6ec9f9 Verifying Checksum 
Integration Tests	Start Supabase and apply DB migrations	2026-01-12T01:52:31.3521785Z  01520f6ec9f9 Download complete 
Integration Tests	Start Supabase and apply DB migrations	2026-01-12T01:52:31.3604312Z  30e54213209d Downloading [==============================================>    ]  646.2MB/700.2MB
Integration Tests	Start Supabase and apply DB migrations	2026-01-12T01:52:31.3661192Z  ef07f06e1baa Downloading [==================================================>]  1.491kB/1.491kB
Integration Tests	Start Supabase and apply DB migrations	2026-01-12T01:52:31.3663564Z  ef07f06e1baa Verifying Checksum 
Integration Tests	Start Supabase and apply DB migrations	2026-01-12T01:52:31.3666669Z  ef07f06e1baa Download complete 
Integration Tests	Start Supabase and apply DB migrations	2026-01-12T01:52:31.4207156Z  ca2e96408669 Extracting [==>                                                ]  5.014MB/97.55MB
Integration Tests	Start Supabase and apply DB migrations	2026-01-12T01:52:31.4246786Z  1acafb0b2a9a Extracting [===============================================>   ]  39.19MB/40.99MB
Integration Tests	Start Supabase and apply DB migrations	2026-01-12T01:52:31.4625364Z  30e54213209d Downloading [================================================>  ]  677.6MB/700.2MB
Integration Tests	Start Supabase and apply DB migrations	2026-01-12T01:52:31.4822779Z  dadbe7fec1d7 Downloading [==================================================>]  12.78kB/12.78kB
Integration Tests	Start Supabase and apply DB migrations	2026-01-12T01:52:31.4826989Z  dadbe7fec1d7 Verifying Checksum 
Integration Tests	Start Supabase and apply DB migrations	2026-01-12T01:52:31.4827885Z  dadbe7fec1d7 Download complete 
Integration Tests	Start Supabase and apply DB migrations	2026-01-12T01:52:31.5014402Z  01a2739fe36a Downloading [==================================================>]     523B/523B
Integration Tests	Start Supabase and apply DB migrations	2026-01-12T01:52:31.5023108Z  01a2739fe36a Verifying Checksum 
Integration Tests	Start Supabase and apply DB migrations	2026-01-12T01:52:31.5024344Z  01a2739fe36a Download complete 
Integration Tests	Start Supabase and apply DB migrations	2026-01-12T01:52:31.5252337Z  ca2e96408669 Extracting [====>                                              ]  8.913MB/97.55MB
Integration Tests	Start Supabase and apply DB migrations	2026-01-12T01:52:31.5354163Z  30e54213209d Verifying Checksum 
Integration Tests	Start Supabase and apply DB migrations	2026-01-12T01:52:31.5355655Z  30e54213209d Download complete 
Integration Tests	Start Supabase and apply DB migrations	2026-01-12T01:52:31.6108924Z  1acafb0b2a9a Extracting [================================================>  ]  40.04MB/40.99MB
Integration Tests	Start Supabase and apply DB migrations	2026-01-12T01:52:31.6213918Z  87eb3f1b9097 Downloading [==================================================>]     273B/273B
Integration Tests	Start Supabase and apply DB migrations	2026-01-12T01:52:31.6214917Z  87eb3f1b9097 Verifying Checksum 
Integration Tests	Start Supabase and apply DB migrations	2026-01-12T01:52:31.6215953Z  87eb3f1b9097 Download complete 
Integration Tests	Start Supabase and apply DB migrations	2026-01-12T01:52:31.6326580Z  7f390824cc02 Downloading [=============================>                     ]  3.198kB/5.368kB
Integration Tests	Start Supabase and apply DB migrations	2026-01-12T01:52:31.6327704Z  7f390824cc02 Downloading [==================================================>]  5.368kB/5.368kB
Integration Tests	Start Supabase and apply DB migrations	2026-01-12T01:52:31.6328486Z  7f390824cc02 Verifying Checksum 
Integration Tests	Start Supabase and apply DB migrations	2026-01-12T01:52:31.6328970Z  7f390824cc02 Download complete 
Integration Tests	Start Supabase and apply DB migrations	2026-01-12T01:52:31.6693454Z  ca2e96408669 Extracting [=====>                                             ]  11.14MB/97.55MB
Integration Tests	Start Supabase and apply DB migrations	2026-01-12T01:52:31.6726717Z  6b79689de943 Downloading [==================================================>]     126B/126B
Integration Tests	Start Supabase and apply DB migrations	2026-01-12T01:52:31.6727509Z  6b79689de943 Verifying Checksum 
Integration Tests	Start Supabase and apply DB migrations	2026-01-12T01:52:31.6727987Z  6b79689de943 Download complete 
Integration Tests	Start Supabase and apply DB migrations	2026-01-12T01:52:31.7522524Z  8e4867b54883 Downloading [>                                                  ]   98.3kB/9.086MB
Integration Tests	Start Supabase and apply DB migrations	2026-01-12T01:52:31.7708302Z  4346159f4004 Downloading [>                                                  ]  16.38kB/866.6kB
Integration Tests	Start Supabase and apply DB migrations	2026-01-12T01:52:31.7852931Z  8e4867b54883 Verifying Checksum 
Integration Tests	Start Supabase and apply DB migrations	2026-01-12T01:52:31.7854363Z  8e4867b54883 Download complete 
Integration Tests	Start Supabase and apply DB migrations	2026-01-12T01:52:31.7855377Z  4346159f4004 Verifying Checksum 
Integration Tests	Start Supabase and apply DB migrations	2026-01-12T01:52:31.7856479Z  4346159f4004 Download complete 
Integration Tests	Start Supabase and apply DB migrations	2026-01-12T01:52:31.7906533Z  ca2e96408669 Extracting [======>                                            ]  12.26MB/97.55MB
Integration Tests	Start Supabase and apply DB migrations	2026-01-12T01:52:31.8165373Z  5aaba2cdf370 Downloading [==================================================>]     315B/315B
Integration Tests	Start Supabase and apply DB migrations	2026-01-12T01:52:31.8166641Z  5aaba2cdf370 Verifying Checksum 
Integration Tests	Start Supabase and apply DB migrations	2026-01-12T01:52:31.8167196Z  5aaba2cdf370 Download complete 
Integration Tests	Start Supabase and apply DB migrations	2026-01-12T01:52:31.8299137Z  1acafb0b2a9a Extracting [=================================================> ]  40.89MB/40.99MB
Integration Tests	Start Supabase and apply DB migrations	2026-01-12T01:52:31.8321511Z  1acafb0b2a9a Extracting [==================================================>]  40.99MB/40.99MB
Integration Tests	Start Supabase and apply DB migrations	2026-01-12T01:52:31.8944737Z  ca2e96408669 Extracting [=======>                                           ]  14.48MB/97.55MB
Integration Tests	Start Supabase and apply DB migrations	2026-01-12T01:52:32.0429059Z  ca2e96408669 Extracting [========>                                          ]  16.71MB/97.55MB
Integration Tests	Start Supabase and apply DB migrations	2026-01-12T01:52:32.1716448Z  ca2e96408669 Extracting [==========>                                        ]  20.05MB/97.55MB
Integration Tests	Start Supabase and apply DB migrations	2026-01-12T01:52:32.3180024Z  1acafb0b2a9a Pull complete 
Integration Tests	Start Supabase and apply DB migrations	2026-01-12T01:52:32.3190220Z  7f92fcb12a25 Extracting [>                                                  ]  32.77kB/1.713MB
Integration Tests	Start Supabase and apply DB migrations	2026-01-12T01:52:32.3594223Z  7f92fcb12a25 Extracting [==================================================>]  1.713MB/1.713MB
Integration Tests	Start Supabase and apply DB migrations	2026-01-12T01:52:32.3804195Z  7f92fcb12a25 Pull complete 
Integration Tests	Start Supabase and apply DB migrations	2026-01-12T01:52:32.3816125Z  43cb6be58df5 Extracting [==================================================>]     445B/445B
Integration Tests	Start Supabase and apply DB migrations	2026-01-12T01:52:32.3821142Z  43cb6be58df5 Extracting [==================================================>]     445B/445B
Integration Tests	Start Supabase and apply DB migrations	2026-01-12T01:52:32.3924079Z  43cb6be58df5 Pull complete 
Integration Tests	Start Supabase and apply DB migrations	2026-01-12T01:52:32.3939936Z  dc28f90c7354 Extracting [>                                                  ]  65.54kB/3.518MB
Integration Tests	Start Supabase and apply DB migrations	2026-01-12T01:52:32.3961754Z  ca2e96408669 Extracting [==========>                                        ]  21.17MB/97.55MB
Integration Tests	Start Supabase and apply DB migrations	2026-01-12T01:52:32.4965323Z  ca2e96408669 Extracting [============>                                      ]  25.07MB/97.55MB
Integration Tests	Start Supabase and apply DB migrations	2026-01-12T01:52:32.5095969Z  dc28f90c7354 Extracting [============================================>      ]  3.146MB/3.518MB
Integration Tests	Start Supabase and apply DB migrations	2026-01-12T01:52:32.5458062Z  dc28f90c7354 Extracting [==================================================>]  3.518MB/3.518MB
Integration Tests	Start Supabase and apply DB migrations	2026-01-12T01:52:32.5465071Z  dc28f90c7354 Extracting [==================================================>]  3.518MB/3.518MB
Integration Tests	Start Supabase and apply DB migrations	2026-01-12T01:52:32.5869563Z  dc28f90c7354 Pull complete 
Integration Tests	Start Supabase and apply DB migrations	2026-01-12T01:52:32.5893519Z  badc7d8b245c Extracting [==================================================>]     133B/133B
Integration Tests	Start Supabase and apply DB migrations	2026-01-12T01:52:32.5894558Z  badc7d8b245c Extracting [==================================================>]     133B/133B
Integration Tests	Start Supabase and apply DB migrations	2026-01-12T01:52:32.6007297Z  badc7d8b245c Pull complete 
Integration Tests	Start Supabase and apply DB migrations	2026-01-12T01:52:32.6009653Z  ca2e96408669 Extracting [=================>                                 ]  33.42MB/97.55MB
Integration Tests	Start Supabase and apply DB migrations	2026-01-12T01:52:32.6577621Z  ce04bd32c89f Extracting [>                                                  ]  262.1kB/24.19MB
Integration Tests	Start Supabase and apply DB migrations	2026-01-12T01:52:32.7016921Z  ca2e96408669 Extracting [=====================>                             ]  41.78MB/97.55MB
Integration Tests	Start Supabase and apply DB migrations	2026-01-12T01:52:32.8091347Z  ca2e96408669 Extracting [=========================>                         ]  49.58MB/97.55MB
Integration Tests	Start Supabase and apply DB migrations	2026-01-12T01:52:32.9047974Z  ce04bd32c89f Extracting [=>                                                 ]  524.3kB/24.19MB
Integration Tests	Start Supabase and apply DB migrations	2026-01-12T01:52:33.0062845Z  ca2e96408669 Extracting [===========================>                       ]  53.48MB/97.55MB
Integration Tests	Start Supabase and apply DB migrations	2026-01-12T01:52:33.0747065Z  ce04bd32c89f Extracting [=>                                                 ]  786.4kB/24.19MB
Integration Tests	Start Supabase and apply DB migrations	2026-01-12T01:52:33.1102741Z  ca2e96408669 Extracting [===========================>                       ]  54.59MB/97.55MB
Integration Tests	Start Supabase and apply DB migrations	2026-01-12T01:52:33.2189808Z  ce04bd32c89f Extracting [===>                                               ]  1.835MB/24.19MB
Integration Tests	Start Supabase and apply DB migrations	2026-01-12T01:52:33.4143688Z  ca2e96408669 Extracting [============================>                      ]  55.71MB/97.55MB
Integration Tests	Start Supabase and apply DB migrations	2026-01-12T01:52:33.4177850Z  ce04bd32c89f Extracting [======>                                            ]  3.146MB/24.19MB
Integration Tests	Start Supabase and apply DB migrations	2026-01-12T01:52:33.5413712Z  ce04bd32c89f Extracting [=======>                                           ]  3.408MB/24.19MB
Integration Tests	Start Supabase and apply DB migrations	2026-01-12T01:52:33.6954772Z  ca2e96408669 Extracting [=============================>                     ]  56.82MB/97.55MB
Integration Tests	Start Supabase and apply DB migrations	2026-01-12T01:52:33.7055645Z  ce04bd32c89f Extracting [=========>                                         ]  4.456MB/24.19MB
Integration Tests	Start Supabase and apply DB migrations	2026-01-12T01:52:33.7996241Z  ca2e96408669 Extracting [=================================>                 ]  66.29MB/97.55MB
Integration Tests	Start Supabase and apply DB migrations	2026-01-12T01:52:33.8151918Z  ce04bd32c89f Extracting [=============>                                     ]  6.291MB/24.19MB
Integration Tests	Start Supabase and apply DB migrations	2026-01-12T01:52:33.9017063Z  ca2e96408669 Extracting [=======================================>           ]  76.87MB/97.55MB
Integration Tests	Start Supabase and apply DB migrations	2026-01-12T01:52:33.9325201Z  ce04bd32c89f Extracting [==============>                                    ]  6.816MB/24.19MB
Integration Tests	Start Supabase and apply DB migrations	2026-01-12T01:52:34.0063738Z  ca2e96408669 Extracting [=============================================>     ]  88.57MB/97.55MB
Integration Tests	Start Supabase and apply DB migrations	2026-01-12T01:52:34.0754503Z  ce04bd32c89f Extracting [==============>                                    ]  7.078MB/24.19MB
Integration Tests	Start Supabase and apply DB migrations	2026-01-12T01:52:34.2464959Z  ca2e96408669 Extracting [=================================================> ]  97.48MB/97.55MB
Integration Tests	Start Supabase and apply DB migrations	2026-01-12T01:52:34.2616851Z  ca2e96408669 Extracting [==================================================>]  97.55MB/97.55MB
Integration Tests	Start Supabase and apply DB migrations	2026-01-12T01:52:34.2778577Z  ce04bd32c89f Extracting [===============>                                   ]  7.602MB/24.19MB
Integration Tests	Start Supabase and apply DB migrations	2026-01-12T01:52:34.3902732Z  ce04bd32c89f Extracting [==================>                                ]  8.913MB/24.19MB
Integration Tests	Start Supabase and apply DB migrations	2026-01-12T01:52:34.5079107Z  ce04bd32c89f Extracting [===================>                               ]  9.437MB/24.19MB
Integration Tests	Start Supabase and apply DB migrations	2026-01-12T01:52:34.5760094Z  ca2e96408669 Pull complete 
Integration Tests	Start Supabase and apply DB migrations	2026-01-12T01:52:34.5793385Z  d8cd4f9cada6 Extracting [==================================================>]  1.387kB/1.387kB
Integration Tests	Start Supabase and apply DB migrations	2026-01-12T01:52:34.5799815Z  d8cd4f9cada6 Extracting [==================================================>]  1.387kB/1.387kB
Integration Tests	Start Supabase and apply DB migrations	2026-01-12T01:52:34.5945552Z  d8cd4f9cada6 Pull complete 
Integration Tests	Start Supabase and apply DB migrations	2026-01-12T01:52:34.5960721Z  c49767e4cb5b Extracting [==================================================>]  1.407kB/1.407kB
Integration Tests	Start Supabase and apply DB migrations	2026-01-12T01:52:34.5966535Z  c49767e4cb5b Extracting [==================================================>]  1.407kB/1.407kB
Integration Tests	Start Supabase and apply DB migrations	2026-01-12T01:52:34.6150893Z  ce04bd32c89f Extracting [======================>                            ]  10.75MB/24.19MB
Integration Tests	Start Supabase and apply DB migrations	2026-01-12T01:52:34.6166431Z  c49767e4cb5b Pull complete 
Integration Tests	Start Supabase and apply DB migrations	2026-01-12T01:52:34.6184191Z  e0f4578f6a41 Extracting [==================================================>]     296B/296B
Integration Tests	Start Supabase and apply DB migrations	2026-01-12T01:52:34.6188203Z  e0f4578f6a41 Extracting [==================================================>]     296B/296B
Integration Tests	Start Supabase and apply DB migrations	2026-01-12T01:52:34.6266123Z  e0f4578f6a41 Pull complete 
Integration Tests	Start Supabase and apply DB migrations	2026-01-12T01:52:34.6476097Z  affad191ad26 Extracting [>                                                  ]  393.2kB/38.1MB
Integration Tests	Start Supabase and apply DB migrations	2026-01-12T01:52:34.7481409Z  affad191ad26 Extracting [=======>                                           ]  5.505MB/38.1MB
Integration Tests	Start Supabase and apply DB migrations	2026-01-12T01:52:34.7636219Z  ce04bd32c89f Extracting [=======================>                           ]  11.27MB/24.19MB
Integration Tests	Start Supabase and apply DB migrations	2026-01-12T01:52:34.8481583Z  affad191ad26 Extracting [=============>                                     ]  10.22MB/38.1MB
Integration Tests	Start Supabase and apply DB migrations	2026-01-12T01:52:34.9436121Z  ce04bd32c89f Extracting [========================>                          ]   11.8MB/24.19MB
Integration Tests	Start Supabase and apply DB migrations	2026-01-12T01:52:34.9530524Z  affad191ad26 Extracting [===================>                               ]  14.94MB/38.1MB
Integration Tests	Start Supabase and apply DB migrations	2026-01-12T01:52:35.0439441Z  ce04bd32c89f Extracting [===========================>                       ]  13.37MB/24.19MB
Integration Tests	Start Supabase and apply DB migrations	2026-01-12T01:52:35.0564582Z  affad191ad26 Extracting [=========================>                         ]  19.27MB/38.1MB
Integration Tests	Start Supabase and apply DB migrations	2026-01-12T01:52:35.1512158Z  ce04bd32c89f Extracting [=================================>                 ]  16.25MB/24.19MB
Integration Tests	Start Supabase and apply DB migrations	2026-01-12T01:52:35.1607993Z  affad191ad26 Extracting [==============================>                    ]  23.59MB/38.1MB
Integration Tests	Start Supabase and apply DB migrations	2026-01-12T01:52:35.2580855Z  ce04bd32c89f Extracting [========================================>          ]  19.66MB/24.19MB
Integration Tests	Start Supabase and apply DB migrations	2026-01-12T01:52:35.2636045Z  affad191ad26 Extracting [==================================>                ]  26.35MB/38.1MB
Integration Tests	Start Supabase and apply DB migrations	2026-01-12T01:52:35.3829746Z  affad191ad26 Extracting [=====================================>             ]  28.31MB/38.1MB
Integration Tests	Start Supabase and apply DB migrations	2026-01-12T01:52:35.4053021Z  ce04bd32c89f Extracting [===========================================>       ]  20.97MB/24.19MB
Integration Tests	Start Supabase and apply DB migrations	2026-01-12T01:52:35.4926463Z  affad191ad26 Extracting [=========================================>         ]  31.46MB/38.1MB
Integration Tests	Start Supabase and apply DB migrations	2026-01-12T01:52:35.5065358Z  ce04bd32c89f Extracting [=============================================>     ]  22.02MB/24.19MB
Integration Tests	Start Supabase and apply DB migrations	2026-01-12T01:52:35.5987306Z  affad191ad26 Extracting [=============================================>     ]     35MB/38.1MB
Integration Tests	Start Supabase and apply DB migrations	2026-01-12T01:52:35.6680165Z  ce04bd32c89f Extracting [================================================>  ]  23.59MB/24.19MB
Integration Tests	Start Supabase and apply DB migrations	2026-01-12T01:52:35.6695628Z  affad191ad26 Extracting [==================================================>]   38.1MB/38.1MB
Integration Tests	Start Supabase and apply DB migrations	2026-01-12T01:52:35.8070593Z  ce04bd32c89f Extracting [=================================================> ]  24.12MB/24.19MB
Integration Tests	Start Supabase and apply DB migrations	2026-01-12T01:52:35.8246066Z  ce04bd32c89f Extracting [==================================================>]  24.19MB/24.19MB
Integration Tests	Start Supabase and apply DB migrations	2026-01-12T01:52:36.0186785Z  ce04bd32c89f Pull complete 
Integration Tests	Start Supabase and apply DB migrations	2026-01-12T01:52:36.0187284Z  affad191ad26 Pull complete 
Integration Tests	Start Supabase and apply DB migrations	2026-01-12T01:52:36.0198368Z  51d0fa0d3107 Extracting [=>                                                 ]  32.77kB/1.148MB
Integration Tests	Start Supabase and apply DB migrations	2026-01-12T01:52:36.0211521Z  93c7278f8e90 Extracting [==============>                                    ]  32.77kB/115.7kB
Integration Tests	Start Supabase and apply DB migrations	2026-01-12T01:52:36.0221292Z  93c7278f8e90 Extracting [==================================================>]  115.7kB/115.7kB
Integration Tests	Start Supabase and apply DB migrations	2026-01-12T01:52:36.0224239Z  93c7278f8e90 Extracting [==================================================>]  115.7kB/115.7kB
Integration Tests	Start Supabase and apply DB migrations	2026-01-12T01:52:36.1384486Z  51d0fa0d3107 Extracting [=========================>                         ]  589.8kB/1.148MB
Integration Tests	Start Supabase and apply DB migrations	2026-01-12T01:52:36.1411748Z  93c7278f8e90 Pull complete 
Integration Tests	Start Supabase and apply DB migrations	2026-01-12T01:52:36.1426259Z  cd6a7b7a37bf Extracting [==================================================>]  1.344kB/1.344kB
Integration Tests	Start Supabase and apply DB migrations	2026-01-12T01:52:36.1430716Z  cd6a7b7a37bf Extracting [==================================================>]  1.344kB/1.344kB
Integration Tests	Start Supabase and apply DB migrations	2026-01-12T01:52:36.1545936Z  cd6a7b7a37bf Pull complete 
Integration Tests	Start Supabase and apply DB migrations	2026-01-12T01:52:36.1608846Z  postgres-meta Pulled 
Integration Tests	Start Supabase and apply DB migrations	2026-01-12T01:52:36.2411163Z  51d0fa0d3107 Extracting [==========================================>        ]    983kB/1.148MB
Integration Tests	Start Supabase and apply DB migrations	2026-01-12T01:52:36.3215609Z  51d0fa0d3107 Extracting [==================================================>]  1.148MB/1.148MB
Integration Tests	Start Supabase and apply DB migrations	2026-01-12T01:52:36.3738083Z  51d0fa0d3107 Pull complete 
Integration Tests	Start Supabase and apply DB migrations	2026-01-12T01:52:36.3748056Z  4f4fb700ef54 Extracting [==================================================>]      32B/32B
Integration Tests	Start Supabase and apply DB migrations	2026-01-12T01:52:36.3751893Z  4f4fb700ef54 Extracting [==================================================>]      32B/32B
Integration Tests	Start Supabase and apply DB migrations	2026-01-12T01:52:36.3853054Z  4f4fb700ef54 Pull complete 
Integration Tests	Start Supabase and apply DB migrations	2026-01-12T01:52:36.4151067Z  30e54213209d Extracting [>                                                  ]  557.1kB/700.2MB
Integration Tests	Start Supabase and apply DB migrations	2026-01-12T01:52:36.5933584Z  30e54213209d Extracting [>                                                  ]  2.228MB/700.2MB
Integration Tests	Start Supabase and apply DB migrations	2026-01-12T01:52:36.7182393Z  30e54213209d Extracting [>                                                  ]  2.785MB/700.2MB
Integration Tests	Start Supabase and apply DB migrations	2026-01-12T01:52:36.8294115Z  30e54213209d Extracting [>                                                  ]  3.342MB/700.2MB
Integration Tests	Start Supabase and apply DB migrations	2026-01-12T01:52:36.9459812Z  30e54213209d Extracting [>                                                  ]  3.899MB/700.2MB
Integration Tests	Start Supabase and apply DB migrations	2026-01-12T01:52:37.1468948Z  30e54213209d Extracting [>                                                  ]  5.014MB/700.2MB
Integration Tests	Start Supabase and apply DB migrations	2026-01-12T01:52:37.3618756Z  30e54213209d Extracting [>                                                  ]  5.571MB/700.2MB
Integration Tests	Start Supabase and apply DB migrations	2026-01-12T01:52:37.6303713Z  30e54213209d Extracting [>                                                  ]  6.128MB/700.2MB
Integration Tests	Start Supabase and apply DB migrations	2026-01-12T01:52:37.7355676Z  30e54213209d Extracting [>                                                  ]  7.799MB/700.2MB
Integration Tests	Start Supabase and apply DB migrations	2026-01-12T01:52:38.0226378Z  30e54213209d Extracting [>                                                  ]  8.913MB/700.2MB
Integration Tests	Start Supabase and apply DB migrations	2026-01-12T01:52:38.2674896Z  30e54213209d Extracting [>                                                  ]   9.47MB/700.2MB
Integration Tests	Start Supabase and apply DB migrations	2026-01-12T01:52:38.5262931Z  30e54213209d Extracting [>                                                  ]  10.03MB/700.2MB
Integration Tests	Start Supabase and apply DB migrations	2026-01-12T01:52:38.6851128Z  30e54213209d Extracting [>                                                  ]  10.58MB/700.2MB
Integration Tests	Start Supabase and apply DB migrations	2026-01-12T01:52:38.8078516Z  30e54213209d Extracting [>                                                  ]  11.14MB/700.2MB
Integration Tests	Start Supabase and apply DB migrations	2026-01-12T01:52:39.0550400Z  30e54213209d Extracting [>                                                  ]   11.7MB/700.2MB
Integration Tests	Start Supabase and apply DB migrations	2026-01-12T01:52:39.2378705Z  30e54213209d Extracting [>                                                  ]  12.26MB/700.2MB
Integration Tests	Start Supabase and apply DB migrations	2026-01-12T01:52:39.4742107Z  30e54213209d Extracting [>                                                  ]  12.81MB/700.2MB
Integration Tests	Start Supabase and apply DB migrations	2026-01-12T01:52:39.6849954Z  30e54213209d Extracting [>                                                  ]  13.37MB/700.2MB
Integration Tests	Start Supabase and apply DB migrations	2026-01-12T01:52:39.8670689Z  30e54213209d Extracting [=>                                                 ]  14.48MB/700.2MB
Integration Tests	Start Supabase and apply DB migrations	2026-01-12T01:52:40.0518981Z  30e54213209d Extracting [=>                                                 ]  15.04MB/700.2MB
Integration Tests	Start Supabase and apply DB migrations	2026-01-12T01:52:40.2190060Z  30e54213209d Extracting [=>                                                 ]   15.6MB/700.2MB
Integration Tests	Start Supabase and apply DB migrations	2026-01-12T01:52:40.3312560Z  30e54213209d Extracting [=>                                                 ]  16.15MB/700.2MB
Integration Tests	Start Supabase and apply DB migrations	2026-01-12T01:52:40.5117260Z  30e54213209d Extracting [=>                                                 ]  16.71MB/700.2MB
Integration Tests	Start Supabase and apply DB migrations	2026-01-12T01:52:40.7533957Z  30e54213209d Extracting [=>                                                 ]  17.27MB/700.2MB
Integration Tests	Start Supabase and apply DB migrations	2026-01-12T01:52:40.9398795Z  30e54213209d Extracting [=>                                                 ]  17.83MB/700.2MB
Integration Tests	Start Supabase and apply DB migrations	2026-01-12T01:52:41.0484713Z  30e54213209d Extracting [=>                                                 ]  18.38MB/700.2MB
Integration Tests	Start Supabase and apply DB migrations	2026-01-12T01:52:41.2322117Z  30e54213209d Extracting [=>                                                 ]  18.94MB/700.2MB
Integration Tests	Start Supabase and apply DB migrations	2026-01-12T01:52:41.3506142Z  30e54213209d Extracting [=>                                                 ]   19.5MB/700.2MB
Integration Tests	Start Supabase and apply DB migrations	2026-01-12T01:52:41.5957696Z  30e54213209d Extracting [=>                                                 ]  22.28MB/700.2MB
Integration Tests	Start Supabase and apply DB migrations	2026-01-12T01:52:41.9436768Z  30e54213209d Extracting [=>                                                 ]  22.84MB/700.2MB
Integration Tests	Start Supabase and apply DB migrations	2026-01-12T01:52:42.2955206Z  30e54213209d Extracting [=>                                                 ]   23.4MB/700.2MB
Integration Tests	Start Supabase and apply DB migrations	2026-01-12T01:52:42.6287414Z  30e54213209d Extracting [=>                                                 ]  23.95MB/700.2MB
Integration Tests	Start Supabase and apply DB migrations	2026-01-12T01:52:42.7957579Z  30e54213209d Extracting [=>                                                 ]  25.07MB/700.2MB
Integration Tests	Start Supabase and apply DB migrations	2026-01-12T01:52:43.1361257Z  30e54213209d Extracting [=>                                                 ]  26.18MB/700.2MB
Integration Tests	Start Supabase and apply DB migrations	2026-01-12T01:52:43.6607034Z  30e54213209d Extracting [=>                                                 ]  26.74MB/700.2MB
Integration Tests	Start Supabase and apply DB migrations	2026-01-12T01:52:44.4104238Z  30e54213209d Extracting [=>                                                 ]   27.3MB/700.2MB
Integration Tests	Start Supabase and apply DB migrations	2026-01-12T01:52:44.9881274Z  30e54213209d Extracting [=>                                                 ]  27.85MB/700.2MB
Integration Tests	Start Supabase and apply DB migrations	2026-01-12T01:52:45.5868462Z  30e54213209d Extracting [==>                                                ]  28.41MB/700.2MB
Integration Tests	Start Supabase and apply DB migrations	2026-01-12T01:52:46.2203155Z  30e54213209d Extracting [==>                                                ]  28.97MB/700.2MB
Integration Tests	Start Supabase and apply DB migrations	2026-01-12T01:52:46.4387614Z  30e54213209d Extracting [==>                                                ]   31.2MB/700.2MB
Integration Tests	Start Supabase and apply DB migrations	2026-01-12T01:52:46.6653490Z  30e54213209d Extracting [==>                                                ]  31.75MB/700.2MB
Integration Tests	Start Supabase and apply DB migrations	2026-01-12T01:52:46.9232995Z  30e54213209d Extracting [==>                                                ]  32.31MB/700.2MB
Integration Tests	Start Supabase and apply DB migrations	2026-01-12T01:52:47.0384858Z  30e54213209d Extracting [==>                                                ]  32.87MB/700.2MB
Integration Tests	Start Supabase and apply DB migrations	2026-01-12T01:52:47.2176765Z  30e54213209d Extracting [==>                                                ]  33.42MB/700.2MB
Integration Tests	Start Supabase and apply DB migrations	2026-01-12T01:52:47.5427421Z  30e54213209d Extracting [==>                                                ]  33.98MB/700.2MB
Integration Tests	Start Supabase and apply DB migrations	2026-01-12T01:52:47.8055925Z  30e54213209d Extracting [==>                                                ]  34.54MB/700.2MB
Integration Tests	Start Supabase and apply DB migrations	2026-01-12T01:52:48.0635906Z  30e54213209d Extracting [==>                                                ]  35.09MB/700.2MB
Integration Tests	Start Supabase and apply DB migrations	2026-01-12T01:52:48.2257018Z  30e54213209d Extracting [==>                                                ]  35.65MB/700.2MB
Integration Tests	Start Supabase and apply DB migrations	2026-01-12T01:52:48.3827525Z  30e54213209d Extracting [==>                                                ]  36.21MB/700.2MB
Integration Tests	Start Supabase and apply DB migrations	2026-01-12T01:52:48.5015027Z  30e54213209d Extracting [==>                                                ]  36.77MB/700.2MB
Integration Tests	Start Supabase and apply DB migrations	2026-01-12T01:52:48.6953659Z  30e54213209d Extracting [==>                                                ]  37.32MB/700.2MB
Integration Tests	Start Supabase and apply DB migrations	2026-01-12T01:52:48.9934865Z  30e54213209d Extracting [==>                                                ]  38.44MB/700.2MB
Integration Tests	Start Supabase and apply DB migrations	2026-01-12T01:52:49.3200128Z  30e54213209d Extracting [==>                                                ]  38.99MB/700.2MB
Integration Tests	Start Supabase and apply DB migrations	2026-01-12T01:52:49.5677192Z  30e54213209d Extracting [==>                                                ]  39.55MB/700.2MB
Integration Tests	Start Supabase and apply DB migrations	2026-01-12T01:52:49.8552363Z  30e54213209d Extracting [==>                                                ]  40.11MB/700.2MB
Integration Tests	Start Supabase and apply DB migrations	2026-01-12T01:52:50.1178612Z  30e54213209d Extracting [==>                                                ]  40.67MB/700.2MB
Integration Tests	Start Supabase and apply DB migrations	2026-01-12T01:52:50.3573972Z  30e54213209d Extracting [==>                                                ]  41.22MB/700.2MB
Integration Tests	Start Supabase and apply DB migrations	2026-01-12T01:52:50.4964777Z  30e54213209d Extracting [===>                                               ]  43.45MB/700.2MB
Integration Tests	Start Supabase and apply DB migrations	2026-01-12T01:52:50.6769299Z  30e54213209d Extracting [===>                                               ]  45.68MB/700.2MB
Integration Tests	Start Supabase and apply DB migrations	2026-01-12T01:52:50.7781237Z  30e54213209d Extracting [===>                                               ]  51.81MB/700.2MB
Integration Tests	Start Supabase and apply DB migrations	2026-01-12T01:52:50.8793481Z  30e54213209d Extracting [====>                                              ]  60.72MB/700.2MB
Integration Tests	Start Supabase and apply DB migrations	2026-01-12T01:52:50.9838896Z  30e54213209d Extracting [=====>                                             ]  70.19MB/700.2MB
Integration Tests	Start Supabase and apply DB migrations	2026-01-12T01:52:51.0868302Z  30e54213209d Extracting [=====>                                             ]  80.22MB/700.2MB
Integration Tests	Start Supabase and apply DB migrations	2026-01-12T01:52:51.2162962Z  30e54213209d Extracting [======>                                            ]  84.67MB/700.2MB
Integration Tests	Start Supabase and apply DB migrations	2026-01-12T01:52:51.3176881Z  30e54213209d Extracting [======>                                            ]  86.34MB/700.2MB
Integration Tests	Start Supabase and apply DB migrations	2026-01-12T01:52:51.4661779Z  30e54213209d Extracting [======>                                            ]   90.8MB/700.2MB
Integration Tests	Start Supabase and apply DB migrations	2026-01-12T01:52:51.6220382Z  30e54213209d Extracting [======>                                            ]  93.59MB/700.2MB
Integration Tests	Start Supabase and apply DB migrations	2026-01-12T01:52:51.7700430Z  30e54213209d Extracting [======>                                            ]  95.81MB/700.2MB
Integration Tests	Start Supabase and apply DB migrations	2026-01-12T01:52:51.8741662Z  30e54213209d Extracting [=======>                                           ]  102.5MB/700.2MB
Integration Tests	Start Supabase and apply DB migrations	2026-01-12T01:52:52.0281905Z  30e54213209d Extracting [=======>                                           ]  105.3MB/700.2MB
Integration Tests	Start Supabase and apply DB migrations	2026-01-12T01:52:52.1376509Z  30e54213209d Extracting [=======>                                           ]  106.4MB/700.2MB
Integration Tests	Start Supabase and apply DB migrations	2026-01-12T01:52:52.2403155Z  30e54213209d Extracting [=======>                                           ]    112MB/700.2MB
Integration Tests	Start Supabase and apply DB migrations	2026-01-12T01:52:52.3421200Z  30e54213209d Extracting [========>                                          ]  120.9MB/700.2MB
Integration Tests	Start Supabase and apply DB migrations	2026-01-12T01:52:52.4429850Z  30e54213209d Extracting [=========>                                         ]  129.8MB/700.2MB
Integration Tests	Start Supabase and apply DB migrations	2026-01-12T01:52:52.5436638Z  30e54213209d Extracting [=========>                                         ]  139.8MB/700.2MB
Integration Tests	Start Supabase and apply DB migrations	2026-01-12T01:52:52.6737220Z  30e54213209d Extracting [==========>                                        ]  147.1MB/700.2MB
Integration Tests	Start Supabase and apply DB migrations	2026-01-12T01:52:52.7886085Z  30e54213209d Extracting [==========>                                        ]  150.4MB/700.2MB
Integration Tests	Start Supabase and apply DB migrations	2026-01-12T01:52:52.9025296Z  30e54213209d Extracting [==========>                                        ]  152.1MB/700.2MB
Integration Tests	Start Supabase and apply DB migrations	2026-01-12T01:52:53.0120436Z  30e54213209d Extracting [===========>                                       ]  154.3MB/700.2MB
Integration Tests	Start Supabase and apply DB migrations	2026-01-12T01:52:53.1300348Z  30e54213209d Extracting [===========>                                       ]  157.6MB/700.2MB
Integration Tests	Start Supabase and apply DB migrations	2026-01-12T01:52:53.2451975Z  30e54213209d Extracting [===========>                                       ]    161MB/700.2MB
Integration Tests	Start Supabase and apply DB migrations	2026-01-12T01:52:53.3500746Z  30e54213209d Extracting [===========>                                       ]  164.3MB/700.2MB
Integration Tests	Start Supabase and apply DB migrations	2026-01-12T01:52:53.4589357Z  30e54213209d Extracting [============>                                      ]  168.8MB/700.2MB
Integration Tests	Start Supabase and apply DB migrations	2026-01-12T01:52:53.5759260Z  30e54213209d Extracting [============>                                      ]  172.1MB/700.2MB
Integration Tests	Start Supabase and apply DB migrations	2026-01-12T01:52:53.6760875Z  30e54213209d Extracting [============>                                      ]  179.9MB/700.2MB
Integration Tests	Start Supabase and apply DB migrations	2026-01-12T01:52:53.7897168Z  30e54213209d Extracting [============>                                      ]    181MB/700.2MB
Integration Tests	Start Supabase and apply DB migrations	2026-01-12T01:52:53.9021077Z  30e54213209d Extracting [=============>                                     ]  185.5MB/700.2MB
Integration Tests	Start Supabase and apply DB migrations	2026-01-12T01:52:54.0032468Z  30e54213209d Extracting [=============>                                     ]  193.9MB/700.2MB
Integration Tests	Start Supabase and apply DB migrations	2026-01-12T01:52:54.1053456Z  30e54213209d Extracting [==============>                                    ]  204.4MB/700.2MB
Integration Tests	Start Supabase and apply DB migrations	2026-01-12T01:52:54.2113212Z  30e54213209d Extracting [===============>                                   ]  214.5MB/700.2MB
Integration Tests	Start Supabase and apply DB migrations	2026-01-12T01:52:54.3150991Z  30e54213209d Extracting [===============>                                   ]  221.2MB/700.2MB
Integration Tests	Start Supabase and apply DB migrations	2026-01-12T01:52:54.4257915Z  30e54213209d Extracting [================>                                  ]  225.6MB/700.2MB
Integration Tests	Start Supabase and apply DB migrations	2026-01-12T01:52:54.5303706Z  30e54213209d Extracting [================>                                  ]  231.2MB/700.2MB
Integration Tests	Start Supabase and apply DB migrations	2026-01-12T01:52:54.6407019Z  30e54213209d Extracting [================>                                  ]  237.3MB/700.2MB
Integration Tests	Start Supabase and apply DB migrations	2026-01-12T01:52:54.7650437Z  30e54213209d Extracting [=================>                                 ]  240.6MB/700.2MB
Integration Tests	Start Supabase and apply DB migrations	2026-01-12T01:52:54.8960652Z  30e54213209d Extracting [=================>                                 ]  245.1MB/700.2MB
Integration Tests	Start Supabase and apply DB migrations	2026-01-12T01:52:54.9974953Z  30e54213209d Extracting [=================>                                 ]    249MB/700.2MB
Integration Tests	Start Supabase and apply DB migrations	2026-01-12T01:52:55.1359215Z  30e54213209d Extracting [=================>                                 ]  250.1MB/700.2MB
Integration Tests	Start Supabase and apply DB migrations	2026-01-12T01:52:55.2772829Z  30e54213209d Extracting [=================>                                 ]  250.7MB/700.2MB
Integration Tests	Start Supabase and apply DB migrations	2026-01-12T01:52:55.4563923Z  30e54213209d Extracting [=================>                                 ]  251.2MB/700.2MB
Integration Tests	Start Supabase and apply DB migrations	2026-01-12T01:52:55.6102211Z  30e54213209d Extracting [==================>                                ]  252.3MB/700.2MB
Integration Tests	Start Supabase and apply DB migrations	2026-01-12T01:52:55.7132478Z  30e54213209d Extracting [==================>                                ]  254.6MB/700.2MB
Integration Tests	Start Supabase and apply DB migrations	2026-01-12T01:52:55.8169541Z  30e54213209d Extracting [==================>                                ]  256.8MB/700.2MB
Integration Tests	Start Supabase and apply DB migrations	2026-01-12T01:52:55.9182190Z  30e54213209d Extracting [==================>                                ]    264MB/700.2MB
Integration Tests	Start Supabase and apply DB migrations	2026-01-12T01:52:56.0236627Z  30e54213209d Extracting [===================>                               ]  274.1MB/700.2MB
Integration Tests	Start Supabase and apply DB migrations	2026-01-12T01:52:56.1249732Z  30e54213209d Extracting [===================>                               ]  277.4MB/700.2MB
Integration Tests	Start Supabase and apply DB migrations	2026-01-12T01:52:56.2910071Z  30e54213209d Extracting [===================>                               ]  278.5MB/700.2MB
Integration Tests	Start Supabase and apply DB migrations	2026-01-12T01:52:56.4026189Z  30e54213209d Extracting [====================>                              ]  282.4MB/700.2MB
Integration Tests	Start Supabase and apply DB migrations	2026-01-12T01:52:56.5161630Z  30e54213209d Extracting [====================>                              ]    288MB/700.2MB
Integration Tests	Start Supabase and apply DB migrations	2026-01-12T01:52:56.6511398Z  30e54213209d Extracting [====================>                              ]  290.2MB/700.2MB
Integration Tests	Start Supabase and apply DB migrations	2026-01-12T01:52:56.7739279Z  30e54213209d Extracting [====================>                              ]  291.3MB/700.2MB
Integration Tests	Start Supabase and apply DB migrations	2026-01-12T01:52:56.8813668Z  30e54213209d Extracting [=====================>                             ]  294.1MB/700.2MB
Integration Tests	Start Supabase and apply DB migrations	2026-01-12T01:52:57.0708401Z  30e54213209d Extracting [=====================>                             ]  295.2MB/700.2MB
Integration Tests	Start Supabase and apply DB migrations	2026-01-12T01:52:57.1829868Z  30e54213209d Extracting [=====================>                             ]  298.6MB/700.2MB
Integration Tests	Start Supabase and apply DB migrations	2026-01-12T01:52:57.3081612Z  30e54213209d Extracting [=====================>                             ]  300.8MB/700.2MB
Integration Tests	Start Supabase and apply DB migrations	2026-01-12T01:52:57.4171310Z  30e54213209d Extracting [=====================>                             ]  302.5MB/700.2MB
Integration Tests	Start Supabase and apply DB migrations	2026-01-12T01:52:57.5212259Z  30e54213209d Extracting [=====================>                             ]  305.8MB/700.2MB
Integration Tests	Start Supabase and apply DB migrations	2026-01-12T01:52:57.6733544Z  30e54213209d Extracting [=====================>                             ]  306.9MB/700.2MB
Integration Tests	Start Supabase and apply DB migrations	2026-01-12T01:52:57.7736802Z  30e54213209d Extracting [======================>                            ]  310.3MB/700.2MB
Integration Tests	Start Supabase and apply DB migrations	2026-01-12T01:52:57.8752362Z  30e54213209d Extracting [======================>                            ]  314.2MB/700.2MB
Integration Tests	Start Supabase and apply DB migrations	2026-01-12T01:52:58.4110755Z  30e54213209d Extracting [======================>                            ]  319.8MB/700.2MB
Integration Tests	Start Supabase and apply DB migrations	2026-01-12T01:52:58.5117222Z  30e54213209d Extracting [=======================>                           ]  323.1MB/700.2MB
Integration Tests	Start Supabase and apply DB migrations	2026-01-12T01:52:58.6129846Z  30e54213209d Extracting [=======================>                           ]    332MB/700.2MB
Integration Tests	Start Supabase and apply DB migrations	2026-01-12T01:52:58.7215164Z  30e54213209d Extracting [========================>                          ]  339.8MB/700.2MB
Integration Tests	Start Supabase and apply DB migrations	2026-01-12T01:52:58.8272915Z  30e54213209d Extracting [========================>                          ]  349.3MB/700.2MB
Integration Tests	Start Supabase and apply DB migrations	2026-01-12T01:52:58.9295451Z  30e54213209d Extracting [=========================>                         ]  358.2MB/700.2MB
Integration Tests	Start Supabase and apply DB migrations	2026-01-12T01:52:59.0295388Z  30e54213209d Extracting [==========================>                        ]    366MB/700.2MB
Integration Tests	Start Supabase and apply DB migrations	2026-01-12T01:52:59.1329076Z  30e54213209d Extracting [==========================>                        ]  372.7MB/700.2MB
Integration Tests	Start Supabase and apply DB migrations	2026-01-12T01:52:59.2406321Z  30e54213209d Extracting [==========================>                        ]  377.1MB/700.2MB
Integration Tests	Start Supabase and apply DB migrations	2026-01-12T01:52:59.3890340Z  30e54213209d Extracting [===========================>                       ]  380.5MB/700.2MB
Integration Tests	Start Supabase and apply DB migrations	2026-01-12T01:52:59.4922339Z  30e54213209d Extracting [===========================>                       ]  389.9MB/700.2MB
Integration Tests	Start Supabase and apply DB migrations	2026-01-12T01:52:59.5985738Z  30e54213209d Extracting [============================>                      ]    395MB/700.2MB
Integration Tests	Start Supabase and apply DB migrations	2026-01-12T01:52:59.7051001Z  30e54213209d Extracting [============================>                      ]  396.6MB/700.2MB
Integration Tests	Start Supabase and apply DB migrations	2026-01-12T01:52:59.8097844Z  30e54213209d Extracting [============================>                      ]    405MB/700.2MB
Integration Tests	Start Supabase and apply DB migrations	2026-01-12T01:52:59.9103634Z  30e54213209d Extracting [=============================>                     ]  412.8MB/700.2MB
Integration Tests	Start Supabase and apply DB migrations	2026-01-12T01:53:00.0124286Z  30e54213209d Extracting [==============================>                    ]  421.7MB/700.2MB
Integration Tests	Start Supabase and apply DB migrations	2026-01-12T01:53:00.1140570Z  30e54213209d Extracting [==============================>                    ]    430MB/700.2MB
Integration Tests	Start Supabase and apply DB migrations	2026-01-12T01:53:00.2286966Z  30e54213209d Extracting [===============================>                   ]  435.1MB/700.2MB
Integration Tests	Start Supabase and apply DB migrations	2026-01-12T01:53:00.3332986Z  30e54213209d Extracting [===============================>                   ]  441.2MB/700.2MB
Integration Tests	Start Supabase and apply DB migrations	2026-01-12T01:53:00.4425279Z  30e54213209d Extracting [===============================>                   ]  447.3MB/700.2MB
Integration Tests	Start Supabase and apply DB migrations	2026-01-12T01:53:00.5475732Z  30e54213209d Extracting [===============================>                   ]  447.9MB/700.2MB
Integration Tests	Start Supabase and apply DB migrations	2026-01-12T01:53:00.6533374Z  30e54213209d Extracting [================================>                  ]  449.5MB/700.2MB
Integration Tests	Start Supabase and apply DB migrations	2026-01-12T01:53:00.7623313Z  30e54213209d Extracting [================================>                  ]  452.3MB/700.2MB
Integration Tests	Start Supabase and apply DB migrations	2026-01-12T01:53:00.8679206Z  30e54213209d Extracting [================================>                  ]  455.7MB/700.2MB
Integration Tests	Start Supabase and apply DB migrations	2026-01-12T01:53:00.9734388Z  30e54213209d Extracting [=================================>                 ]    464MB/700.2MB
Integration Tests	Start Supabase and apply DB migrations	2026-01-12T01:53:01.0755374Z  30e54213209d Extracting [=================================>                 ]  471.8MB/700.2MB
Integration Tests	Start Supabase and apply DB migrations	2026-01-12T01:53:01.1783567Z  30e54213209d Extracting [==================================>                ]  481.3MB/700.2MB
Integration Tests	Start Supabase and apply DB migrations	2026-01-12T01:53:01.2797752Z  30e54213209d Extracting [===================================>               ]  490.2MB/700.2MB
Integration Tests	Start Supabase and apply DB migrations	2026-01-12T01:53:01.4014758Z  30e54213209d Extracting [===================================>               ]  493.6MB/700.2MB
Integration Tests	Start Supabase and apply DB migrations	2026-01-12T01:53:01.5285596Z  30e54213209d Extracting [===================================>               ]  496.3MB/700.2MB
Integration Tests	Start Supabase and apply DB migrations	2026-01-12T01:53:01.6329508Z  30e54213209d Extracting [===================================>               ]  499.7MB/700.2MB
Integration Tests	Start Supabase and apply DB migrations	2026-01-12T01:53:01.7427778Z  30e54213209d Extracting [===================================>               ]  502.5MB/700.2MB
Integration Tests	Start Supabase and apply DB migrations	2026-01-12T01:53:01.8541314Z  30e54213209d Extracting [===================================>               ]  503.6MB/700.2MB
Integration Tests	Start Supabase and apply DB migrations	2026-01-12T01:53:02.4057302Z  30e54213209d Extracting [====================================>              ]  504.7MB/700.2MB
Integration Tests	Start Supabase and apply DB migrations	2026-01-12T01:53:02.5073179Z  30e54213209d Extracting [====================================>              ]  511.4MB/700.2MB
Integration Tests	Start Supabase and apply DB migrations	2026-01-12T01:53:02.6089836Z  30e54213209d Extracting [=====================================>             ]  519.7MB/700.2MB
Integration Tests	Start Supabase and apply DB migrations	2026-01-12T01:53:02.7147303Z  30e54213209d Extracting [=====================================>             ]  528.6MB/700.2MB
Integration Tests	Start Supabase and apply DB migrations	2026-01-12T01:53:02.8167584Z  30e54213209d Extracting [======================================>            ]  538.7MB/700.2MB
Integration Tests	Start Supabase and apply DB migrations	2026-01-12T01:53:02.9229391Z  30e54213209d Extracting [======================================>            ]  544.8MB/700.2MB
Integration Tests	Start Supabase and apply DB migrations	2026-01-12T01:53:03.0255452Z  30e54213209d Extracting [=======================================>           ]  549.8MB/700.2MB
Integration Tests	Start Supabase and apply DB migrations	2026-01-12T01:53:03.1296481Z  30e54213209d Extracting [========================================>          ]  560.4MB/700.2MB
Integration Tests	Start Supabase and apply DB migrations	2026-01-12T01:53:03.2397287Z  30e54213209d Extracting [========================================>          ]  567.1MB/700.2MB
Integration Tests	Start Supabase and apply DB migrations	2026-01-12T01:53:03.4195175Z  30e54213209d Extracting [========================================>          ]  567.6MB/700.2MB
Integration Tests	Start Supabase and apply DB migrations	2026-01-12T01:53:03.6052009Z  30e54213209d Extracting [========================================>          ]  568.2MB/700.2MB
Integration Tests	Start Supabase and apply DB migrations	2026-01-12T01:53:03.7053837Z  30e54213209d Extracting [========================================>          ]  573.8MB/700.2MB
Integration Tests	Start Supabase and apply DB migrations	2026-01-12T01:53:03.8414490Z  30e54213209d Extracting [=========================================>         ]  576.6MB/700.2MB
Integration Tests	Start Supabase and apply DB migrations	2026-01-12T01:53:03.9683482Z  30e54213209d Extracting [=========================================>         ]  577.7MB/700.2MB
Integration Tests	Start Supabase and apply DB migrations	2026-01-12T01:53:04.0753295Z  30e54213209d Extracting [=========================================>         ]  580.5MB/700.2MB
Integration Tests	Start Supabase and apply DB migrations	2026-01-12T01:53:04.2198761Z  30e54213209d Extracting [=========================================>         ]  583.8MB/700.2MB
Integration Tests	Start Supabase and apply DB migrations	2026-01-12T01:53:04.3351484Z  30e54213209d Extracting [=========================================>         ]  584.4MB/700.2MB
Integration Tests	Start Supabase and apply DB migrations	2026-01-12T01:53:04.4902003Z  30e54213209d Extracting [=========================================>         ]  584.9MB/700.2MB
Integration Tests	Start Supabase and apply DB migrations	2026-01-12T01:53:04.5964437Z  30e54213209d Extracting [==========================================>        ]  588.3MB/700.2MB
Integration Tests	Start Supabase and apply DB migrations	2026-01-12T01:53:04.7209241Z  30e54213209d Extracting [==========================================>        ]  589.4MB/700.2MB
Integration Tests	Start Supabase and apply DB migrations	2026-01-12T01:53:04.8417955Z  30e54213209d Extracting [==========================================>        ]  593.3MB/700.2MB
Integration Tests	Start Supabase and apply DB migrations	2026-01-12T01:53:04.9560001Z  30e54213209d Extracting [==========================================>        ]  595.5MB/700.2MB
Integration Tests	Start Supabase and apply DB migrations	2026-01-12T01:53:05.0618367Z  30e54213209d Extracting [===========================================>       ]  604.4MB/700.2MB
Integration Tests	Start Supabase and apply DB migrations	2026-01-12T01:53:05.1673600Z  30e54213209d Extracting [===========================================>       ]  613.9MB/700.2MB
Integration Tests	Start Supabase and apply DB migrations	2026-01-12T01:53:05.2777785Z  30e54213209d Extracting [============================================>      ]  618.9MB/700.2MB
Integration Tests	Start Supabase and apply DB migrations	2026-01-12T01:53:05.7531418Z  30e54213209d Extracting [============================================>      ]  621.1MB/700.2MB
Integration Tests	Start Supabase and apply DB migrations	2026-01-12T01:53:05.9455629Z  30e54213209d Extracting [============================================>      ]  621.7MB/700.2MB
Integration Tests	Start Supabase and apply DB migrations	2026-01-12T01:53:06.0493178Z  30e54213209d Extracting [=============================================>     ]  631.7MB/700.2MB
Integration Tests	Start Supabase and apply DB migrations	2026-01-12T01:53:06.1532128Z  30e54213209d Extracting [=============================================>     ]  641.7MB/700.2MB
Integration Tests	Start Supabase and apply DB migrations	2026-01-12T01:53:06.2538911Z  30e54213209d Extracting [==============================================>    ]  651.2MB/700.2MB
Integration Tests	Start Supabase and apply DB migrations	2026-01-12T01:53:06.3563826Z  30e54213209d Extracting [===============================================>   ]  660.7MB/700.2MB
Integration Tests	Start Supabase and apply DB migrations	2026-01-12T01:53:06.4607416Z  30e54213209d Extracting [===============================================>   ]  670.7MB/700.2MB
Integration Tests	Start Supabase and apply DB migrations	2026-01-12T01:53:06.5661501Z  30e54213209d Extracting [================================================>  ]  680.7MB/700.2MB
Integration Tests	Start Supabase and apply DB migrations	2026-01-12T01:53:06.6628002Z  30e54213209d Extracting [==================================================>]  700.2MB/700.2MB
Integration Tests	Start Supabase and apply DB migrations	2026-01-12T01:53:06.6629045Z  30e54213209d Extracting [==================================================>]  700.2MB/700.2MB
Integration Tests	Start Supabase and apply DB migrations	2026-01-12T01:53:09.4657966Z  30e54213209d Pull complete 
Integration Tests	Start Supabase and apply DB migrations	2026-01-12T01:53:09.4668052Z  df608b289804 Extracting [>                                                  ]  32.77kB/2.845MB
Integration Tests	Start Supabase and apply DB migrations	2026-01-12T01:53:26.3244175Z  df608b289804 Extracting [====>                                              ]  229.4kB/2.845MB
Integration Tests	Start Supabase and apply DB migrations	2026-01-12T01:53:26.3496308Z  df608b289804 Extracting [==================================================>]  2.845MB/2.845MB
Integration Tests	Start Supabase and apply DB migrations	2026-01-12T01:53:26.3597591Z  df608b289804 Pull complete 
Integration Tests	Start Supabase and apply DB migrations	2026-01-12T01:53:26.3609300Z  39e171972275 Extracting [==================================================>]     255B/255B
Integration Tests	Start Supabase and apply DB migrations	2026-01-12T01:53:26.3613556Z  39e171972275 Extracting [==================================================>]     255B/255B
Integration Tests	Start Supabase and apply DB migrations	2026-01-12T01:53:26.3723263Z  39e171972275 Pull complete 
Integration Tests	Start Supabase and apply DB migrations	2026-01-12T01:53:26.3748957Z  ab16a09d9816 Extracting [>                                                  ]  196.6kB/16.47MB
Integration Tests	Start Supabase and apply DB migrations	2026-01-12T01:53:26.4780930Z  ab16a09d9816 Extracting [=================>                                 ]  5.898MB/16.47MB
Integration Tests	Start Supabase and apply DB migrations	2026-01-12T01:53:26.5794573Z  ab16a09d9816 Extracting [=====================================>             ]  12.19MB/16.47MB
Integration Tests	Start Supabase and apply DB migrations	2026-01-12T01:53:26.6652571Z  ab16a09d9816 Extracting [==================================================>]  16.47MB/16.47MB
Integration Tests	Start Supabase and apply DB migrations	2026-01-12T01:53:26.7029213Z  ab16a09d9816 Pull complete 
Integration Tests	Start Supabase and apply DB migrations	2026-01-12T01:53:26.7040089Z  662bf451056f Extracting [==================================================>]     569B/569B
Integration Tests	Start Supabase and apply DB migrations	2026-01-12T01:53:26.7043805Z  662bf451056f Extracting [==================================================>]     569B/569B
Integration Tests	Start Supabase and apply DB migrations	2026-01-12T01:53:26.7154333Z  662bf451056f Pull complete 
Integration Tests	Start Supabase and apply DB migrations	2026-01-12T01:53:26.7169507Z  98b673ee0818 Extracting [==================================================>]     548B/548B
Integration Tests	Start Supabase and apply DB migrations	2026-01-12T01:53:26.7173486Z  98b673ee0818 Extracting [==================================================>]     548B/548B
Integration Tests	Start Supabase and apply DB migrations	2026-01-12T01:53:26.7278193Z  98b673ee0818 Pull complete 
Integration Tests	Start Supabase and apply DB migrations	2026-01-12T01:53:26.7289554Z  72c915d453db Extracting [==================================================>]     567B/567B
Integration Tests	Start Supabase and apply DB migrations	2026-01-12T01:53:26.7292447Z  72c915d453db Extracting [==================================================>]     567B/567B
Integration Tests	Start Supabase and apply DB migrations	2026-01-12T01:53:26.7406733Z  72c915d453db Pull complete 
Integration Tests	Start Supabase and apply DB migrations	2026-01-12T01:53:26.7417697Z  221928c8c0e8 Extracting [==================================================>]     545B/545B
Integration Tests	Start Supabase and apply DB migrations	2026-01-12T01:53:26.7421075Z  221928c8c0e8 Extracting [==================================================>]     545B/545B
Integration Tests	Start Supabase and apply DB migrations	2026-01-12T01:53:26.7544357Z  221928c8c0e8 Pull complete 
Integration Tests	Start Supabase and apply DB migrations	2026-01-12T01:53:26.7558256Z  e68fde724c13 Extracting [====>                                              ]  32.77kB/391kB
Integration Tests	Start Supabase and apply DB migrations	2026-01-12T01:53:26.7639104Z  e68fde724c13 Extracting [==================================================>]    391kB/391kB
Integration Tests	Start Supabase and apply DB migrations	2026-01-12T01:53:26.7643959Z  e68fde724c13 Extracting [==================================================>]    391kB/391kB
Integration Tests	Start Supabase and apply DB migrations	2026-01-12T01:53:26.7733899Z  e68fde724c13 Pull complete 
Integration Tests	Start Supabase and apply DB migrations	2026-01-12T01:53:26.7744162Z  396596199832 Extracting [==================================================>]  1.281kB/1.281kB
Integration Tests	Start Supabase and apply DB migrations	2026-01-12T01:53:26.7748393Z  396596199832 Extracting [==================================================>]  1.281kB/1.281kB
Integration Tests	Start Supabase and apply DB migrations	2026-01-12T01:53:26.7930435Z  396596199832 Pull complete 
Integration Tests	Start Supabase and apply DB migrations	2026-01-12T01:53:26.7942441Z  d9b4288e18b6 Extracting [==================================================>]     288B/288B
Integration Tests	Start Supabase and apply DB migrations	2026-01-12T01:53:26.7947070Z  d9b4288e18b6 Extracting [==================================================>]     288B/288B
Integration Tests	Start Supabase and apply DB migrations	2026-01-12T01:53:26.8043066Z  d9b4288e18b6 Pull complete 
Integration Tests	Start Supabase and apply DB migrations	2026-01-12T01:53:26.8077313Z  58d83e696753 Extracting [>                                                  ]  131.1kB/9.899MB
Integration Tests	Start Supabase and apply DB migrations	2026-01-12T01:53:26.8716615Z  58d83e696753 Extracting [==================================================>]  9.899MB/9.899MB
Integration Tests	Start Supabase and apply DB migrations	2026-01-12T01:53:26.8844900Z  58d83e696753 Pull complete 
Integration Tests	Start Supabase and apply DB migrations	2026-01-12T01:53:26.8856613Z  e232cbfaacea Extracting [===>                                               ]  32.77kB/424.6kB
Integration Tests	Start Supabase and apply DB migrations	2026-01-12T01:53:26.8954791Z  e232cbfaacea Extracting [==================================================>]  424.6kB/424.6kB
Integration Tests	Start Supabase and apply DB migrations	2026-01-12T01:53:26.8956044Z  e232cbfaacea Extracting [==================================================>]  424.6kB/424.6kB
Integration Tests	Start Supabase and apply DB migrations	2026-01-12T01:53:26.9037024Z  e232cbfaacea Pull complete 
Integration Tests	Start Supabase and apply DB migrations	2026-01-12T01:53:26.9245680Z  061c034107e8 Extracting [>                                                  ]  557.1kB/121.6MB
Integration Tests	Start Supabase and apply DB migrations	2026-01-12T01:53:27.0264925Z  061c034107e8 Extracting [===>                                               ]   9.47MB/121.6MB
Integration Tests	Start Supabase and apply DB migrations	2026-01-12T01:53:27.1314034Z  061c034107e8 Extracting [=======>                                           ]  17.27MB/121.6MB
Integration Tests	Start Supabase and apply DB migrations	2026-01-12T01:53:27.2364581Z  061c034107e8 Extracting [==========>                                        ]  26.74MB/121.6MB
Integration Tests	Start Supabase and apply DB migrations	2026-01-12T01:53:27.3785016Z  061c034107e8 Extracting [==============>                                    ]  35.09MB/121.6MB
Integration Tests	Start Supabase and apply DB migrations	2026-01-12T01:53:27.5364090Z  061c034107e8 Extracting [==============>                                    ]  36.21MB/121.6MB
Integration Tests	Start Supabase and apply DB migrations	2026-01-12T01:53:27.6533574Z  061c034107e8 Extracting [===============>                                   ]  37.32MB/121.6MB
Integration Tests	Start Supabase and apply DB migrations	2026-01-12T01:53:27.7548713Z  061c034107e8 Extracting [===============>                                   ]  37.88MB/121.6MB
Integration Tests	Start Supabase and apply DB migrations	2026-01-12T01:53:27.9388421Z  061c034107e8 Extracting [================>                                  ]  38.99MB/121.6MB
Integration Tests	Start Supabase and apply DB migrations	2026-01-12T01:53:28.0389635Z  061c034107e8 Extracting [==================>                                ]  44.01MB/121.6MB
Integration Tests	Start Supabase and apply DB migrations	2026-01-12T01:53:28.1410753Z  061c034107e8 Extracting [====================>                              ]  49.58MB/121.6MB
Integration Tests	Start Supabase and apply DB migrations	2026-01-12T01:53:28.2436747Z  061c034107e8 Extracting [=======================>                           ]  57.93MB/121.6MB
Integration Tests	Start Supabase and apply DB migrations	2026-01-12T01:53:28.3493856Z  061c034107e8 Extracting [===========================>                       ]  66.85MB/121.6MB
Integration Tests	Start Supabase and apply DB migrations	2026-01-12T01:53:28.4535985Z  061c034107e8 Extracting [============================>                      ]  69.63MB/121.6MB
Integration Tests	Start Supabase and apply DB migrations	2026-01-12T01:53:28.5566065Z  061c034107e8 Extracting [==============================>                    ]  74.09MB/121.6MB
Integration Tests	Start Supabase and apply DB migrations	2026-01-12T01:53:28.6607438Z  061c034107e8 Extracting [==================================>                ]  84.12MB/121.6MB
Integration Tests	Start Supabase and apply DB migrations	2026-01-12T01:53:28.7660447Z  061c034107e8 Extracting [======================================>            ]  94.14MB/121.6MB
Integration Tests	Start Supabase and apply DB migrations	2026-01-12T01:53:28.8675464Z  061c034107e8 Extracting [==========================================>        ]  103.6MB/121.6MB
Integration Tests	Start Supabase and apply DB migrations	2026-01-12T01:53:28.9698198Z  061c034107e8 Extracting [==============================================>    ]  113.1MB/121.6MB
Integration Tests	Start Supabase and apply DB migrations	2026-01-12T01:53:29.4437881Z  061c034107e8 Extracting [==============================================>    ]  114.2MB/121.6MB
Integration Tests	Start Supabase and apply DB migrations	2026-01-12T01:53:29.5604808Z  061c034107e8 Extracting [===============================================>   ]  114.8MB/121.6MB
Integration Tests	Start Supabase and apply DB migrations	2026-01-12T01:53:29.7226790Z  061c034107e8 Extracting [===============================================>   ]  115.3MB/121.6MB
Integration Tests	Start Supabase and apply DB migrations	2026-01-12T01:53:29.8256980Z  061c034107e8 Extracting [================================================>  ]  117.5MB/121.6MB
Integration Tests	Start Supabase and apply DB migrations	2026-01-12T01:53:29.9371680Z  061c034107e8 Extracting [=================================================> ]  119.2MB/121.6MB
Integration Tests	Start Supabase and apply DB migrations	2026-01-12T01:53:30.0842374Z  061c034107e8 Extracting [=================================================> ]  120.9MB/121.6MB
Integration Tests	Start Supabase and apply DB migrations	2026-01-12T01:53:30.1951057Z  061c034107e8 Extracting [=================================================> ]  121.4MB/121.6MB
Integration Tests	Start Supabase and apply DB migrations	2026-01-12T01:53:30.2052746Z  061c034107e8 Extracting [==================================================>]  121.6MB/121.6MB
Integration Tests	Start Supabase and apply DB migrations	2026-01-12T01:53:30.8756711Z  061c034107e8 Pull complete 
Integration Tests	Start Supabase and apply DB migrations	2026-01-12T01:53:30.8766308Z  c5acd18624f5 Extracting [==================================================>]  3.264kB/3.264kB
Integration Tests	Start Supabase and apply DB migrations	2026-01-12T01:53:30.8776168Z  c5acd18624f5 Extracting [==================================================>]  3.264kB/3.264kB
Integration Tests	Start Supabase and apply DB migrations	2026-01-12T01:53:30.8936392Z  c5acd18624f5 Pull complete 
Integration Tests	Start Supabase and apply DB migrations	2026-01-12T01:53:30.8946165Z  0f78e27d6a35 Extracting [=>                                                 ]  32.77kB/982.8kB
Integration Tests	Start Supabase and apply DB migrations	2026-01-12T01:53:30.9079710Z  0f78e27d6a35 Extracting [==================================================>]  982.8kB/982.8kB
Integration Tests	Start Supabase and apply DB migrations	2026-01-12T01:53:30.9082473Z  0f78e27d6a35 Extracting [==================================================>]  982.8kB/982.8kB
Integration Tests	Start Supabase and apply DB migrations	2026-01-12T01:53:30.9150199Z  0f78e27d6a35 Pull complete 
Integration Tests	Start Supabase and apply DB migrations	2026-01-12T01:53:30.9162259Z  b1cc7966ef37 Extracting [==================================================>]     793B/793B
Integration Tests	Start Supabase and apply DB migrations	2026-01-12T01:53:30.9166753Z  b1cc7966ef37 Extracting [==================================================>]     793B/793B
Integration Tests	Start Supabase and apply DB migrations	2026-01-12T01:53:30.9256241Z  b1cc7966ef37 Pull complete 
Integration Tests	Start Supabase and apply DB migrations	2026-01-12T01:53:30.9262624Z  a718a7acf050 Extracting [=>                                                 ]  32.77kB/1.003MB
Integration Tests	Start Supabase and apply DB migrations	2026-01-12T01:53:30.9427009Z  a718a7acf050 Extracting [==================================================>]  1.003MB/1.003MB
Integration Tests	Start Supabase and apply DB migrations	2026-01-12T01:53:30.9430722Z  a718a7acf050 Extracting [==================================================>]  1.003MB/1.003MB
Integration Tests	Start Supabase and apply DB migrations	2026-01-12T01:53:30.9496807Z  a718a7acf050 Pull complete 
Integration Tests	Start Supabase and apply DB migrations	2026-01-12T01:53:30.9583334Z  de5eb6494c71 Extracting [====================>                              ]  32.77kB/80.17kB
Integration Tests	Start Supabase and apply DB migrations	2026-01-12T01:53:30.9585587Z  de5eb6494c71 Extracting [==================================================>]  80.17kB/80.17kB
Integration Tests	Start Supabase and apply DB migrations	2026-01-12T01:53:30.9592915Z  de5eb6494c71 Extracting [==================================================>]  80.17kB/80.17kB
Integration Tests	Start Supabase and apply DB migrations	2026-01-12T01:53:30.9714109Z  de5eb6494c71 Pull complete 
Integration Tests	Start Supabase and apply DB migrations	2026-01-12T01:53:30.9724465Z  c8fa7ba7d7cd Extracting [==================================================>]  8.459kB/8.459kB
Integration Tests	Start Supabase and apply DB migrations	2026-01-12T01:53:30.9729026Z  c8fa7ba7d7cd Extracting [==================================================>]  8.459kB/8.459kB
Integration Tests	Start Supabase and apply DB migrations	2026-01-12T01:53:30.9812763Z  c8fa7ba7d7cd Pull complete 
Integration Tests	Start Supabase and apply DB migrations	2026-01-12T01:53:30.9823809Z  81035d6516cb Extracting [==================================================>]   1.89kB/1.89kB
Integration Tests	Start Supabase and apply DB migrations	2026-01-12T01:53:30.9826841Z  81035d6516cb Extracting [==================================================>]   1.89kB/1.89kB
Integration Tests	Start Supabase and apply DB migrations	2026-01-12T01:53:30.9898939Z  81035d6516cb Pull complete 
Integration Tests	Start Supabase and apply DB migrations	2026-01-12T01:53:30.9910625Z  ae396901bcd6 Extracting [==================================================>]  1.015kB/1.015kB
Integration Tests	Start Supabase and apply DB migrations	2026-01-12T01:53:30.9913466Z  ae396901bcd6 Extracting [==================================================>]  1.015kB/1.015kB
Integration Tests	Start Supabase and apply DB migrations	2026-01-12T01:53:30.9986010Z  ae396901bcd6 Pull complete 
Integration Tests	Start Supabase and apply DB migrations	2026-01-12T01:53:30.9997507Z  7b0397a838cc Extracting [==================================================>]     664B/664B
Integration Tests	Start Supabase and apply DB migrations	2026-01-12T01:53:31.0002465Z  7b0397a838cc Extracting [==================================================>]     664B/664B
Integration Tests	Start Supabase and apply DB migrations	2026-01-12T01:53:31.0083819Z  7b0397a838cc Pull complete 
Integration Tests	Start Supabase and apply DB migrations	2026-01-12T01:53:31.0094177Z  5b05557f64ee Extracting [==================================================>]     275B/275B
Integration Tests	Start Supabase and apply DB migrations	2026-01-12T01:53:31.0098823Z  5b05557f64ee Extracting [==================================================>]     275B/275B
Integration Tests	Start Supabase and apply DB migrations	2026-01-12T01:53:31.0177716Z  5b05557f64ee Pull complete 
Integration Tests	Start Supabase and apply DB migrations	2026-01-12T01:53:31.0190549Z  f4de72d38181 Extracting [==================================================>]  1.505kB/1.505kB
Integration Tests	Start Supabase and apply DB migrations	2026-01-12T01:53:31.0194449Z  f4de72d38181 Extracting [==================================================>]  1.505kB/1.505kB
Integration Tests	Start Supabase and apply DB migrations	2026-01-12T01:53:31.0266739Z  f4de72d38181 Pull complete 
Integration Tests	Start Supabase and apply DB migrations	2026-01-12T01:53:31.0277924Z  492029f4ca9e Extracting [==================================================>]  3.853kB/3.853kB
Integration Tests	Start Supabase and apply DB migrations	2026-01-12T01:53:31.0281878Z  492029f4ca9e Extracting [==================================================>]  3.853kB/3.853kB
Integration Tests	Start Supabase and apply DB migrations	2026-01-12T01:53:31.0391007Z  492029f4ca9e Pull complete 
Integration Tests	Start Supabase and apply DB migrations	2026-01-12T01:53:31.0403566Z  5dfe7a2e4ec2 Extracting [==================================================>]     366B/366B
Integration Tests	Start Supabase and apply DB migrations	2026-01-12T01:53:31.0407940Z  5dfe7a2e4ec2 Extracting [==================================================>]     366B/366B
Integration Tests	Start Supabase and apply DB migrations	2026-01-12T01:53:31.0507245Z  5dfe7a2e4ec2 Pull complete 
Integration Tests	Start Supabase and apply DB migrations	2026-01-12T01:53:31.0518933Z  863b67b02fb7 Extracting [==================================================>]     397B/397B
Integration Tests	Start Supabase and apply DB migrations	2026-01-12T01:53:31.0521709Z  863b67b02fb7 Extracting [==================================================>]     397B/397B
Integration Tests	Start Supabase and apply DB migrations	2026-01-12T01:53:31.0609117Z  863b67b02fb7 Pull complete 
Integration Tests	Start Supabase and apply DB migrations	2026-01-12T01:53:31.0623556Z  31bd26451d7d Extracting [==================================================>]     639B/639B
Integration Tests	Start Supabase and apply DB migrations	2026-01-12T01:53:31.0627342Z  31bd26451d7d Extracting [==================================================>]     639B/639B
Integration Tests	Start Supabase and apply DB migrations	2026-01-12T01:53:31.0698336Z  31bd26451d7d Pull complete 
Integration Tests	Start Supabase and apply DB migrations	2026-01-12T01:53:31.0710463Z  a36903594e8e Extracting [==================================================>]  9.309kB/9.309kB
Integration Tests	Start Supabase and apply DB migrations	2026-01-12T01:53:31.0712997Z  a36903594e8e Extracting [==================================================>]  9.309kB/9.309kB
Integration Tests	Start Supabase and apply DB migrations	2026-01-12T01:53:31.0825490Z  a36903594e8e Pull complete 
Integration Tests	Start Supabase and apply DB migrations	2026-01-12T01:53:31.0836489Z  8328445c503c Extracting [==================================================>]  8.489kB/8.489kB
Integration Tests	Start Supabase and apply DB migrations	2026-01-12T01:53:31.0838030Z  8328445c503c Extracting [==================================================>]  8.489kB/8.489kB
Integration Tests	Start Supabase and apply DB migrations	2026-01-12T01:53:31.0913654Z  8328445c503c Pull complete 
Integration Tests	Start Supabase and apply DB migrations	2026-01-12T01:53:31.0924147Z  01520f6ec9f9 Extracting [==================================================>]  8.491kB/8.491kB
Integration Tests	Start Supabase and apply DB migrations	2026-01-12T01:53:31.0926746Z  01520f6ec9f9 Extracting [==================================================>]  8.491kB/8.491kB
Integration Tests	Start Supabase and apply DB migrations	2026-01-12T01:53:31.0996773Z  01520f6ec9f9 Pull complete 
Integration Tests	Start Supabase and apply DB migrations	2026-01-12T01:53:31.1010071Z  ef07f06e1baa Extracting [==================================================>]  1.491kB/1.491kB
Integration Tests	Start Supabase and apply DB migrations	2026-01-12T01:53:31.1013108Z  ef07f06e1baa Extracting [==================================================>]  1.491kB/1.491kB
Integration Tests	Start Supabase and apply DB migrations	2026-01-12T01:53:31.1099144Z  ef07f06e1baa Pull complete 
Integration Tests	Start Supabase and apply DB migrations	2026-01-12T01:53:31.1109868Z  dadbe7fec1d7 Extracting [==================================================>]  12.78kB/12.78kB
Integration Tests	Start Supabase and apply DB migrations	2026-01-12T01:53:31.1114013Z  dadbe7fec1d7 Extracting [==================================================>]  12.78kB/12.78kB
Integration Tests	Start Supabase and apply DB migrations	2026-01-12T01:53:31.1303251Z  dadbe7fec1d7 Pull complete 
Integration Tests	Start Supabase and apply DB migrations	2026-01-12T01:53:31.1313902Z  01a2739fe36a Extracting [==================================================>]     523B/523B
Integration Tests	Start Supabase and apply DB migrations	2026-01-12T01:53:31.1319824Z  01a2739fe36a Extracting [==================================================>]     523B/523B
Integration Tests	Start Supabase and apply DB migrations	2026-01-12T01:53:31.1408389Z  01a2739fe36a Pull complete 
Integration Tests	Start Supabase and apply DB migrations	2026-01-12T01:53:31.1419641Z  87eb3f1b9097 Extracting [==================================================>]     273B/273B
Integration Tests	Start Supabase and apply DB migrations	2026-01-12T01:53:31.1424518Z  87eb3f1b9097 Extracting [==================================================>]     273B/273B
Integration Tests	Start Supabase and apply DB migrations	2026-01-12T01:53:31.1494531Z  87eb3f1b9097 Pull complete 
Integration Tests	Start Supabase and apply DB migrations	2026-01-12T01:53:31.1588058Z  7f390824cc02 Extracting [==================================================>]  5.368kB/5.368kB
Integration Tests	Start Supabase and apply DB migrations	2026-01-12T01:53:31.1590666Z  7f390824cc02 Extracting [==================================================>]  5.368kB/5.368kB
Integration Tests	Start Supabase and apply DB migrations	2026-01-12T01:53:31.1682282Z  7f390824cc02 Pull complete 
Integration Tests	Start Supabase and apply DB migrations	2026-01-12T01:53:31.1693277Z  6b79689de943 Extracting [==================================================>]     126B/126B
Integration Tests	Start Supabase and apply DB migrations	2026-01-12T01:53:31.1699557Z  6b79689de943 Extracting [==================================================>]     126B/126B
Integration Tests	Start Supabase and apply DB migrations	2026-01-12T01:53:31.1766255Z  6b79689de943 Pull complete 
Integration Tests	Start Supabase and apply DB migrations	2026-01-12T01:53:31.1780542Z  8e4867b54883 Extracting [>                                                  ]   98.3kB/9.086MB
Integration Tests	Start Supabase and apply DB migrations	2026-01-12T01:53:31.2818646Z  8e4867b54883 Extracting [=====================>                             ]  3.932MB/9.086MB
Integration Tests	Start Supabase and apply DB migrations	2026-01-12T01:53:31.3827988Z  8e4867b54883 Extracting [==================================>                ]  6.193MB/9.086MB
Integration Tests	Start Supabase and apply DB migrations	2026-01-12T01:53:31.4381113Z  8e4867b54883 Extracting [==================================================>]  9.086MB/9.086MB
Integration Tests	Start Supabase and apply DB migrations	2026-01-12T01:53:31.4647867Z  8e4867b54883 Pull complete 
Integration Tests	Start Supabase and apply DB migrations	2026-01-12T01:53:31.4657454Z  4346159f4004 Extracting [=>                                                 ]  32.77kB/866.6kB
Integration Tests	Start Supabase and apply DB migrations	2026-01-12T01:53:31.4806004Z  4346159f4004 Extracting [==================================================>]  866.6kB/866.6kB
Integration Tests	Start Supabase and apply DB migrations	2026-01-12T01:53:31.4812223Z  4346159f4004 Extracting [==================================================>]  866.6kB/866.6kB
Integration Tests	Start Supabase and apply DB migrations	2026-01-12T01:53:31.4886495Z  4346159f4004 Pull complete 
Integration Tests	Start Supabase and apply DB migrations	2026-01-12T01:53:31.4897959Z  5aaba2cdf370 Extracting [==================================================>]     315B/315B
Integration Tests	Start Supabase and apply DB migrations	2026-01-12T01:53:31.4902779Z  5aaba2cdf370 Extracting [==================================================>]     315B/315B
Integration Tests	Start Supabase and apply DB migrations	2026-01-12T01:53:31.5009351Z  5aaba2cdf370 Pull complete 
Integration Tests	Start Supabase and apply DB migrations	2026-01-12T01:53:31.5068330Z  postgres Pulled 
Integration Tests	Start Supabase and apply DB migrations	2026-01-12T01:53:31.5084462Z Starting database...
Integration Tests	Start Supabase and apply DB migrations	2026-01-12T01:53:42.9597746Z Initialising schema...
Integration Tests	Start Supabase and apply DB migrations	2026-01-12T01:53:43.5127010Z v2.69.1: Pulling from supabase/realtime
Integration Tests	Start Supabase and apply DB migrations	2026-01-12T01:53:43.7220463Z 5c32499ab806: Pulling fs layer
Integration Tests	Start Supabase and apply DB migrations	2026-01-12T01:53:43.7221223Z ba12578bd217: Pulling fs layer
Integration Tests	Start Supabase and apply DB migrations	2026-01-12T01:53:43.7221572Z 9bf0aafc6921: Pulling fs layer
Integration Tests	Start Supabase and apply DB migrations	2026-01-12T01:53:43.7221921Z 25d1561086b9: Pulling fs layer
Integration Tests	Start Supabase and apply DB migrations	2026-01-12T01:53:43.7222531Z 345125ac6111: Pulling fs layer
Integration Tests	Start Supabase and apply DB migrations	2026-01-12T01:53:43.7222917Z 663199e9a9c0: Pulling fs layer
Integration Tests	Start Supabase and apply DB migrations	2026-01-12T01:53:43.7223236Z c77ccc63fea8: Pulling fs layer
Integration Tests	Start Supabase and apply DB migrations	2026-01-12T01:53:43.7223548Z 4f4fb700ef54: Pulling fs layer
Integration Tests	Start Supabase and apply DB migrations	2026-01-12T01:53:43.7223814Z 25d1561086b9: Waiting
Integration Tests	Start Supabase and apply DB migrations	2026-01-12T01:53:43.7224061Z 345125ac6111: Waiting
Integration Tests	Start Supabase and apply DB migrations	2026-01-12T01:53:43.7224299Z 663199e9a9c0: Waiting
Integration Tests	Start Supabase and apply DB migrations	2026-01-12T01:53:43.7224538Z c77ccc63fea8: Waiting
Integration Tests	Start Supabase and apply DB migrations	2026-01-12T01:53:43.7224769Z 4f4fb700ef54: Waiting
Integration Tests	Start Supabase and apply DB migrations	2026-01-12T01:53:43.8721466Z 9bf0aafc6921: Verifying Checksum
Integration Tests	Start Supabase and apply DB migrations	2026-01-12T01:53:43.8722095Z 9bf0aafc6921: Download complete
Integration Tests	Start Supabase and apply DB migrations	2026-01-12T01:53:43.9856281Z 5c32499ab806: Verifying Checksum
Integration Tests	Start Supabase and apply DB migrations	2026-01-12T01:53:43.9857256Z 5c32499ab806: Download complete
Integration Tests	Start Supabase and apply DB migrations	2026-01-12T01:53:44.0137465Z 25d1561086b9: Verifying Checksum
Integration Tests	Start Supabase and apply DB migrations	2026-01-12T01:53:44.0138383Z 25d1561086b9: Download complete
Integration Tests	Start Supabase and apply DB migrations	2026-01-12T01:53:44.1287441Z 345125ac6111: Verifying Checksum
Integration Tests	Start Supabase and apply DB migrations	2026-01-12T01:53:44.1289617Z 345125ac6111: Download complete
Integration Tests	Start Supabase and apply DB migrations	2026-01-12T01:53:44.1469192Z ba12578bd217: Verifying Checksum
Integration Tests	Start Supabase and apply DB migrations	2026-01-12T01:53:44.1478035Z ba12578bd217: Download complete
Integration Tests	Start Supabase and apply DB migrations	2026-01-12T01:53:44.2051776Z 663199e9a9c0: Verifying Checksum
Integration Tests	Start Supabase and apply DB migrations	2026-01-12T01:53:44.2052370Z 663199e9a9c0: Download complete
Integration Tests	Start Supabase and apply DB migrations	2026-01-12T01:53:44.2389991Z 4f4fb700ef54: Verifying Checksum
Integration Tests	Start Supabase and apply DB migrations	2026-01-12T01:53:44.2390577Z 4f4fb700ef54: Download complete
Integration Tests	Start Supabase and apply DB migrations	2026-01-12T01:53:44.2631446Z c77ccc63fea8: Verifying Checksum
Integration Tests	Start Supabase and apply DB migrations	2026-01-12T01:53:44.2633208Z c77ccc63fea8: Download complete
Integration Tests	Start Supabase and apply DB migrations	2026-01-12T01:53:45.0712920Z 5c32499ab806: Pull complete
Integration Tests	Start Supabase and apply DB migrations	2026-01-12T01:53:50.8811396Z ba12578bd217: Pull complete
Integration Tests	Start Supabase and apply DB migrations	2026-01-12T01:53:50.9144233Z 9bf0aafc6921: Pull complete
Integration Tests	Start Supabase and apply DB migrations	2026-01-12T01:53:50.9229270Z 25d1561086b9: Pull complete
Integration Tests	Start Supabase and apply DB migrations	2026-01-12T01:53:50.9323017Z 345125ac6111: Pull complete
Integration Tests	Start Supabase and apply DB migrations	2026-01-12T01:53:51.9205325Z 663199e9a9c0: Pull complete
Integration Tests	Start Supabase and apply DB migrations	2026-01-12T01:53:51.9311644Z c77ccc63fea8: Pull complete
Integration Tests	Start Supabase and apply DB migrations	2026-01-12T01:53:51.9392147Z 4f4fb700ef54: Pull complete
Integration Tests	Start Supabase and apply DB migrations	2026-01-12T01:53:51.9429649Z Digest: sha256:f38207af46fcf9a550d5b656aefb67bdf5963308b6825eec587c450e7835b5e9
Integration Tests	Start Supabase and apply DB migrations	2026-01-12T01:53:51.9439884Z Status: Downloaded newer image for public.ecr.aws/supabase/realtime:v2.69.1
Integration Tests	Start Supabase and apply DB migrations	2026-01-12T01:53:56.0342872Z v1.33.4: Pulling from supabase/storage-api
Integration Tests	Start Supabase and apply DB migrations	2026-01-12T01:53:56.2024647Z f637881d1138: Pulling fs layer
Integration Tests	Start Supabase and apply DB migrations	2026-01-12T01:53:56.2025253Z de18c5931176: Pulling fs layer
Integration Tests	Start Supabase and apply DB migrations	2026-01-12T01:53:56.2026192Z 0c8fa532fea1: Pulling fs layer
Integration Tests	Start Supabase and apply DB migrations	2026-01-12T01:53:56.2026630Z fb003c71d3fb: Pulling fs layer
Integration Tests	Start Supabase and apply DB migrations	2026-01-12T01:53:56.2027099Z 1bfb2582e534: Pulling fs layer
Integration Tests	Start Supabase and apply DB migrations	2026-01-12T01:53:56.2027553Z 0cb6ddb74007: Pulling fs layer
Integration Tests	Start Supabase and apply DB migrations	2026-01-12T01:53:56.2027984Z 847a4a278390: Pulling fs layer
Integration Tests	Start Supabase and apply DB migrations	2026-01-12T01:53:56.2028437Z 10e62d4da6de: Pulling fs layer
Integration Tests	Start Supabase and apply DB migrations	2026-01-12T01:53:56.2028873Z 98f888133a51: Pulling fs layer
Integration Tests	Start Supabase and apply DB migrations	2026-01-12T01:53:56.2029305Z 342a15abf78d: Pulling fs layer
Integration Tests	Start Supabase and apply DB migrations	2026-01-12T01:53:56.2029686Z fb003c71d3fb: Waiting
Integration Tests	Start Supabase and apply DB migrations	2026-01-12T01:53:56.2029914Z 1bfb2582e534: Waiting
Integration Tests	Start Supabase and apply DB migrations	2026-01-12T01:53:56.2030143Z 847a4a278390: Waiting
Integration Tests	Start Supabase and apply DB migrations	2026-01-12T01:53:56.2030339Z 10e62d4da6de: Waiting
Integration Tests	Start Supabase and apply DB migrations	2026-01-12T01:53:56.2030528Z 0cb6ddb74007: Waiting
Integration Tests	Start Supabase and apply DB migrations	2026-01-12T01:53:56.2030720Z 98f888133a51: Waiting
Integration Tests	Start Supabase and apply DB migrations	2026-01-12T01:53:56.2030924Z 342a15abf78d: Waiting
Integration Tests	Start Supabase and apply DB migrations	2026-01-12T01:53:56.3394501Z 0c8fa532fea1: Download complete
Integration Tests	Start Supabase and apply DB migrations	2026-01-12T01:53:56.3584901Z f637881d1138: Verifying Checksum
Integration Tests	Start Supabase and apply DB migrations	2026-01-12T01:53:56.3586138Z f637881d1138: Download complete
Integration Tests	Start Supabase and apply DB migrations	2026-01-12T01:53:56.4671294Z fb003c71d3fb: Verifying Checksum
Integration Tests	Start Supabase and apply DB migrations	2026-01-12T01:53:56.4671906Z fb003c71d3fb: Download complete
Integration Tests	Start Supabase and apply DB migrations	2026-01-12T01:53:56.4919482Z f637881d1138: Pull complete
Integration Tests	Start Supabase and apply DB migrations	2026-01-12T01:53:56.5362740Z de18c5931176: Download complete
Integration Tests	Start Supabase and apply DB migrations	2026-01-12T01:53:56.6055703Z 0cb6ddb74007: Download complete
Integration Tests	Start Supabase and apply DB migrations	2026-01-12T01:53:56.6790179Z 847a4a278390: Verifying Checksum
Integration Tests	Start Supabase and apply DB migrations	2026-01-12T01:53:56.6790812Z 847a4a278390: Download complete
Integration Tests	Start Supabase and apply DB migrations	2026-01-12T01:53:56.7407408Z 10e62d4da6de: Verifying Checksum
Integration Tests	Start Supabase and apply DB migrations	2026-01-12T01:53:56.7408844Z 10e62d4da6de: Download complete
Integration Tests	Start Supabase and apply DB migrations	2026-01-12T01:53:56.8042369Z 1bfb2582e534: Verifying Checksum
Integration Tests	Start Supabase and apply DB migrations	2026-01-12T01:53:56.8043708Z 1bfb2582e534: Download complete
Integration Tests	Start Supabase and apply DB migrations	2026-01-12T01:53:56.8817563Z 342a15abf78d: Download complete
Integration Tests	Start Supabase and apply DB migrations	2026-01-12T01:53:56.9069366Z 98f888133a51: Verifying Checksum
Integration Tests	Start Supabase and apply DB migrations	2026-01-12T01:53:56.9070005Z 98f888133a51: Download complete
Integration Tests	Start Supabase and apply DB migrations	2026-01-12T01:53:58.3771476Z de18c5931176: Pull complete
Integration Tests	Start Supabase and apply DB migrations	2026-01-12T01:53:58.4162431Z 0c8fa532fea1: Pull complete
Integration Tests	Start Supabase and apply DB migrations	2026-01-12T01:53:58.4264418Z fb003c71d3fb: Pull complete
Integration Tests	Start Supabase and apply DB migrations	2026-01-12T01:54:00.7242190Z 1bfb2582e534: Pull complete
Integration Tests	Start Supabase and apply DB migrations	2026-01-12T01:54:00.7358281Z 0cb6ddb74007: Pull complete
Integration Tests	Start Supabase and apply DB migrations	2026-01-12T01:54:00.7638554Z 847a4a278390: Pull complete
Integration Tests	Start Supabase and apply DB migrations	2026-01-12T01:54:00.7895169Z 10e62d4da6de: Pull complete
Integration Tests	Start Supabase and apply DB migrations	2026-01-12T01:54:13.6087755Z 98f888133a51: Pull complete
Integration Tests	Start Supabase and apply DB migrations	2026-01-12T01:54:13.7873736Z 342a15abf78d: Pull complete
Integration Tests	Start Supabase and apply DB migrations	2026-01-12T01:54:13.7913590Z Digest: sha256:cfea6cdfaf7ebf425175bc0dce449af5f323cb25d6be87a4873aa4a541b57505
Integration Tests	Start Supabase and apply DB migrations	2026-01-12T01:54:13.7924662Z Status: Downloaded newer image for public.ecr.aws/supabase/storage-api:v1.33.4
Integration Tests	Start Supabase and apply DB migrations	2026-01-12T01:54:16.7978564Z v2.184.0: Pulling from supabase/gotrue
Integration Tests	Start Supabase and apply DB migrations	2026-01-12T01:54:16.9737375Z 014e56e61396: Pulling fs layer
Integration Tests	Start Supabase and apply DB migrations	2026-01-12T01:54:16.9737928Z 64990864d225: Pulling fs layer
Integration Tests	Start Supabase and apply DB migrations	2026-01-12T01:54:16.9738409Z d4da9541978a: Pulling fs layer
Integration Tests	Start Supabase and apply DB migrations	2026-01-12T01:54:16.9739251Z ae71ee9bb1f0: Pulling fs layer
Integration Tests	Start Supabase and apply DB migrations	2026-01-12T01:54:16.9739846Z 6ecf0f66ca4a: Pulling fs layer
Integration Tests	Start Supabase and apply DB migrations	2026-01-12T01:54:16.9740150Z 68072c71d260: Pulling fs layer
Integration Tests	Start Supabase and apply DB migrations	2026-01-12T01:54:16.9740377Z 6ecf0f66ca4a: Waiting
Integration Tests	Start Supabase and apply DB migrations	2026-01-12T01:54:16.9740587Z ae71ee9bb1f0: Waiting
Integration Tests	Start Supabase and apply DB migrations	2026-01-12T01:54:16.9740782Z 68072c71d260: Waiting
Integration Tests	Start Supabase and apply DB migrations	2026-01-12T01:54:17.1056033Z 64990864d225: Download complete
Integration Tests	Start Supabase and apply DB migrations	2026-01-12T01:54:17.1130230Z d4da9541978a: Verifying Checksum
Integration Tests	Start Supabase and apply DB migrations	2026-01-12T01:54:17.1131256Z d4da9541978a: Download complete
Integration Tests	Start Supabase and apply DB migrations	2026-01-12T01:54:17.1369435Z 014e56e61396: Verifying Checksum
Integration Tests	Start Supabase and apply DB migrations	2026-01-12T01:54:17.1369928Z 014e56e61396: Download complete
Integration Tests	Start Supabase and apply DB migrations	2026-01-12T01:54:17.2399938Z 014e56e61396: Pull complete
Integration Tests	Start Supabase and apply DB migrations	2026-01-12T01:54:17.2600404Z 6ecf0f66ca4a: Download complete
Integration Tests	Start Supabase and apply DB migrations	2026-01-12T01:54:17.2638376Z 64990864d225: Pull complete
Integration Tests	Start Supabase and apply DB migrations	2026-01-12T01:54:17.3038111Z ae71ee9bb1f0: Verifying Checksum
Integration Tests	Start Supabase and apply DB migrations	2026-01-12T01:54:17.3038656Z ae71ee9bb1f0: Download complete
Integration Tests	Start Supabase and apply DB migrations	2026-01-12T01:54:17.3382823Z 68072c71d260: Verifying Checksum
Integration Tests	Start Supabase and apply DB migrations	2026-01-12T01:54:17.3383438Z 68072c71d260: Download complete
Integration Tests	Start Supabase and apply DB migrations	2026-01-12T01:54:17.3725103Z d4da9541978a: Pull complete
Integration Tests	Start Supabase and apply DB migrations	2026-01-12T01:54:17.5565882Z ae71ee9bb1f0: Pull complete
Integration Tests	Start Supabase and apply DB migrations	2026-01-12T01:54:17.5810385Z 6ecf0f66ca4a: Pull complete
Integration Tests	Start Supabase and apply DB migrations	2026-01-12T01:54:17.5915511Z 68072c71d260: Pull complete
Integration Tests	Start Supabase and apply DB migrations	2026-01-12T01:54:17.5951229Z Digest: sha256:c485010238ab429edf4ac8eb70b37b41aae0a0905277a935d4a0b64bb848e393
Integration Tests	Start Supabase and apply DB migrations	2026-01-12T01:54:17.5964314Z Status: Downloaded newer image for public.ecr.aws/supabase/gotrue:v2.184.0
Integration Tests	Start Supabase and apply DB migrations	2026-01-12T01:54:17.9378634Z Seeding globals from roles.sql...
Integration Tests	Start Supabase and apply DB migrations	2026-01-12T01:54:17.9420867Z Applying migration 20240101000000_initial_schema.sql...
Integration Tests	Start Supabase and apply DB migrations	2026-01-12T01:54:17.9436153Z NOTICE (42710): extension "uuid-ossp" already exists, skipping
Integration Tests	Start Supabase and apply DB migrations	2026-01-12T01:54:17.9795730Z Applying migration 20240105000001_installment_explosion_trigger.sql...
Integration Tests	Start Supabase and apply DB migrations	2026-01-12T01:54:17.9827101Z NOTICE (00000): trigger "trigger_cascade_delete_installments" for relation "transactions" does not exist, skipping
Integration Tests	Start Supabase and apply DB migrations	2026-01-12T01:54:17.9836379Z NOTICE (00000): trigger "trigger_recalculate_installments" for relation "transactions" does not exist, skipping
Integration Tests	Start Supabase and apply DB migrations	2026-01-12T01:54:17.9889915Z NOTICE (42P07): relation "idx_installments_billing_month" already exists, skipping
Integration Tests	Start Supabase and apply DB migrations	2026-01-12T01:54:17.9892496Z NOTICE (42P07): relation "idx_installments_status" already exists, skipping
Integration Tests	Start Supabase and apply DB migrations	2026-01-12T01:54:17.9903258Z Applying migration 20240105000002_rls_policies.sql...
Integration Tests	Start Supabase and apply DB migrations	2026-01-12T01:54:17.9976201Z NOTICE (00000): policy "Owners can update their households" for relation "households" does not exist, skipping
Integration Tests	Start Supabase and apply DB migrations	2026-01-12T01:54:17.9986832Z NOTICE (00000): policy "Users can insert themselves" for relation "household_members" does not exist, skipping
Integration Tests	Start Supabase and apply DB migrations	2026-01-12T01:54:18.0000156Z NOTICE (00000): policy "Users can create accounts" for relation "accounts" does not exist, skipping
Integration Tests	Start Supabase and apply DB migrations	2026-01-12T01:54:18.0004503Z NOTICE (00000): policy "Users can update household accounts" for relation "accounts" does not exist, skipping
Integration Tests	Start Supabase and apply DB migrations	2026-01-12T01:54:18.0007952Z NOTICE (00000): policy "Users can delete household accounts" for relation "accounts" does not exist, skipping
Integration Tests	Start Supabase and apply DB migrations	2026-01-12T01:54:18.0016782Z NOTICE (00000): policy "Users can create cards" for relation "credit_cards" does not exist, skipping
Integration Tests	Start Supabase and apply DB migrations	2026-01-12T01:54:18.0020988Z NOTICE (00000): policy "Users can update household cards" for relation "credit_cards" does not exist, skipping
Integration Tests	Start Supabase and apply DB migrations	2026-01-12T01:54:18.0025201Z NOTICE (00000): policy "Users can delete household cards" for relation "credit_cards" does not exist, skipping
Integration Tests	Start Supabase and apply DB migrations	2026-01-12T01:54:18.0028508Z NOTICE (00000): policy "Users can view categories" for relation "categories" does not exist, skipping
Integration Tests	Start Supabase and apply DB migrations	2026-01-12T01:54:18.0033195Z NOTICE (00000): policy "Users can create categories" for relation "categories" does not exist, skipping
Integration Tests	Start Supabase and apply DB migrations	2026-01-12T01:54:18.0037213Z NOTICE (00000): policy "Users can update own categories" for relation "categories" does not exist, skipping
Integration Tests	Start Supabase and apply DB migrations	2026-01-12T01:54:18.0046260Z NOTICE (00000): policy "Users can create transactions" for relation "transactions" does not exist, skipping
Integration Tests	Start Supabase and apply DB migrations	2026-01-12T01:54:18.0050206Z NOTICE (00000): policy "Users can update household transactions" for relation "transactions" does not exist, skipping
Integration Tests	Start Supabase and apply DB migrations	2026-01-12T01:54:18.0053848Z NOTICE (00000): policy "Users can delete household transactions" for relation "transactions" does not exist, skipping
Integration Tests	Start Supabase and apply DB migrations	2026-01-12T01:54:18.0061740Z NOTICE (00000): policy "Users can create installments" for relation "installments" does not exist, skipping
Integration Tests	Start Supabase and apply DB migrations	2026-01-12T01:54:18.0065952Z NOTICE (00000): policy "Users can update household installments" for relation "installments" does not exist, skipping
Integration Tests	Start Supabase and apply DB migrations	2026-01-12T01:54:18.0074433Z NOTICE (00000): policy "Users can manage household statements" for relation "credit_card_statements" does not exist, skipping
Integration Tests	Start Supabase and apply DB migrations	2026-01-12T01:54:18.0082985Z NOTICE (00000): policy "Users can manage expected transactions" for relation "expected_transactions" does not exist, skipping
Integration Tests	Start Supabase and apply DB migrations	2026-01-12T01:54:18.0124434Z Applying migration 20240106000001_subscriptions_table.sql...
Integration Tests	Start Supabase and apply DB migrations	2026-01-12T01:54:18.0174254Z NOTICE (00000): policy "Users can view household subscriptions" for relation "subscriptions" does not exist, skipping
Integration Tests	Start Supabase and apply DB migrations	2026-01-12T01:54:18.0178782Z NOTICE (00000): policy "Users can create subscriptions" for relation "subscriptions" does not exist, skipping
Integration Tests	Start Supabase and apply DB migrations	2026-01-12T01:54:18.0183785Z NOTICE (00000): policy "Users can update household subscriptions" for relation "subscriptions" does not exist, skipping
Integration Tests	Start Supabase and apply DB migrations	2026-01-12T01:54:18.0187678Z NOTICE (00000): policy "Users can delete household subscriptions" for relation "subscriptions" does not exist, skipping
Integration Tests	Start Supabase and apply DB migrations	2026-01-12T01:54:18.0198095Z NOTICE (00000): trigger "trigger_subscriptions_updated_at" for relation "subscriptions" does not exist, skipping
Integration Tests	Start Supabase and apply DB migrations	2026-01-12T01:54:18.0216440Z Applying migration 20240107000001_setup_new_user_function.sql...
Integration Tests	Start Supabase and apply DB migrations	2026-01-12T01:54:18.0242914Z Applying migration 20240108000001_household_invites_and_storage.sql...
Integration Tests	Start Supabase and apply DB migrations	2026-01-12T01:54:18.0339828Z Applying migration 20250105_rls_and_installments.sql...
Integration Tests	Start Supabase and apply DB migrations	2026-01-12T01:54:18.0367552Z NOTICE (00000): drop cascades to 8 other objects
Integration Tests	Start Supabase and apply DB migrations	2026-01-12T01:54:18.0389720Z NOTICE (00000): policy "Authenticated users can create households" for relation "households" does not exist, skipping
Integration Tests	Start Supabase and apply DB migrations	2026-01-12T01:54:18.0392993Z NOTICE (00000): policy "Users can view household members" for relation "household_members" does not exist, skipping
Integration Tests	Start Supabase and apply DB migrations	2026-01-12T01:54:18.0407359Z NOTICE (00000): policy "Users can create accounts in their household" for relation "accounts" does not exist, skipping
Integration Tests	Start Supabase and apply DB migrations	2026-01-12T01:54:18.0420412Z NOTICE (00000): policy "Users can view household credit cards" for relation "credit_cards" does not exist, skipping
Integration Tests	Start Supabase and apply DB migrations	2026-01-12T01:54:18.0425077Z NOTICE (00000): policy "Users can create credit cards in their household" for relation "credit_cards" does not exist, skipping
Integration Tests	Start Supabase and apply DB migrations	2026-01-12T01:54:18.0428683Z NOTICE (00000): policy "Users can update household credit cards" for relation "credit_cards" does not exist, skipping
Integration Tests	Start Supabase and apply DB migrations	2026-01-12T01:54:18.0433248Z NOTICE (00000): policy "Users can delete household credit cards" for relation "credit_cards" does not exist, skipping
Integration Tests	Start Supabase and apply DB migrations	2026-01-12T01:54:18.0441340Z NOTICE (00000): policy "Users can create categories in their household" for relation "categories" does not exist, skipping
Integration Tests	Start Supabase and apply DB migrations	2026-01-12T01:54:18.0445019Z NOTICE (00000): policy "Users can update household categories" for relation "categories" does not exist, skipping
Integration Tests	Start Supabase and apply DB migrations	2026-01-12T01:54:18.0453935Z NOTICE (00000): policy "Users can create transactions in their household" for relation "transactions" does not exist, skipping
Integration Tests	Start Supabase and apply DB migrations	2026-01-12T01:54:18.0470424Z NOTICE (00000): policy "Users can manage household installments" for relation "installments" does not exist, skipping
Integration Tests	Start Supabase and apply DB migrations	2026-01-12T01:54:18.0482352Z NOTICE (00000): policy "Users can view household expected transactions" for relation "expected_transactions" does not exist, skipping
Integration Tests	Start Supabase and apply DB migrations	2026-01-12T01:54:18.0486624Z NOTICE (00000): policy "Users can manage household expected transactions" for relation "expected_transactions" does not exist, skipping
Integration Tests	Start Supabase and apply DB migrations	2026-01-12T01:54:18.0519303Z NOTICE (42P07): relation "idx_transactions_household_date" already exists, skipping
Integration Tests	Start Supabase and apply DB migrations	2026-01-12T01:54:18.0521976Z NOTICE (42P07): relation "idx_installments_billing_month" already exists, skipping
Integration Tests	Start Supabase and apply DB migrations	2026-01-12T01:54:18.0523184Z NOTICE (42P07): relation "idx_installments_credit_card" already exists, skipping
Integration Tests	Start Supabase and apply DB migrations	2026-01-12T01:54:18.0526443Z NOTICE (42P07): relation "idx_household_members_user" already exists, skipping
Integration Tests	Start Supabase and apply DB migrations	2026-01-12T01:54:18.0533372Z Applying migration 20260105_add_installment_columns.sql...
Integration Tests	Start Supabase and apply DB migrations	2026-01-12T01:54:18.0544987Z Applying migration 20260109000001_free_balance_view.sql...
Integration Tests	Start Supabase and apply DB migrations	2026-01-12T01:54:18.0600784Z Applying migration 20260109000002_add_updated_at_to_installments.sql...
Integration Tests	Start Supabase and apply DB migrations	2026-01-12T01:54:18.0615473Z NOTICE (00000): trigger "update_installments_updated_at" for relation "installments" does not exist, skipping
Integration Tests	Start Supabase and apply DB migrations	2026-01-12T01:54:18.0621339Z Applying migration 20260109000003_fix_household_members_rls.sql...
Integration Tests	Start Supabase and apply DB migrations	2026-01-12T01:54:18.0643539Z Applying migration 20260109000004_get_user_household_rpc.sql...
Integration Tests	Start Supabase and apply DB migrations	2026-01-12T01:54:18.0657509Z Applying migration 20260110000001_atomic_transactions.sql...
Integration Tests	Start Supabase and apply DB migrations	2026-01-12T01:54:18.0695346Z NOTICE (00000): constraint "check_positive_amount" of relation "transactions" does not exist, skipping
Integration Tests	Start Supabase and apply DB migrations	2026-01-12T01:54:18.0700202Z NOTICE (00000): constraint "check_installment_number" of relation "installments" does not exist, skipping
Integration Tests	Start Supabase and apply DB migrations	2026-01-12T01:54:18.0710172Z Applying migration 20260110000002_fix_credit_card_limits_deleted_at.sql...
Integration Tests	Start Supabase and apply DB migrations	2026-01-12T01:54:18.0734570Z Applying migration 20260110000003_fix_installment_display.sql...
Integration Tests	Start Supabase and apply DB migrations	2026-01-12T01:54:18.0758816Z NOTICE (42P07): relation "idx_installments_transaction_id" already exists, skipping
Integration Tests	Start Supabase and apply DB migrations	2026-01-12T01:54:18.0760901Z NOTICE (42P07): relation "idx_installments_billing_month" already exists, skipping
Integration Tests	Start Supabase and apply DB migrations	2026-01-12T01:54:18.0773438Z Applying migration 20260110000004_soft_delete_cascade_installments.sql...
Integration Tests	Start Supabase and apply DB migrations	2026-01-12T01:54:18.0785430Z NOTICE (00000): trigger "trigger_soft_delete_cascade_installments" for relation "transactions" does not exist, skipping
Integration Tests	Start Supabase and apply DB migrations	2026-01-12T01:54:18.0803862Z Applying migration 20260110000005_add_bank_details_to_accounts.sql...
Integration Tests	Start Supabase and apply DB migrations	2026-01-12T01:54:18.0832715Z Applying migration 20260110000006_fix_auth_500_error.sql...
Integration Tests	Start Supabase and apply DB migrations	2026-01-12T01:54:18.0881237Z Applying migration 20260110120000_p0_fix_floating_point_cents.sql...
Integration Tests	Start Supabase and apply DB migrations	2026-01-12T01:54:18.1016447Z Applying migration 20260110200000_bill_payment_status.sql...
Integration Tests	Start Supabase and apply DB migrations	2026-01-12T01:54:18.1128398Z NOTICE (42710): enum label "overdue" already exists, skipping
Integration Tests	Start Supabase and apply DB migrations	2026-01-12T01:54:18.1248896Z NOTICE (00000): policy "Users can view own statements" for relation "credit_card_statements" does not exist, skipping
Integration Tests	Start Supabase and apply DB migrations	2026-01-12T01:54:18.1253499Z NOTICE (00000): policy "Users can insert own statements" for relation "credit_card_statements" does not exist, skipping
Integration Tests	Start Supabase and apply DB migrations	2026-01-12T01:54:18.1258814Z NOTICE (00000): policy "Users can update own statements" for relation "credit_card_statements" does not exist, skipping
Integration Tests	Start Supabase and apply DB migrations	2026-01-12T01:54:18.1296998Z Applying migration 20260110220000_fix_retroactive_installments.sql...
Integration Tests	Start Supabase and apply DB migrations	2026-01-12T01:54:18.1335692Z Seeding data from supabase/seed.sql...
Integration Tests	Start Supabase and apply DB migrations	2026-01-12T01:54:18.1373700Z Stopping containers...
Integration Tests	Start Supabase and apply DB migrations	2026-01-12T01:54:30.6611887Z failed to send batch: ERROR: null value in column "provider_id" of relation "identities" violates not-null constraint (SQLSTATE 23502)
Integration Tests	Start Supabase and apply DB migrations	2026-01-12T01:54:30.6612696Z Try rerunning the command with --debug to troubleshoot the error.
Integration Tests	Start Supabase and apply DB migrations	2026-01-12T01:54:30.6730427Z ##[error]Process completed with exit code 1.
Integration Tests	Post Setup pnpm	´╗┐2026-01-12T01:54:30.6805118Z Post job cleanup.
Integration Tests	Post Setup pnpm	2026-01-12T01:54:30.7693678Z Pruning is unnecessary.
Integration Tests	Post Checkout	´╗┐2026-01-12T01:54:30.7949064Z Post job cleanup.
Integration Tests	Post Checkout	2026-01-12T01:54:30.8949865Z [command]/usr/bin/git version
Integration Tests	Post Checkout	2026-01-12T01:54:30.8986747Z git version 2.52.0
Integration Tests	Post Checkout	2026-01-12T01:54:30.9029328Z Temporarily overriding HOME='/home/runner/work/_temp/3535eba2-0d69-4967-ba58-71aced3c9b6c' before making global git config changes
Integration Tests	Post Checkout	2026-01-12T01:54:30.9030520Z Adding repository directory to the temporary git global config as a safe directory
Integration Tests	Post Checkout	2026-01-12T01:54:30.9040949Z [command]/usr/bin/git config --global --add safe.directory /home/runner/work/finansix-web/finansix-web
Integration Tests	Post Checkout	2026-01-12T01:54:30.9073769Z [command]/usr/bin/git config --local --name-only --get-regexp core\.sshCommand
Integration Tests	Post Checkout	2026-01-12T01:54:30.9104942Z [command]/usr/bin/git submodule foreach --recursive sh -c "git config --local --name-only --get-regexp 'core\.sshCommand' && git config --local --unset-all 'core.sshCommand' || :"
Integration Tests	Post Checkout	2026-01-12T01:54:30.9327881Z [command]/usr/bin/git config --local --name-only --get-regexp http\.https\:\/\/github\.com\/\.extraheader
Integration Tests	Post Checkout	2026-01-12T01:54:30.9348261Z http.https://github.com/.extraheader
Integration Tests	Post Checkout	2026-01-12T01:54:30.9360368Z [command]/usr/bin/git config --local --unset-all http.https://github.com/.extraheader
Integration Tests	Post Checkout	2026-01-12T01:54:30.9396089Z [command]/usr/bin/git submodule foreach --recursive sh -c "git config --local --name-only --get-regexp 'http\.https\:\/\/github\.com\/\.extraheader' && git config --local --unset-all 'http.https://github.com/.extraheader' || :"
Integration Tests	Post Checkout	2026-01-12T01:54:30.9611512Z [command]/usr/bin/git config --local --name-only --get-regexp ^includeIf\.gitdir:
Integration Tests	Post Checkout	2026-01-12T01:54:30.9641733Z [command]/usr/bin/git submodule foreach --recursive git config --local --show-origin --name-only --get-regexp remote.origin.url
Integration Tests	Complete job	´╗┐2026-01-12T01:54:30.9977231Z Cleaning up orphan processes
Build	Set up job	´╗┐2026-01-12T01:52:13.8292433Z Current runner version: '2.330.0'
Build	Set up job	2026-01-12T01:52:13.8321221Z ##[group]Runner Image Provisioner
Build	Set up job	2026-01-12T01:52:13.8322426Z Hosted Compute Agent
Build	Set up job	2026-01-12T01:52:13.8323031Z Version: 20251211.462
Build	Set up job	2026-01-12T01:52:13.8323610Z Commit: 6cbad8c2bb55d58165063d031ccabf57e2d2db61
Build	Set up job	2026-01-12T01:52:13.8324360Z Build Date: 2025-12-11T16:28:49Z
Build	Set up job	2026-01-12T01:52:13.8325031Z Worker ID: {79e4ae2f-626e-4212-9605-7a67dbd41913}
Build	Set up job	2026-01-12T01:52:13.8325684Z ##[endgroup]
Build	Set up job	2026-01-12T01:52:13.8326247Z ##[group]Operating System
Build	Set up job	2026-01-12T01:52:13.8326851Z Ubuntu
Build	Set up job	2026-01-12T01:52:13.8327316Z 24.04.3
Build	Set up job	2026-01-12T01:52:13.8327851Z LTS
Build	Set up job	2026-01-12T01:52:13.8328436Z ##[endgroup]
Build	Set up job	2026-01-12T01:52:13.8328943Z ##[group]Runner Image
Build	Set up job	2026-01-12T01:52:13.8329567Z Image: ubuntu-24.04
Build	Set up job	2026-01-12T01:52:13.8330146Z Version: 20260105.202.1
Build	Set up job	2026-01-12T01:52:13.8331186Z Included Software: https://github.com/actions/runner-images/blob/ubuntu24/20260105.202/images/ubuntu/Ubuntu2404-Readme.md
Build	Set up job	2026-01-12T01:52:13.8332806Z Image Release: https://github.com/actions/runner-images/releases/tag/ubuntu24%2F20260105.202
Build	Set up job	2026-01-12T01:52:13.8334045Z ##[endgroup]
Build	Set up job	2026-01-12T01:52:13.8335229Z ##[group]GITHUB_TOKEN Permissions
Build	Set up job	2026-01-12T01:52:13.8337022Z Contents: read
Build	Set up job	2026-01-12T01:52:13.8337645Z Metadata: read
Build	Set up job	2026-01-12T01:52:13.8338235Z Packages: read
Build	Set up job	2026-01-12T01:52:13.8338754Z ##[endgroup]
Build	Set up job	2026-01-12T01:52:13.8340943Z Secret source: Actions
Build	Set up job	2026-01-12T01:52:13.8341920Z Prepare workflow directory
Build	Set up job	2026-01-12T01:52:13.8761652Z Prepare all required actions
Build	Set up job	2026-01-12T01:52:13.8816037Z Getting action download info
Build	Set up job	2026-01-12T01:52:14.2830369Z Download action repository 'actions/checkout@v4' (SHA:34e114876b0b11c390a56381ad16ebd13914f8d5)
Build	Set up job	2026-01-12T01:52:14.3761692Z Download action repository 'pnpm/action-setup@v3' (SHA:a3252b78c470c02df07e9d59298aecedc3ccdd6d)
Build	Set up job	2026-01-12T01:52:14.7814679Z Download action repository 'actions/setup-node@v4' (SHA:49933ea5288caeca8642d1e84afbd3f7d6820020)
Build	Set up job	2026-01-12T01:52:14.9050424Z Download action repository 'actions/upload-artifact@v4' (SHA:ea165f8d65b6e75b540449e92b4886f43607fa02)
Build	Set up job	2026-01-12T01:52:15.1465553Z Complete job name: Build
Build	Checkout	´╗┐2026-01-12T01:52:15.2292714Z ##[group]Run actions/checkout@v4
Build	Checkout	2026-01-12T01:52:15.2294026Z with:
Build	Checkout	2026-01-12T01:52:15.2294799Z   repository: aissantos/finansix-web
Build	Checkout	2026-01-12T01:52:15.2296078Z   token: ***
Build	Checkout	2026-01-12T01:52:15.2296830Z   ssh-strict: true
Build	Checkout	2026-01-12T01:52:15.2297600Z   ssh-user: git
Build	Checkout	2026-01-12T01:52:15.2298381Z   persist-credentials: true
Build	Checkout	2026-01-12T01:52:15.2299283Z   clean: true
Build	Checkout	2026-01-12T01:52:15.2300071Z   sparse-checkout-cone-mode: true
Build	Checkout	2026-01-12T01:52:15.2301027Z   fetch-depth: 1
Build	Checkout	2026-01-12T01:52:15.2301962Z   fetch-tags: false
Build	Checkout	2026-01-12T01:52:15.2302757Z   show-progress: true
Build	Checkout	2026-01-12T01:52:15.2303549Z   lfs: false
Build	Checkout	2026-01-12T01:52:15.2304283Z   submodules: false
Build	Checkout	2026-01-12T01:52:15.2305092Z   set-safe-directory: true
Build	Checkout	2026-01-12T01:52:15.2306202Z ##[endgroup]
Build	Checkout	2026-01-12T01:52:15.3560284Z Syncing repository: aissantos/finansix-web
Build	Checkout	2026-01-12T01:52:15.3564608Z ##[group]Getting Git version info
Build	Checkout	2026-01-12T01:52:15.3567071Z Working directory is '/home/runner/work/finansix-web/finansix-web'
Build	Checkout	2026-01-12T01:52:15.3570531Z [command]/usr/bin/git version
Build	Checkout	2026-01-12T01:52:15.6751122Z git version 2.52.0
Build	Checkout	2026-01-12T01:52:15.6779372Z ##[endgroup]
Build	Checkout	2026-01-12T01:52:15.6794726Z Temporarily overriding HOME='/home/runner/work/_temp/33b49524-4d99-49b3-af57-67f44de27b51' before making global git config changes
Build	Checkout	2026-01-12T01:52:15.6798249Z Adding repository directory to the temporary git global config as a safe directory
Build	Checkout	2026-01-12T01:52:15.6807297Z [command]/usr/bin/git config --global --add safe.directory /home/runner/work/finansix-web/finansix-web
Build	Checkout	2026-01-12T01:52:15.6848369Z Deleting the contents of '/home/runner/work/finansix-web/finansix-web'
Build	Checkout	2026-01-12T01:52:15.6851568Z ##[group]Initializing the repository
Build	Checkout	2026-01-12T01:52:15.6855561Z [command]/usr/bin/git init /home/runner/work/finansix-web/finansix-web
Build	Checkout	2026-01-12T01:52:15.6964608Z hint: Using 'master' as the name for the initial branch. This default branch name
Build	Checkout	2026-01-12T01:52:15.6967143Z hint: will change to "main" in Git 3.0. To configure the initial branch name
Build	Checkout	2026-01-12T01:52:15.6969906Z hint: to use in all of your new repositories, which will suppress this warning,
Build	Checkout	2026-01-12T01:52:15.6972270Z hint: call:
Build	Checkout	2026-01-12T01:52:15.6973173Z hint:
Build	Checkout	2026-01-12T01:52:15.6974466Z hint: 	git config --global init.defaultBranch <name>
Build	Checkout	2026-01-12T01:52:15.6975868Z hint:
Build	Checkout	2026-01-12T01:52:15.6977141Z hint: Names commonly chosen instead of 'master' are 'main', 'trunk' and
Build	Checkout	2026-01-12T01:52:15.6979444Z hint: 'development'. The just-created branch can be renamed via this command:
Build	Checkout	2026-01-12T01:52:15.6981102Z hint:
Build	Checkout	2026-01-12T01:52:15.6982231Z hint: 	git branch -m <name>
Build	Checkout	2026-01-12T01:52:15.6983296Z hint:
Build	Checkout	2026-01-12T01:52:15.6984633Z hint: Disable this message with "git config set advice.defaultBranchName false"
Build	Checkout	2026-01-12T01:52:15.6986893Z Initialized empty Git repository in /home/runner/work/finansix-web/finansix-web/.git/
Build	Checkout	2026-01-12T01:52:15.6990314Z [command]/usr/bin/git remote add origin https://github.com/aissantos/finansix-web
Build	Checkout	2026-01-12T01:52:15.7014719Z ##[endgroup]
Build	Checkout	2026-01-12T01:52:15.7016327Z ##[group]Disabling automatic garbage collection
Build	Checkout	2026-01-12T01:52:15.7018118Z [command]/usr/bin/git config --local gc.auto 0
Build	Checkout	2026-01-12T01:52:15.7046141Z ##[endgroup]
Build	Checkout	2026-01-12T01:52:15.7047500Z ##[group]Setting up auth
Build	Checkout	2026-01-12T01:52:15.7053500Z [command]/usr/bin/git config --local --name-only --get-regexp core\.sshCommand
Build	Checkout	2026-01-12T01:52:15.7084431Z [command]/usr/bin/git submodule foreach --recursive sh -c "git config --local --name-only --get-regexp 'core\.sshCommand' && git config --local --unset-all 'core.sshCommand' || :"
Build	Checkout	2026-01-12T01:52:15.7412749Z [command]/usr/bin/git config --local --name-only --get-regexp http\.https\:\/\/github\.com\/\.extraheader
Build	Checkout	2026-01-12T01:52:15.7442971Z [command]/usr/bin/git submodule foreach --recursive sh -c "git config --local --name-only --get-regexp 'http\.https\:\/\/github\.com\/\.extraheader' && git config --local --unset-all 'http.https://github.com/.extraheader' || :"
Build	Checkout	2026-01-12T01:52:15.7659575Z [command]/usr/bin/git config --local --name-only --get-regexp ^includeIf\.gitdir:
Build	Checkout	2026-01-12T01:52:15.7688603Z [command]/usr/bin/git submodule foreach --recursive git config --local --show-origin --name-only --get-regexp remote.origin.url
Build	Checkout	2026-01-12T01:52:15.7917234Z [command]/usr/bin/git config --local http.https://github.com/.extraheader AUTHORIZATION: basic ***
Build	Checkout	2026-01-12T01:52:15.7949532Z ##[endgroup]
Build	Checkout	2026-01-12T01:52:15.7950922Z ##[group]Fetching the repository
Build	Checkout	2026-01-12T01:52:15.7960032Z [command]/usr/bin/git -c protocol.version=2 fetch --no-tags --prune --no-recurse-submodules --depth=1 origin +9ea9636f1c567a73cc11ef49c117ed53b8265616:refs/remotes/origin/main
Build	Checkout	2026-01-12T01:52:16.1349013Z From https://github.com/aissantos/finansix-web
Build	Checkout	2026-01-12T01:52:16.1351714Z  * [new ref]         9ea9636f1c567a73cc11ef49c117ed53b8265616 -> origin/main
Build	Checkout	2026-01-12T01:52:16.1382594Z ##[endgroup]
Build	Checkout	2026-01-12T01:52:16.1384880Z ##[group]Determining the checkout info
Build	Checkout	2026-01-12T01:52:16.1387495Z ##[endgroup]
Build	Checkout	2026-01-12T01:52:16.1390788Z [command]/usr/bin/git sparse-checkout disable
Build	Checkout	2026-01-12T01:52:16.1431590Z [command]/usr/bin/git config --local --unset-all extensions.worktreeConfig
Build	Checkout	2026-01-12T01:52:16.1458282Z ##[group]Checking out the ref
Build	Checkout	2026-01-12T01:52:16.1461654Z [command]/usr/bin/git checkout --progress --force -B main refs/remotes/origin/main
Build	Checkout	2026-01-12T01:52:16.1638624Z Switched to a new branch 'main'
Build	Checkout	2026-01-12T01:52:16.1641121Z branch 'main' set up to track 'origin/main'.
Build	Checkout	2026-01-12T01:52:16.1650528Z ##[endgroup]
Build	Checkout	2026-01-12T01:52:16.1684357Z [command]/usr/bin/git log -1 --format=%H
Build	Checkout	2026-01-12T01:52:16.1705866Z 9ea9636f1c567a73cc11ef49c117ed53b8265616
Build	Debug repository	´╗┐2026-01-12T01:52:16.1920167Z ##[group]Run echo "PWD: $(pwd)"
Build	Debug repository	2026-01-12T01:52:16.1921191Z [36;1mecho "PWD: $(pwd)"[0m
Build	Debug repository	2026-01-12T01:52:16.1922322Z [36;1mecho "Listing repo root"[0m
Build	Debug repository	2026-01-12T01:52:16.1923266Z [36;1mls -la[0m
Build	Debug repository	2026-01-12T01:52:16.1924054Z [36;1mecho "Listing parent dir"[0m
Build	Debug repository	2026-01-12T01:52:16.1925205Z [36;1mls -la ..[0m
Build	Debug repository	2026-01-12T01:52:16.1926016Z [36;1mecho "Show workflow files"[0m
Build	Debug repository	2026-01-12T01:52:16.1927027Z [36;1mls -la .github/workflows || true[0m
Build	Debug repository	2026-01-12T01:52:16.1965090Z shell: /usr/bin/bash -e {0}
Build	Debug repository	2026-01-12T01:52:16.1965997Z ##[endgroup]
Build	Debug repository	2026-01-12T01:52:16.2047508Z PWD: /home/runner/work/finansix-web/finansix-web
Build	Debug repository	2026-01-12T01:52:16.2048696Z Listing repo root
Build	Debug repository	2026-01-12T01:52:16.2062062Z total 460
Build	Debug repository	2026-01-12T01:52:16.2062914Z drwxr-xr-x  8 runner runner   4096 Jan 12 01:52 .
Build	Debug repository	2026-01-12T01:52:16.2064291Z drwxr-xr-x  3 runner runner   4096 Jan 12 01:52 ..
Build	Debug repository	2026-01-12T01:52:16.2066145Z -rw-r--r--  1 runner runner   2247 Jan 12 01:52 .env.example
Build	Debug repository	2026-01-12T01:52:16.2067563Z drwxr-xr-x  7 runner runner   4096 Jan 12 01:52 .git
Build	Debug repository	2026-01-12T01:52:16.2068856Z drwxr-xr-x  3 runner runner   4096 Jan 12 01:52 .github
Build	Debug repository	2026-01-12T01:52:16.2070131Z -rw-r--r--  1 runner runner    387 Jan 12 01:52 .gitignore
Build	Debug repository	2026-01-12T01:52:16.2071696Z -rw-r--r--  1 runner runner   9901 Jan 12 01:52 README.md
Build	Debug repository	2026-01-12T01:52:16.2073002Z drwxr-xr-x  2 runner runner   4096 Jan 12 01:52 docs
Build	Debug repository	2026-01-12T01:52:16.2074319Z -rw-r--r--  1 runner runner   1214 Jan 12 01:52 eslint.config.js
Build	Debug repository	2026-01-12T01:52:16.2075681Z -rw-r--r--  1 runner runner   4245 Jan 12 01:52 index.html
Build	Debug repository	2026-01-12T01:52:16.2077274Z -rw-r--r--  1 runner runner   1440 Jan 12 01:52 lint_compact.txt
Build	Debug repository	2026-01-12T01:52:16.2078862Z -rw-r--r--  1 runner runner   5100 Jan 12 01:52 lint_current.txt
Build	Debug repository	2026-01-12T01:52:16.2080955Z -rw-r--r--  1 runner runner   4586 Jan 12 01:52 lint_final.txt
Build	Debug repository	2026-01-12T01:52:16.2082517Z -rw-r--r--  1 runner runner   6252 Jan 12 01:52 lint_full.txt
Build	Debug repository	2026-01-12T01:52:16.2083882Z -rw-r--r--  1 runner runner   7048 Jan 12 01:52 lint_output.txt
Build	Debug repository	2026-01-12T01:52:16.2085284Z -rw-r--r--  1 runner runner   2665 Jan 12 01:52 package.json
Build	Debug repository	2026-01-12T01:52:16.2086646Z -rw-r--r--  1 runner runner 325452 Jan 12 01:52 pnpm-lock.yaml
Build	Debug repository	2026-01-12T01:52:16.2088063Z -rw-r--r--  1 runner runner     18 Jan 12 01:52 pnpm-workspace.yaml
Build	Debug repository	2026-01-12T01:52:16.2089555Z -rw-r--r--  1 runner runner     81 Jan 12 01:52 postcss.config.js
Build	Debug repository	2026-01-12T01:52:16.2091204Z drwxr-xr-x  3 runner runner   4096 Jan 12 01:52 public
Build	Debug repository	2026-01-12T01:52:16.2092578Z drwxr-xr-x 11 runner runner   4096 Jan 12 01:52 src
Build	Debug repository	2026-01-12T01:52:16.2093822Z drwxr-xr-x  4 runner runner   4096 Jan 12 01:52 supabase
Build	Debug repository	2026-01-12T01:52:16.2096274Z -rw-r--r--  1 runner runner   3607 Jan 12 01:52 tailwind.config.ts
Build	Debug repository	2026-01-12T01:52:16.2097804Z -rw-r--r--  1 runner runner    629 Jan 12 01:52 tsconfig.json
Build	Debug repository	2026-01-12T01:52:16.2099238Z -rw-r--r--  1 runner runner    233 Jan 12 01:52 tsconfig.node.json
Build	Debug repository	2026-01-12T01:52:16.2100645Z -rw-r--r--  1 runner runner     95 Jan 12 01:52 vercel.json
Build	Debug repository	2026-01-12T01:52:16.2102110Z -rw-r--r--  1 runner runner   4277 Jan 12 01:52 vite.config.ts
Build	Debug repository	2026-01-12T01:52:16.2103530Z -rw-r--r--  1 runner runner    661 Jan 12 01:52 vitest.config.ts
Build	Debug repository	2026-01-12T01:52:16.2104715Z Listing parent dir
Build	Debug repository	2026-01-12T01:52:16.2105442Z total 12
Build	Debug repository	2026-01-12T01:52:16.2106215Z drwxr-xr-x 3 runner runner 4096 Jan 12 01:52 .
Build	Debug repository	2026-01-12T01:52:16.2107358Z drwxr-xr-x 6 runner runner 4096 Jan 12 01:52 ..
Build	Debug repository	2026-01-12T01:52:16.2108575Z drwxr-xr-x 8 runner runner 4096 Jan 12 01:52 finansix-web
Build	Debug repository	2026-01-12T01:52:16.2109716Z Show workflow files
Build	Debug repository	2026-01-12T01:52:16.2110483Z total 16
Build	Debug repository	2026-01-12T01:52:16.2111242Z drwxr-xr-x 2 runner runner 4096 Jan 12 01:52 .
Build	Debug repository	2026-01-12T01:52:16.2112588Z drwxr-xr-x 3 runner runner 4096 Jan 12 01:52 ..
Build	Debug repository	2026-01-12T01:52:16.2113736Z -rw-r--r-- 1 runner runner 6741 Jan 12 01:52 ci.yml
Build	Setup pnpm	´╗┐2026-01-12T01:52:16.2280770Z ##[group]Run pnpm/action-setup@v3
Build	Setup pnpm	2026-01-12T01:52:16.2281918Z with:
Build	Setup pnpm	2026-01-12T01:52:16.2282602Z   version: 9
Build	Setup pnpm	2026-01-12T01:52:16.2283343Z   dest: ~/setup-pnpm
Build	Setup pnpm	2026-01-12T01:52:16.2284125Z   run_install: null
Build	Setup pnpm	2026-01-12T01:52:16.2284941Z   package_json_file: package.json
Build	Setup pnpm	2026-01-12T01:52:16.2285899Z   standalone: false
Build	Setup pnpm	2026-01-12T01:52:16.2286705Z ##[endgroup]
Build	Setup pnpm	2026-01-12T01:52:16.3142366Z ##[group]Running self-installer...
Build	Setup pnpm	2026-01-12T01:52:16.8455591Z Progress: resolved 1, reused 0, downloaded 0, added 0
Build	Setup pnpm	2026-01-12T01:52:16.8579681Z Packages: +1
Build	Setup pnpm	2026-01-12T01:52:16.8586664Z +
Build	Setup pnpm	2026-01-12T01:52:17.3399615Z Progress: resolved 1, reused 0, downloaded 1, added 1, done
Build	Setup pnpm	2026-01-12T01:52:17.3676161Z 
Build	Setup pnpm	2026-01-12T01:52:17.3676656Z dependencies:
Build	Setup pnpm	2026-01-12T01:52:17.3677161Z + pnpm 9.15.9 (10.28.0 is available)
Build	Setup pnpm	2026-01-12T01:52:17.3677490Z 
Build	Setup pnpm	2026-01-12T01:52:17.3715587Z Done in 894ms
Build	Setup pnpm	2026-01-12T01:52:17.3886884Z ##[endgroup]
Build	Setup pnpm	2026-01-12T01:52:17.3890456Z Installation Completed!
Build	Setup Node.js	´╗┐2026-01-12T01:52:17.4036156Z ##[group]Run actions/setup-node@v4
Build	Setup Node.js	2026-01-12T01:52:17.4036502Z with:
Build	Setup Node.js	2026-01-12T01:52:17.4036728Z   node-version: 20
Build	Setup Node.js	2026-01-12T01:52:17.4036967Z   cache: pnpm
Build	Setup Node.js	2026-01-12T01:52:17.4037190Z   always-auth: false
Build	Setup Node.js	2026-01-12T01:52:17.4037439Z   check-latest: false
Build	Setup Node.js	2026-01-12T01:52:17.4037831Z   token: ***
Build	Setup Node.js	2026-01-12T01:52:17.4038085Z env:
Build	Setup Node.js	2026-01-12T01:52:17.4038378Z   PNPM_HOME: /home/runner/setup-pnpm/node_modules/.bin
Build	Setup Node.js	2026-01-12T01:52:17.4038733Z ##[endgroup]
Build	Setup Node.js	2026-01-12T01:52:17.5798841Z Found in cache @ /opt/hostedtoolcache/node/20.19.6/x64
Build	Setup Node.js	2026-01-12T01:52:17.5805243Z ##[group]Environment details
Build	Setup Node.js	2026-01-12T01:52:19.5956018Z node: v20.19.6
Build	Setup Node.js	2026-01-12T01:52:19.5956529Z npm: 10.8.2
Build	Setup Node.js	2026-01-12T01:52:19.5956847Z yarn: 1.22.22
Build	Setup Node.js	2026-01-12T01:52:19.5957677Z ##[endgroup]
Build	Setup Node.js	2026-01-12T01:52:19.5982500Z [command]/home/runner/setup-pnpm/node_modules/.bin/pnpm store path --silent
Build	Setup Node.js	2026-01-12T01:52:20.0846305Z /home/runner/setup-pnpm/node_modules/.bin/store/v3
Build	Setup Node.js	2026-01-12T01:52:20.2239719Z Cache hit for: node-cache-Linux-x64-pnpm-7301bbbaaf00f964542bd8e294dc6b2a959aacd4a12931592a972d10f3ff6d4d
Build	Setup Node.js	2026-01-12T01:52:21.1367544Z Received 93219167 of 93219167 (100.0%), 112.7 MBs/sec
Build	Setup Node.js	2026-01-12T01:52:21.1369350Z Cache Size: ~89 MB (93219167 B)
Build	Setup Node.js	2026-01-12T01:52:21.1434036Z [command]/usr/bin/tar -xf /home/runner/work/_temp/a4b08c19-19fd-41c3-b944-a39f36c172e3/cache.tzst -P -C /home/runner/work/finansix-web/finansix-web --use-compress-program unzstd
Build	Setup Node.js	2026-01-12T01:52:22.7948751Z Cache restored successfully
Build	Setup Node.js	2026-01-12T01:52:22.8136485Z Cache restored from key: node-cache-Linux-x64-pnpm-7301bbbaaf00f964542bd8e294dc6b2a959aacd4a12931592a972d10f3ff6d4d
Build	Install dependencies	´╗┐2026-01-12T01:52:22.8290669Z ##[group]Run pnpm install --frozen-lockfile
Build	Install dependencies	2026-01-12T01:52:22.8291046Z [36;1mpnpm install --frozen-lockfile[0m
Build	Install dependencies	2026-01-12T01:52:22.8330295Z shell: /usr/bin/bash -e {0}
Build	Install dependencies	2026-01-12T01:52:22.8330579Z env:
Build	Install dependencies	2026-01-12T01:52:22.8330852Z   PNPM_HOME: /home/runner/setup-pnpm/node_modules/.bin
Build	Install dependencies	2026-01-12T01:52:22.8331184Z ##[endgroup]
Build	Install dependencies	2026-01-12T01:52:23.3157245Z Lockfile is up to date, resolution step is skipped
Build	Install dependencies	2026-01-12T01:52:23.3881620Z Progress: resolved 1, reused 0, downloaded 0, added 0
Build	Install dependencies	2026-01-12T01:52:23.5403427Z Packages: +921
Build	Install dependencies	2026-01-12T01:52:23.5404593Z ++++++++++++++++++++++++++++++++++++++++++++++++++++++++++++++++++++++++++++++++
Build	Install dependencies	2026-01-12T01:52:24.3901013Z Progress: resolved 921, reused 921, downloaded 0, added 213
Build	Install dependencies	2026-01-12T01:52:24.8349575Z Progress: resolved 921, reused 921, downloaded 0, added 921, done
Build	Install dependencies	2026-01-12T01:52:25.8431483Z 
Build	Install dependencies	2026-01-12T01:52:25.8432092Z dependencies:
Build	Install dependencies	2026-01-12T01:52:25.8432526Z + @hookform/resolvers 3.10.0
Build	Install dependencies	2026-01-12T01:52:25.8433096Z + @radix-ui/react-alert-dialog 1.1.15
Build	Install dependencies	2026-01-12T01:52:25.8433705Z + @radix-ui/react-dialog 1.1.15
Build	Install dependencies	2026-01-12T01:52:25.8434211Z + @radix-ui/react-dropdown-menu 2.1.16
Build	Install dependencies	2026-01-12T01:52:25.8434730Z + @radix-ui/react-select 2.2.6
Build	Install dependencies	2026-01-12T01:52:25.8435157Z + @radix-ui/react-slot 1.2.4
Build	Install dependencies	2026-01-12T01:52:25.8435591Z + @radix-ui/react-switch 1.2.6
Build	Install dependencies	2026-01-12T01:52:25.8436047Z + @radix-ui/react-tabs 1.1.13
Build	Install dependencies	2026-01-12T01:52:25.8436548Z + @radix-ui/react-toast 1.2.15
Build	Install dependencies	2026-01-12T01:52:25.8436993Z + @sentry/react 7.120.4
Build	Install dependencies	2026-01-12T01:52:25.8437439Z + @sentry/tracing 7.120.4
Build	Install dependencies	2026-01-12T01:52:25.8437949Z + @supabase/supabase-js 2.89.0
Build	Install dependencies	2026-01-12T01:52:25.8438580Z + @tanstack/query-sync-storage-persister 5.90.18
Build	Install dependencies	2026-01-12T01:52:25.8439225Z + @tanstack/react-query 5.90.16
Build	Install dependencies	2026-01-12T01:52:25.8439845Z + @tanstack/react-query-persist-client 5.90.18
Build	Install dependencies	2026-01-12T01:52:25.8440502Z + @tanstack/react-virtual 3.13.18
Build	Install dependencies	2026-01-12T01:52:25.8441701Z + class-variance-authority 0.7.1
Build	Install dependencies	2026-01-12T01:52:25.8442198Z + clsx 2.1.1
Build	Install dependencies	2026-01-12T01:52:25.8442582Z + date-fns 3.6.0
Build	Install dependencies	2026-01-12T01:52:25.8443059Z + framer-motion 11.18.2
Build	Install dependencies	2026-01-12T01:52:25.8443512Z + lucide-react 0.441.0
Build	Install dependencies	2026-01-12T01:52:25.8443903Z + react 18.3.1
Build	Install dependencies	2026-01-12T01:52:25.8444277Z + react-dom 18.3.1
Build	Install dependencies	2026-01-12T01:52:25.8444668Z + react-hook-form 7.70.0
Build	Install dependencies	2026-01-12T01:52:25.8445164Z + react-joyride 2.9.3
Build	Install dependencies	2026-01-12T01:52:25.8445573Z + react-router-dom 6.30.2
Build	Install dependencies	2026-01-12T01:52:25.8445993Z + recharts 2.15.4
Build	Install dependencies	2026-01-12T01:52:25.8446381Z + tailwind-merge 2.6.0
Build	Install dependencies	2026-01-12T01:52:25.8446830Z + tailwindcss-animate 1.0.7
Build	Install dependencies	2026-01-12T01:52:25.8447297Z + workbox-window 7.4.0
Build	Install dependencies	2026-01-12T01:52:25.8447676Z + zod 3.25.76
Build	Install dependencies	2026-01-12T01:52:25.8448029Z + zustand 4.5.7
Build	Install dependencies	2026-01-12T01:52:25.8448230Z 
Build	Install dependencies	2026-01-12T01:52:25.8448392Z devDependencies:
Build	Install dependencies	2026-01-12T01:52:25.8448772Z + @eslint/js 9.39.2
Build	Install dependencies	2026-01-12T01:52:25.8449263Z + @tanstack/react-query-devtools 5.91.2
Build	Install dependencies	2026-01-12T01:52:25.8449852Z + @testing-library/jest-dom 6.9.1
Build	Install dependencies	2026-01-12T01:52:25.8450383Z + @testing-library/react 16.3.1
Build	Install dependencies	2026-01-12T01:52:25.8450839Z + @types/node 22.19.3
Build	Install dependencies	2026-01-12T01:52:25.8451460Z + @types/react 18.3.27
Build	Install dependencies	2026-01-12T01:52:25.8451892Z + @types/react-dom 18.3.7
Build	Install dependencies	2026-01-12T01:52:25.8452335Z + @vitejs/plugin-react 4.7.0
Build	Install dependencies	2026-01-12T01:52:25.8452810Z + @vitest/coverage-v8 2.1.9
Build	Install dependencies	2026-01-12T01:52:25.8453248Z + autoprefixer 10.4.23
Build	Install dependencies	2026-01-12T01:52:25.8453621Z + eslint 9.39.2
Build	Install dependencies	2026-01-12T01:52:25.8454063Z + eslint-plugin-react-hooks 5.2.0
Build	Install dependencies	2026-01-12T01:52:25.8454619Z + eslint-plugin-react-refresh 0.4.26
Build	Install dependencies	2026-01-12T01:52:25.8455104Z + globals 15.15.0
Build	Install dependencies	2026-01-12T01:52:25.8455447Z + jsdom 25.0.1
Build	Install dependencies	2026-01-12T01:52:25.8455776Z + postcss 8.5.6
Build	Install dependencies	2026-01-12T01:52:25.8456216Z + rollup-plugin-visualizer 5.14.0
Build	Install dependencies	2026-01-12T01:52:25.8456696Z + supabase 2.71.0
Build	Install dependencies	2026-01-12T01:52:25.8457083Z + tailwindcss 3.4.19
Build	Install dependencies	2026-01-12T01:52:25.8457499Z + typescript 5.9.3
Build	Install dependencies	2026-01-12T01:52:25.8457906Z + typescript-eslint 8.52.0
Build	Install dependencies	2026-01-12T01:52:25.8458344Z + vite 5.4.21
Build	Install dependencies	2026-01-12T01:52:25.8458742Z + vite-plugin-pwa 0.19.8
Build	Install dependencies	2026-01-12T01:52:25.8459165Z + vitest 2.1.9
Build	Install dependencies	2026-01-12T01:52:25.8459553Z + workbox-cli 7.4.0
Build	Install dependencies	2026-01-12T01:52:25.8460153Z 
Build	Install dependencies	2026-01-12T01:52:25.8460716Z The following dependencies have build scripts that were ignored: esbuild
Build	Install dependencies	2026-01-12T01:52:25.8462674Z To allow the execution of build scripts for these packages, add their names to "pnpm.onlyBuiltDependencies" in your "package.json", then run "pnpm rebuild"
Build	Install dependencies	2026-01-12T01:52:25.8463727Z 
Build	Install dependencies	2026-01-12T01:52:26.4850539Z Done in 3.6s using pnpm v9.15.9
Build	Build application	´╗┐2026-01-12T01:52:26.5039770Z ##[group]Run pnpm build
Build	Build application	2026-01-12T01:52:26.5040057Z [36;1mpnpm build[0m
Build	Build application	2026-01-12T01:52:26.5072811Z shell: /usr/bin/bash -e {0}
Build	Build application	2026-01-12T01:52:26.5073066Z env:
Build	Build application	2026-01-12T01:52:26.5073313Z   PNPM_HOME: /home/runner/setup-pnpm/node_modules/.bin
Build	Build application	2026-01-12T01:52:26.5073989Z   VITE_SUPABASE_URL: ***
Build	Build application	2026-01-12T01:52:26.5075320Z   VITE_SUPABASE_ANON_KEY: ***
Build	Build application	2026-01-12T01:52:26.5075567Z ##[endgroup]
Build	Build application	2026-01-12T01:52:26.9056045Z 
Build	Build application	2026-01-12T01:52:26.9057018Z > finansix-web@2.0.0 build /home/runner/work/finansix-web/finansix-web
Build	Build application	2026-01-12T01:52:26.9057559Z > vite build
Build	Build application	2026-01-12T01:52:26.9057716Z 
Build	Build application	2026-01-12T01:52:27.4060507Z [36mvite v5.4.21 [32mbuilding for production...[36m[39m
Build	Build application	2026-01-12T01:52:27.4814747Z transforming...
Build	Build application	2026-01-12T01:52:35.7064301Z [32mÔ£ô[39m 4072 modules transformed.
Build	Build application	2026-01-12T01:52:35.8273994Z Circular chunk: vendor -> react-vendor -> vendor. Please adjust the manual chunk logic for these chunks.
Build	Build application	2026-01-12T01:52:35.8277757Z Circular chunk: vendor -> react-vendor -> charts-vendor -> vendor. Please adjust the manual chunk logic for these chunks.
Build	Build application	2026-01-12T01:52:36.7302851Z rendering chunks...
Build	Build application	2026-01-12T01:52:50.8726931Z computing gzip size...
Build	Build application	2026-01-12T01:52:50.9051656Z [2mdist/[22m[32mindex.html                                   [39m[1m[2m    4.91 kB[22m[1m[22m[2m Ôöé gzip:   1.51 kB[22m
Build	Build application	2026-01-12T01:52:50.9052951Z [2mdist/[22m[2massets/[22m[35mindex-B7cUkNRB.css                    [39m[1m[2m   87.99 kB[22m[1m[22m[2m Ôöé gzip:  13.50 kB[22m
Build	Build application	2026-01-12T01:52:50.9054640Z [2mdist/[22m[2massets/[22m[36mradix-other-1jqlrV-B.js               [39m[1m[2m    0.16 kB[22m[1m[22m[2m Ôöé gzip:   0.14 kB[22m
Build	Build application	2026-01-12T01:52:50.9056049Z [2mdist/[22m[2massets/[22m[36mPageContainer-CCTqSTE8.js             [39m[1m[2m    0.24 kB[22m[1m[22m[2m Ôöé gzip:   0.21 kB[22m
Build	Build application	2026-01-12T01:52:50.9057931Z [2mdist/[22m[2massets/[22m[36museFreeBalance-BqQAdUFJ.js            [39m[1m[2m    0.35 kB[22m[1m[22m[2m Ôöé gzip:   0.26 kB[22m
Build	Build application	2026-01-12T01:52:50.9059116Z [2mdist/[22m[2massets/[22m[36museOnlineStatus-C_QOY_5W.js           [39m[1m[2m    0.45 kB[22m[1m[22m[2m Ôöé gzip:   0.27 kB[22m
Build	Build application	2026-01-12T01:52:50.9060416Z [2mdist/[22m[2massets/[22m[36museCategories-DYBPqdVr.js             [39m[1m[2m    0.89 kB[22m[1m[22m[2m Ôöé gzip:   0.36 kB[22m
Build	Build application	2026-01-12T01:52:50.9062405Z [2mdist/[22m[2massets/[22m[36museInstallments-CLoTQ3XW.js           [39m[1m[2m    1.98 kB[22m[1m[22m[2m Ôöé gzip:   0.87 kB[22m
Build	Build application	2026-01-12T01:52:50.9064398Z [2mdist/[22m[2massets/[22m[36museSmartCategorySearch-DHbqtVi9.js    [39m[1m[2m    2.02 kB[22m[1m[22m[2m Ôöé gzip:   0.96 kB[22m
Build	Build application	2026-01-12T01:52:50.9065852Z [2mdist/[22m[2massets/[22m[36mCustomNumericKeypad-D3nK0zjQ.js       [39m[1m[2m    2.32 kB[22m[1m[22m[2m Ôöé gzip:   1.11 kB[22m
Build	Build application	2026-01-12T01:52:50.9066955Z [2mdist/[22m[2massets/[22m[36museHousehold-DE9RSyeh.js              [39m[1m[2m    2.97 kB[22m[1m[22m[2m Ôöé gzip:   0.93 kB[22m
Build	Build application	2026-01-12T01:52:50.9067932Z [2mdist/[22m[2massets/[22m[36museCreditCards-OdqU_IBQ.js            [39m[1m[2m    3.03 kB[22m[1m[22m[2m Ôöé gzip:   1.03 kB[22m
Build	Build application	2026-01-12T01:52:50.9069031Z [2mdist/[22m[2massets/[22m[36museAccounts-DsFuhDMj.js               [39m[1m[2m    3.04 kB[22m[1m[22m[2m Ôöé gzip:   0.96 kB[22m
Build	Build application	2026-01-12T01:52:50.9069998Z [2mdist/[22m[2massets/[22m[36mcalculations-Bz_Y166V.js              [39m[1m[2m    3.11 kB[22m[1m[22m[2m Ôöé gzip:   1.32 kB[22m
Build	Build application	2026-01-12T01:52:50.9070939Z [2mdist/[22m[2massets/[22m[36mHeader-CcNhSfq8.js                    [39m[1m[2m    3.25 kB[22m[1m[22m[2m Ôöé gzip:   1.20 kB[22m
Build	Build application	2026-01-12T01:52:50.9072105Z [2mdist/[22m[2massets/[22m[36mLoginPage-CRWO7ZDR.js                 [39m[1m[2m    3.41 kB[22m[1m[22m[2m Ôöé gzip:   1.43 kB[22m
Build	Build application	2026-01-12T01:52:50.9073055Z [2mdist/[22m[2massets/[22m[36mempty-state-Dns8Ys8v.js               [39m[1m[2m    3.58 kB[22m[1m[22m[2m Ôöé gzip:   1.31 kB[22m
Build	Build application	2026-01-12T01:52:50.9074010Z [2mdist/[22m[2massets/[22m[36mRegisterPage-BXMVxoPp.js              [39m[1m[2m    3.81 kB[22m[1m[22m[2m Ôöé gzip:   1.57 kB[22m
Build	Build application	2026-01-12T01:52:50.9075358Z [2mdist/[22m[2massets/[22m[36mSubscriptionItem-DkbrdbY4.js          [39m[1m[2m    4.30 kB[22m[1m[22m[2m Ôöé gzip:   1.41 kB[22m
Build	Build application	2026-01-12T01:52:50.9076457Z [2mdist/[22m[2massets/[22m[36mInstallmentConfirmDialog-D9iP752Q.js  [39m[1m[2m    4.69 kB[22m[1m[22m[2m Ôöé gzip:   1.54 kB[22m
Build	Build application	2026-01-12T01:52:50.9077487Z [2mdist/[22m[2massets/[22m[36museTransactions-BoeN29mr.js           [39m[1m[2m    5.32 kB[22m[1m[22m[2m Ôöé gzip:   1.69 kB[22m
Build	Build application	2026-01-12T01:52:50.9078480Z [2mdist/[22m[2massets/[22m[36mconfirm-dialog-BChctyc-.js            [39m[1m[2m    5.52 kB[22m[1m[22m[2m Ôöé gzip:   2.11 kB[22m
Build	Build application	2026-01-12T01:52:50.9079453Z [2mdist/[22m[2massets/[22m[36mcharts-vendor-DqXCCihF.js             [39m[1m[2m    5.92 kB[22m[1m[22m[2m Ôöé gzip:   2.11 kB[22m
Build	Build application	2026-01-12T01:52:50.9080431Z [2mdist/[22m[2massets/[22m[36msupabase-vendor-CPCrDwR1.js           [39m[1m[2m    6.23 kB[22m[1m[22m[2m Ôöé gzip:   2.43 kB[22m
Build	Build application	2026-01-12T01:52:50.9081716Z [2mdist/[22m[2massets/[22m[36mNewIncomePage-bvdJS3d0.js             [39m[1m[2m    6.94 kB[22m[1m[22m[2m Ôöé gzip:   2.41 kB[22m
Build	Build application	2026-01-12T01:52:50.9082785Z [2mdist/[22m[2massets/[22m[36mEditTransactionModal-YIqblC9g.js      [39m[1m[2m    8.36 kB[22m[1m[22m[2m Ôöé gzip:   2.52 kB[22m
Build	Build application	2026-01-12T01:52:50.9083965Z [2mdist/[22m[2massets/[22m[36mProfilePage-C1RQDX6z.js               [39m[1m[2m    8.39 kB[22m[1m[22m[2m Ôöé gzip:   2.89 kB[22m
Build	Build application	2026-01-12T01:52:50.9084957Z [2mdist/[22m[2massets/[22m[36mEditCardPage-doBtJvG_.js              [39m[1m[2m    9.16 kB[22m[1m[22m[2m Ôöé gzip:   3.06 kB[22m
Build	Build application	2026-01-12T01:52:50.9085932Z [2mdist/[22m[2massets/[22m[36mCategoriesPage-ovO_eYKY.js            [39m[1m[2m    9.19 kB[22m[1m[22m[2m Ôöé gzip:   3.03 kB[22m
Build	Build application	2026-01-12T01:52:50.9086925Z [2mdist/[22m[2massets/[22m[36mEditTransactionPage-DkMqOPXW.js       [39m[1m[2m    9.79 kB[22m[1m[22m[2m Ôöé gzip:   3.08 kB[22m
Build	Build application	2026-01-12T01:52:50.9087948Z [2mdist/[22m[2massets/[22m[36mSubscriptionsPage-BfZwUKw8.js         [39m[1m[2m   10.08 kB[22m[1m[22m[2m Ôöé gzip:   3.30 kB[22m
Build	Build application	2026-01-12T01:52:50.9088951Z [2mdist/[22m[2massets/[22m[36mAllTransactionsPage-DBv_L_xb.js       [39m[1m[2m   10.57 kB[22m[1m[22m[2m Ôöé gzip:   3.48 kB[22m
Build	Build application	2026-01-12T01:52:50.9089942Z [2mdist/[22m[2massets/[22m[36mTransferPage-BYF2eVap.js              [39m[1m[2m   10.72 kB[22m[1m[22m[2m Ôöé gzip:   2.92 kB[22m
Build	Build application	2026-01-12T01:52:50.9090928Z [2mdist/[22m[2massets/[22m[36mEditAccountPage-Brt4diGY.js           [39m[1m[2m   10.73 kB[22m[1m[22m[2m Ôöé gzip:   3.22 kB[22m
Build	Build application	2026-01-12T01:52:50.9092038Z [2mdist/[22m[2massets/[22m[36mWalletPage-3KKHq5F0.js                [39m[1m[2m   10.99 kB[22m[1m[22m[2m Ôöé gzip:   2.74 kB[22m
Build	Build application	2026-01-12T01:52:50.9093014Z [2mdist/[22m[2massets/[22m[36mNewExpensePage-C8HoUWnV.js            [39m[1m[2m   11.49 kB[22m[1m[22m[2m Ôöé gzip:   3.58 kB[22m
Build	Build application	2026-01-12T01:52:50.9094006Z [2mdist/[22m[2massets/[22m[36mHouseholdPage-BA7xaOcG.js             [39m[1m[2m   11.73 kB[22m[1m[22m[2m Ôöé gzip:   3.23 kB[22m
Build	Build application	2026-01-12T01:52:50.9094968Z [2mdist/[22m[2massets/[22m[36mNewCardPage-Bp7jFKd_.js               [39m[1m[2m   11.83 kB[22m[1m[22m[2m Ôöé gzip:   3.36 kB[22m
Build	Build application	2026-01-12T01:52:50.9095521Z [33m
Build	Build application	2026-01-12T01:52:50.9095896Z (!) Some chunks are larger than 1000 kB after minification. Consider:
Build	Build application	2026-01-12T01:52:50.9096366Z - Using dynamic import() to code-split the application
Build	Build application	2026-01-12T01:52:50.9097152Z - Use build.rollupOptions.output.manualChunks to improve chunking: https://rollupjs.org/configuration-options/#output-manualchunks
Build	Build application	2026-01-12T01:52:50.9098031Z - Adjust chunk size limit for this warning via build.chunkSizeWarningLimit.[39m
Build	Build application	2026-01-12T01:52:50.9098920Z [2mdist/[22m[2massets/[22m[36mAccountDetailPage-B3gCZ_y9.js         [39m[1m[2m   12.15 kB[22m[1m[22m[2m Ôöé gzip:   3.29 kB[22m
Build	Build application	2026-01-12T01:52:50.9100082Z [2mdist/[22m[2massets/[22m[36mNewTransactionPage-CeK6VZZI.js        [39m[1m[2m   12.71 kB[22m[1m[22m[2m Ôöé gzip:   3.84 kB[22m
Build	Build application	2026-01-12T01:52:50.9101080Z [2mdist/[22m[2massets/[22m[36mNewAccountPage-DAndFRhr.js            [39m[1m[2m   14.27 kB[22m[1m[22m[2m Ôöé gzip:   3.83 kB[22m
Build	Build application	2026-01-12T01:52:50.9102199Z [2mdist/[22m[2massets/[22m[36mCardDetailPage-CMeb7Xer.js            [39m[1m[2m   16.66 kB[22m[1m[22m[2m Ôöé gzip:   4.53 kB[22m
Build	Build application	2026-01-12T01:52:50.9103186Z [2mdist/[22m[2massets/[22m[36mAnalysisPage-0Bwo5xrc.js              [39m[1m[2m   19.86 kB[22m[1m[22m[2m Ôöé gzip:   5.30 kB[22m
Build	Build application	2026-01-12T01:52:50.9104135Z [2mdist/[22m[2massets/[22m[36mHomePage-aSNgY0j0.js                  [39m[1m[2m   27.35 kB[22m[1m[22m[2m Ôöé gzip:   7.82 kB[22m
Build	Build application	2026-01-12T01:52:50.9105078Z [2mdist/[22m[2massets/[22m[36mdate-vendor-BjZh_twR.js               [39m[1m[2m   27.35 kB[22m[1m[22m[2m Ôöé gzip:   7.36 kB[22m
Build	Build application	2026-01-12T01:52:50.9106066Z [2mdist/[22m[2massets/[22m[36mvalidation-vendor-TwANsVqV.js         [39m[1m[2m   53.41 kB[22m[1m[22m[2m Ôöé gzip:  12.05 kB[22m
Build	Build application	2026-01-12T01:52:50.9107030Z [2mdist/[22m[2massets/[22m[36mindex-wIcdzqU9.js                     [39m[1m[2m   76.28 kB[22m[1m[22m[2m Ôöé gzip:  21.60 kB[22m
Build	Build application	2026-01-12T01:52:50.9107955Z [2mdist/[22m[2massets/[22m[36mvendor-CXXCBjES.js                    [39m[1m[2m  444.88 kB[22m[1m[22m[2m Ôöé gzip: 130.22 kB[22m
Build	Build application	2026-01-12T01:52:50.9109038Z [2mdist/[22m[2massets/[22m[36mreact-vendor-CQzaaoFo.js              [39m[1m[33m1,157.11 kB[39m[22m[2m Ôöé gzip: 313.22 kB[22m
Build	Build application	2026-01-12T01:52:50.9109636Z [32mÔ£ô built in 23.48s[39m
Build	Upload build artifact	´╗┐2026-01-12T01:52:51.0878511Z ##[group]Run actions/upload-artifact@v4
Build	Upload build artifact	2026-01-12T01:52:51.0878819Z with:
Build	Upload build artifact	2026-01-12T01:52:51.0878999Z   name: build
Build	Upload build artifact	2026-01-12T01:52:51.0879182Z   path: dist/
Build	Upload build artifact	2026-01-12T01:52:51.0879366Z   retention-days: 7
Build	Upload build artifact	2026-01-12T01:52:51.0879565Z   if-no-files-found: warn
Build	Upload build artifact	2026-01-12T01:52:51.0879787Z   compression-level: 6
Build	Upload build artifact	2026-01-12T01:52:51.0879991Z   overwrite: false
Build	Upload build artifact	2026-01-12T01:52:51.0880192Z   include-hidden-files: false
Build	Upload build artifact	2026-01-12T01:52:51.0880417Z env:
Build	Upload build artifact	2026-01-12T01:52:51.0880642Z   PNPM_HOME: /home/runner/setup-pnpm/node_modules/.bin
Build	Upload build artifact	2026-01-12T01:52:51.0880938Z ##[endgroup]
Build	Upload build artifact	2026-01-12T01:52:51.3131444Z With the provided path, there will be 60 files uploaded
Build	Upload build artifact	2026-01-12T01:52:51.3136622Z Artifact name is valid!
Build	Upload build artifact	2026-01-12T01:52:51.3137607Z Root directory input is valid!
Build	Upload build artifact	2026-01-12T01:52:51.4315435Z Beginning upload of artifact content to blob storage
Build	Upload build artifact	2026-01-12T01:52:51.8856484Z Uploaded bytes 920381
Build	Upload build artifact	2026-01-12T01:52:51.9222157Z Finished uploading artifact content to blob storage!
Build	Upload build artifact	2026-01-12T01:52:51.9225395Z SHA256 digest of uploaded artifact zip is 6d4d1cd9418dfd76b52fa7b8b06559f4cc86b5fdfe58284ce46110c9724444a8
Build	Upload build artifact	2026-01-12T01:52:51.9226735Z Finalizing artifact upload
Build	Upload build artifact	2026-01-12T01:52:52.0229686Z Artifact build.zip successfully finalized. Artifact ID 5092819712
Build	Upload build artifact	2026-01-12T01:52:52.0231676Z Artifact build has been successfully uploaded! Final size is 920381 bytes. Artifact ID is 5092819712
Build	Upload build artifact	2026-01-12T01:52:52.0237881Z Artifact download URL: https://github.com/aissantos/finansix-web/actions/runs/20905708065/artifacts/5092819712
Build	Post Setup Node.js	´╗┐2026-01-12T01:52:52.0367237Z Post job cleanup.
Build	Post Setup Node.js	2026-01-12T01:52:52.1867176Z Cache hit occurred on the primary key node-cache-Linux-x64-pnpm-7301bbbaaf00f964542bd8e294dc6b2a959aacd4a12931592a972d10f3ff6d4d, not saving cache.
Build	Post Setup pnpm	´╗┐2026-01-12T01:52:52.1951509Z Post job cleanup.
Build	Post Setup pnpm	2026-01-12T01:52:52.2787351Z Pruning is unnecessary.
Build	Post Checkout	´╗┐2026-01-12T01:52:52.2898906Z Post job cleanup.
Build	Post Checkout	2026-01-12T01:52:52.3842585Z [command]/usr/bin/git version
Build	Post Checkout	2026-01-12T01:52:52.3882586Z git version 2.52.0
Build	Post Checkout	2026-01-12T01:52:52.3927941Z Temporarily overriding HOME='/home/runner/work/_temp/8759def8-e98f-46dc-bb8f-6c358829d732' before making global git config changes
Build	Post Checkout	2026-01-12T01:52:52.3929521Z Adding repository directory to the temporary git global config as a safe directory
Build	Post Checkout	2026-01-12T01:52:52.3940564Z [command]/usr/bin/git config --global --add safe.directory /home/runner/work/finansix-web/finansix-web
Build	Post Checkout	2026-01-12T01:52:52.3976895Z [command]/usr/bin/git config --local --name-only --get-regexp core\.sshCommand
Build	Post Checkout	2026-01-12T01:52:52.4012444Z [command]/usr/bin/git submodule foreach --recursive sh -c "git config --local --name-only --get-regexp 'core\.sshCommand' && git config --local --unset-all 'core.sshCommand' || :"
Build	Post Checkout	2026-01-12T01:52:52.4254466Z [command]/usr/bin/git config --local --name-only --get-regexp http\.https\:\/\/github\.com\/\.extraheader
Build	Post Checkout	2026-01-12T01:52:52.4277388Z http.https://github.com/.extraheader
Build	Post Checkout	2026-01-12T01:52:52.4288485Z [command]/usr/bin/git config --local --unset-all http.https://github.com/.extraheader
Build	Post Checkout	2026-01-12T01:52:52.4321800Z [command]/usr/bin/git submodule foreach --recursive sh -c "git config --local --name-only --get-regexp 'http\.https\:\/\/github\.com\/\.extraheader' && git config --local --unset-all 'http.https://github.com/.extraheader' || :"
Build	Post Checkout	2026-01-12T01:52:52.4538903Z [command]/usr/bin/git config --local --name-only --get-regexp ^includeIf\.gitdir:
Build	Post Checkout	2026-01-12T01:52:52.4569005Z [command]/usr/bin/git submodule foreach --recursive git config --local --show-origin --name-only --get-regexp remote.origin.url
Build	Complete job	´╗┐2026-01-12T01:52:52.4887122Z Cleaning up orphan processes
